Archive member included to satisfy reference by file (symbol)

c:/st/stm32cubeide_1.5.1/stm32cubeide/plugins/com.st.stm32cube.ide.mcu.externaltools.gnu-tools-for-stm32.7-2018-q2-update.win32_1.5.0.202011040924/tools/bin/../lib/gcc/arm-none-eabi/7.3.1/../../../../arm-none-eabi/lib/thumb/v6-m\libc_nano.a(lib_a-errno.o)
                              Core/Src/syscalls.o (__errno)
c:/st/stm32cubeide_1.5.1/stm32cubeide/plugins/com.st.stm32cube.ide.mcu.externaltools.gnu-tools-for-stm32.7-2018-q2-update.win32_1.5.0.202011040924/tools/bin/../lib/gcc/arm-none-eabi/7.3.1/../../../../arm-none-eabi/lib/thumb/v6-m\libc_nano.a(lib_a-exit.o)
                              c:/st/stm32cubeide_1.5.1/stm32cubeide/plugins/com.st.stm32cube.ide.mcu.externaltools.gnu-tools-for-stm32.7-2018-q2-update.win32_1.5.0.202011040924/tools/bin/../lib/gcc/arm-none-eabi/7.3.1/../../../../arm-none-eabi/lib/thumb/v6-m/crt0.o (exit)
c:/st/stm32cubeide_1.5.1/stm32cubeide/plugins/com.st.stm32cube.ide.mcu.externaltools.gnu-tools-for-stm32.7-2018-q2-update.win32_1.5.0.202011040924/tools/bin/../lib/gcc/arm-none-eabi/7.3.1/../../../../arm-none-eabi/lib/thumb/v6-m\libc_nano.a(lib_a-impure.o)
                              c:/st/stm32cubeide_1.5.1/stm32cubeide/plugins/com.st.stm32cube.ide.mcu.externaltools.gnu-tools-for-stm32.7-2018-q2-update.win32_1.5.0.202011040924/tools/bin/../lib/gcc/arm-none-eabi/7.3.1/../../../../arm-none-eabi/lib/thumb/v6-m\libc_nano.a(lib_a-exit.o) (_global_impure_ptr)
c:/st/stm32cubeide_1.5.1/stm32cubeide/plugins/com.st.stm32cube.ide.mcu.externaltools.gnu-tools-for-stm32.7-2018-q2-update.win32_1.5.0.202011040924/tools/bin/../lib/gcc/arm-none-eabi/7.3.1/../../../../arm-none-eabi/lib/thumb/v6-m\libc_nano.a(lib_a-init.o)
                              c:/st/stm32cubeide_1.5.1/stm32cubeide/plugins/com.st.stm32cube.ide.mcu.externaltools.gnu-tools-for-stm32.7-2018-q2-update.win32_1.5.0.202011040924/tools/bin/../lib/gcc/arm-none-eabi/7.3.1/../../../../arm-none-eabi/lib/thumb/v6-m/crt0.o (__libc_init_array)
c:/st/stm32cubeide_1.5.1/stm32cubeide/plugins/com.st.stm32cube.ide.mcu.externaltools.gnu-tools-for-stm32.7-2018-q2-update.win32_1.5.0.202011040924/tools/bin/../lib/gcc/arm-none-eabi/7.3.1/../../../../arm-none-eabi/lib/thumb/v6-m\libc_nano.a(lib_a-memcpy-stub.o)
                              Core/Src/lmic.o (memcpy)
c:/st/stm32cubeide_1.5.1/stm32cubeide/plugins/com.st.stm32cube.ide.mcu.externaltools.gnu-tools-for-stm32.7-2018-q2-update.win32_1.5.0.202011040924/tools/bin/../lib/gcc/arm-none-eabi/7.3.1/../../../../arm-none-eabi/lib/thumb/v6-m\libc_nano.a(lib_a-memset.o)
                              c:/st/stm32cubeide_1.5.1/stm32cubeide/plugins/com.st.stm32cube.ide.mcu.externaltools.gnu-tools-for-stm32.7-2018-q2-update.win32_1.5.0.202011040924/tools/bin/../lib/gcc/arm-none-eabi/7.3.1/../../../../arm-none-eabi/lib/thumb/v6-m/crt0.o (memset)
c:/st/stm32cubeide_1.5.1/stm32cubeide/plugins/com.st.stm32cube.ide.mcu.externaltools.gnu-tools-for-stm32.7-2018-q2-update.win32_1.5.0.202011040924/tools/bin/../lib/gcc/arm-none-eabi/7.3.1/thumb/v6-m\libgcc.a(_udivsi3.o)
                              Core/Src/debug.o (__aeabi_uidiv)
c:/st/stm32cubeide_1.5.1/stm32cubeide/plugins/com.st.stm32cube.ide.mcu.externaltools.gnu-tools-for-stm32.7-2018-q2-update.win32_1.5.0.202011040924/tools/bin/../lib/gcc/arm-none-eabi/7.3.1/thumb/v6-m\libgcc.a(_divsi3.o)
                              Core/Src/lmic.o (__aeabi_idiv)
c:/st/stm32cubeide_1.5.1/stm32cubeide/plugins/com.st.stm32cube.ide.mcu.externaltools.gnu-tools-for-stm32.7-2018-q2-update.win32_1.5.0.202011040924/tools/bin/../lib/gcc/arm-none-eabi/7.3.1/thumb/v6-m\libgcc.a(_dvmd_tls.o)
                              c:/st/stm32cubeide_1.5.1/stm32cubeide/plugins/com.st.stm32cube.ide.mcu.externaltools.gnu-tools-for-stm32.7-2018-q2-update.win32_1.5.0.202011040924/tools/bin/../lib/gcc/arm-none-eabi/7.3.1/thumb/v6-m\libgcc.a(_udivsi3.o) (__aeabi_idiv0)
c:/st/stm32cubeide_1.5.1/stm32cubeide/plugins/com.st.stm32cube.ide.mcu.externaltools.gnu-tools-for-stm32.7-2018-q2-update.win32_1.5.0.202011040924/tools/bin/../lib/gcc/arm-none-eabi/7.3.1/thumb/v6-m\libgcc.a(_aeabi_ldivmod.o)
                              Core/Src/lmic.o (__aeabi_ldivmod)
c:/st/stm32cubeide_1.5.1/stm32cubeide/plugins/com.st.stm32cube.ide.mcu.externaltools.gnu-tools-for-stm32.7-2018-q2-update.win32_1.5.0.202011040924/tools/bin/../lib/gcc/arm-none-eabi/7.3.1/thumb/v6-m\libgcc.a(_aeabi_uldivmod.o)
                              Core/Src/radio.o (__aeabi_uldivmod)
c:/st/stm32cubeide_1.5.1/stm32cubeide/plugins/com.st.stm32cube.ide.mcu.externaltools.gnu-tools-for-stm32.7-2018-q2-update.win32_1.5.0.202011040924/tools/bin/../lib/gcc/arm-none-eabi/7.3.1/thumb/v6-m\libgcc.a(_muldi3.o)
                              Core/Src/lmic.o (__aeabi_lmul)
c:/st/stm32cubeide_1.5.1/stm32cubeide/plugins/com.st.stm32cube.ide.mcu.externaltools.gnu-tools-for-stm32.7-2018-q2-update.win32_1.5.0.202011040924/tools/bin/../lib/gcc/arm-none-eabi/7.3.1/thumb/v6-m\libgcc.a(_udivmoddi4.o)
[...]
Memory Configuration

Name             Origin             Length             Attributes
RAM              0x0000000020000000 0x0000000000005000 xrw
FLASH            0x0000000008000000 0x0000000000030000 xr
*default*        0x0000000000000000 0xffffffffffffffff

Linker script and memory map

LOAD c:/st/stm32cubeide_1.5.1/stm32cubeide/plugins/com.st.stm32cube.ide.mcu.externaltools.gnu-tools-for-stm32.7-2018-q2-update.win32_1.5.0.202011040924/tools/bin/../lib/gcc/arm-none-eabi/7.3.1/thumb/v6-m/crti.o
LOAD c:/st/stm32cubeide_1.5.1/stm32cubeide/plugins/com.st.stm32cube.ide.mcu.externaltools.gnu-tools-for-stm32.7-2018-q2-update.win32_1.5.0.202011040924/tools/bin/../lib/gcc/arm-none-eabi/7.3.1/thumb/v6-m/crtbegin.o
LOAD c:/st/stm32cubeide_1.5.1/stm32cubeide/plugins/com.st.stm32cube.ide.mcu.externaltools.gnu-tools-for-stm32.7-2018-q2-update.win32_1.5.0.202011040924/tools/bin/../lib/gcc/arm-none-eabi/7.3.1/../../../../arm-none-eabi/lib/thumb/v6-m/crt0.o
LOAD Core/Src/aes.o
LOAD Core/Src/debug.o
LOAD Core/Src/hal.o
LOAD Core/Src/lmic.o
LOAD Core/Src/main.o
LOAD Core/Src/oslmic.o
LOAD Core/Src/radio.o
LOAD Core/Src/stm32l0xx_hal_msp.o
LOAD Core/Src/stm32l0xx_it.o
LOAD Core/Src/syscalls.o
LOAD Core/Src/sysmem.o
LOAD Core/Src/system_stm32l0xx.o
LOAD Core/Startup/startup_stm32l073rztx.o
LOAD Drivers/STM32L0xx_HAL_Driver/Src/stm32l0xx_hal.o
LOAD Drivers/STM32L0xx_HAL_Driver/Src/stm32l0xx_hal_cortex.o
LOAD Drivers/STM32L0xx_HAL_Driver/Src/stm32l0xx_hal_dma.o
LOAD Drivers/STM32L0xx_HAL_Driver/Src/stm32l0xx_hal_exti.o
LOAD Drivers/STM32L0xx_HAL_Driver/Src/stm32l0xx_hal_flash.o
LOAD Drivers/STM32L0xx_HAL_Driver/Src/stm32l0xx_hal_flash_ex.o
LOAD Drivers/STM32L0xx_HAL_Driver/Src/stm32l0xx_hal_flash_ramfunc.o
LOAD Drivers/STM32L0xx_HAL_Driver/Src/stm32l0xx_hal_gpio.o
LOAD Drivers/STM32L0xx_HAL_Driver/Src/stm32l0xx_hal_i2c.o
LOAD Drivers/STM32L0xx_HAL_Driver/Src/stm32l0xx_hal_i2c_ex.o
LOAD Drivers/STM32L0xx_HAL_Driver/Src/stm32l0xx_hal_pwr.o
LOAD Drivers/STM32L0xx_HAL_Driver/Src/stm32l0xx_hal_pwr_ex.o
LOAD Drivers/STM32L0xx_HAL_Driver/Src/stm32l0xx_hal_rcc.o
LOAD Drivers/STM32L0xx_HAL_Driver/Src/stm32l0xx_hal_rcc_ex.o
LOAD Drivers/STM32L0xx_HAL_Driver/Src/stm32l0xx_hal_spi.o
LOAD Drivers/STM32L0xx_HAL_Driver/Src/stm32l0xx_hal_tim.o
LOAD Drivers/STM32L0xx_HAL_Driver/Src/stm32l0xx_hal_tim_ex.o
LOAD Drivers/STM32L0xx_HAL_Driver/Src/stm32l0xx_hal_uart.o
LOAD Drivers/STM32L0xx_HAL_Driver/Src/stm32l0xx_hal_uart_ex.o
START GROUP
LOAD c:/st/stm32cubeide_1.5.1/stm32cubeide/plugins/com.st.stm32cube.ide.mcu.externaltools.gnu-tools-for-stm32.7-2018-q2-update.win32_1.5.0.202011040924/tools/bin/../lib/gcc/arm-none-eabi/7.3.1/../../../../arm-none-eabi/lib/thumb/v6-m\libc_nano.a
LOAD c:/st/stm32cubeide_1.5.1/stm32cubeide/plugins/com.st.stm32cube.ide.mcu.externaltools.gnu-tools-for-stm32.7-2018-q2-update.win32_1.5.0.202011040924/tools/bin/../lib/gcc/arm-none-eabi/7.3.1/../../../../arm-none-eabi/lib/thumb/v6-m\libm.a
END GROUP
START GROUP
LOAD c:/st/stm32cubeide_1.5.1/stm32cubeide/plugins/com.st.stm32cube.ide.mcu.externaltools.gnu-tools-for-stm32.7-2018-q2-update.win32_1.5.0.202011040924/tools/bin/../lib/gcc/arm-none-eabi/7.3.1/thumb/v6-m\libgcc.a
LOAD c:/st/stm32cubeide_1.5.1/stm32cubeide/plugins/com.st.stm32cube.ide.mcu.externaltools.gnu-tools-for-stm32.7-2018-q2-update.win32_1.5.0.202011040924/tools/bin/../lib/gcc/arm-none-eabi/7.3.1/../../../../arm-none-eabi/lib/thumb/v6-m\libc_nano.a
END GROUP
START GROUP
LOAD c:/st/stm32cubeide_1.5.1/stm32cubeide/plugins/com.st.stm32cube.ide.mcu.externaltools.gnu-tools-for-stm32.7-2018-q2-update.win32_1.5.0.202011040924/tools/bin/../lib/gcc/arm-none-eabi/7.3.1/thumb/v6-m\libgcc.a
LOAD c:/st/stm32cubeide_1.5.1/stm32cubeide/plugins/com.st.stm32cube.ide.mcu.externaltools.gnu-tools-for-stm32.7-2018-q2-update.win32_1.5.0.202011040924/tools/bin/../lib/gcc/arm-none-eabi/7.3.1/../../../../arm-none-eabi/lib/thumb/v6-m\libc_nano.a
LOAD c:/st/stm32cubeide_1.5.1/stm32cubeide/plugins/com.st.stm32cube.ide.mcu.externaltools.gnu-tools-for-stm32.7-2018-q2-update.win32_1.5.0.202011040924/tools/bin/../lib/gcc/arm-none-eabi/7.3.1/../../../../arm-none-eabi/lib/thumb/v6-m\libnosys.a
END GROUP
START GROUP
LOAD c:/st/stm32cubeide_1.5.1/stm32cubeide/plugins/com.st.stm32cube.ide.mcu.externaltools.gnu-tools-for-stm32.7-2018-q2-update.win32_1.5.0.202011040924/tools/bin/../lib/gcc/arm-none-eabi/7.3.1/thumb/v6-m\libgcc.a
LOAD c:/st/stm32cubeide_1.5.1/stm32cubeide/plugins/com.st.stm32cube.ide.mcu.externaltools.gnu-tools-for-stm32.7-2018-q2-update.win32_1.5.0.202011040924/tools/bin/../lib/gcc/arm-none-eabi/7.3.1/../../../../arm-none-eabi/lib/thumb/v6-m\libc_nano.a
LOAD c:/st/stm32cubeide_1.5.1/stm32cubeide/plugins/com.st.stm32cube.ide.mcu.externaltools.gnu-tools-for-stm32.7-2018-q2-update.win32_1.5.0.202011040924/tools/bin/../lib/gcc/arm-none-eabi/7.3.1/../../../../arm-none-eabi/lib/thumb/v6-m\libnosys.a
END GROUP
LOAD c:/st/stm32cubeide_1.5.1/stm32cubeide/plugins/com.st.stm32cube.ide.mcu.externaltools.gnu-tools-for-stm32.7-2018-q2-update.win32_1.5.0.202011040924/tools/bin/../lib/gcc/arm-none-eabi/7.3.1/thumb/v6-m/crtend.o
LOAD c:/st/stm32cubeide_1.5.1/stm32cubeide/plugins/com.st.stm32cube.ide.mcu.externaltools.gnu-tools-for-stm32.7-2018-q2-update.win32_1.5.0.202011040924/tools/bin/../lib/gcc/arm-none-eabi/7.3.1/thumb/v6-m/crtn.o
                0x0000000020005000                _estack = (ORIGIN (RAM) + LENGTH (RAM))
                0x0000000000000200                _Min_Heap_Size = 0x200
                0x0000000000000400                _Min_Stack_Size = 0x400

.isr_vector     0x0000000008000000       0xc0
                0x0000000008000000                . = ALIGN (0x4)
 *(.isr_vector)
 .isr_vector    0x0000000008000000       0xc0 Core/Startup/startup_stm32l073rztx.o
                0x0000000008000000                g_pfnVectors
                0x00000000080000c0                . = ALIGN (0x4)

.text           0x00000000080000c0     0xb544
                0x00000000080000c0                . = ALIGN (0x4)
 *(.text)
 .text          0x00000000080000c0       0x48 c:/st/stm32cubeide_1.5.1/stm32cubeide/plugins/com.st.stm32cube.ide.mcu.externaltools.gnu-tools-for-stm32.7-2018-q2-update.win32_1.5.0.202011040924/tools/bin/../lib/gcc/arm-none-eabi/7.3.1/thumb/v6-m/crtbegin.o
 .text          0x0000000008000108      0x114 c:/st/stm32cubeide_1.5.1/stm32cubeide/plugins/com.st.stm32cube.ide.mcu.externaltools.gnu-tools-for-stm32.7-2018-q2-update.win32_1.5.0.202011040924/tools/bin/../lib/gcc/arm-none-eabi/7.3.1/thumb/v6-m\libgcc.a(_udivsi3.o)
                0x0000000008000108                __aeabi_uidiv
                0x0000000008000108                __udivsi3
                0x0000000008000214                __aeabi_uidivmod
 .text          0x000000000800021c      0x1d4 c:/st/stm32cubeide_1.5.1/stm32cubeide/plugins/com.st.stm32cube.ide.mcu.externaltools.gnu-tools-for-stm32.7-2018-q2-update.win32_1.5.0.202011040924/tools/bin/../lib/gcc/arm-none-eabi/7.3.1/thumb/v6-m\libgcc.a(_divsi3.o)
                0x000000000800021c                __divsi3
                0x000000000800021c                __aeabi_idiv
                0x00000000080003e8                __aeabi_idivmod
 .text          0x00000000080003f0        0x4 c:/st/stm32cubeide_1.5.1/stm32cubeide/plugins/com.st.stm32cube.ide.mcu.externaltools.gnu-tools-for-stm32.7-2018-q2-update.win32_1.5.0.202011040924/tools/bin/../lib/gcc/arm-none-eabi/7.3.1/thumb/v6-m\libgcc.a(_dvmd_tls.o)
                0x00000000080003f0                __aeabi_idiv0
                0x00000000080003f0                __aeabi_ldiv0
 .text          0x00000000080003f4       0x48 c:/st/stm32cubeide_1.5.1/stm32cubeide/plugins/com.st.stm32cube.ide.mcu.externaltools.gnu-tools-for-stm32.7-2018-q2-update.win32_1.5.0.202011040924/tools/bin/../lib/gcc/arm-none-eabi/7.3.1/thumb/v6-m\libgcc.a(_aeabi_ldivmod.o)
                0x00000000080003f4                __aeabi_ldivmod
 .text          0x000000000800043c       0x40 c:/st/stm32cubeide_1.5.1/stm32cubeide/plugins/com.st.stm32cube.ide.mcu.externaltools.gnu-tools-for-stm32.7-2018-q2-update.win32_1.5.0.202011040924/tools/bin/../lib/gcc/arm-none-eabi/7.3.1/thumb/v6-m\libgcc.a(_aeabi_uldivmod.o)
                0x000000000800043c                __aeabi_uldivmod
 .text          0x000000000800047c       0x54 c:/st/stm32cubeide_1.5.1/stm32cubeide/plugins/com.st.stm32cube.ide.mcu.externaltools.gnu-tools-for-stm32.7-2018-q2-update.win32_1.5.0.202011040924/tools/bin/../lib/gcc/arm-none-eabi/7.3.1/thumb/v6-m\libgcc.a(_muldi3.o)
                0x000000000800047c                __muldi3
                0x000000000800047c                __aeabi_lmul
 .text          0x00000000080004d0      0x184 c:/st/stm32cubeide_1.5.1/stm32cubeide/plugins/com.st.stm32cube.ide.mcu.externaltools.gnu-tools-for-stm32.7-2018-q2-update.win32_1.5.0.202011040924/tools/bin/../lib/gcc/arm-none-eabi/7.3.1/thumb/v6-m\libgcc.a(_udivmoddi4.o)
                0x00000000080004d0                __udivmoddi4
 .text          0x0000000008000654       0x38 c:/st/stm32cubeide_1.5.1/stm32cubeide/plugins/com.st.stm32cube.ide.mcu.externaltools.gnu-tools-for-stm32.7-2018-q2-update.win32_1.5.0.202011040924/tools/bin/../lib/gcc/arm-none-eabi/7.3.1/thumb/v6-m\libgcc.a(bpabi.o)
                0x0000000008000654                __gnu_ldivmod_helper
 .text          0x000000000800068c       0x18 c:/st/stm32cubeide_1.5.1/stm32cubeide/plugins/com.st.stm32cube.ide.mcu.externaltools.gnu-tools-for-stm32.7-2018-q2-update.win32_1.5.0.202011040924/tools/bin/../lib/gcc/arm-none-eabi/7.3.1/thumb/v6-m\libgcc.a(_clzdi2.o)
                0x000000000800068c                __clzdi2
 .text          0x00000000080006a4      0x1b0 c:/st/stm32cubeide_1.5.1/stm32cubeide/plugins/com.st.stm32cube.ide.mcu.externaltools.gnu-tools-for-stm32.7-2018-q2-update.win32_1.5.0.202011040924/tools/bin/../lib/gcc/arm-none-eabi/7.3.1/thumb/v6-m\libgcc.a(_divdi3.o)
                0x00000000080006a4                __divdi3
 .text          0x0000000008000854       0x3c c:/st/stm32cubeide_1.5.1/stm32cubeide/plugins/com.st.stm32cube.ide.mcu.externaltools.gnu-tools-for-stm32.7-2018-q2-update.win32_1.5.0.202011040924/tools/bin/../lib/gcc/arm-none-eabi/7.3.1/thumb/v6-m\libgcc.a(_clzsi2.o)
                0x0000000008000854                __clzsi2
 *(.text*)
 .text.aesroundkeys
                0x0000000008000890       0xf8 Core/Src/aes.o
 .text.os_aes   0x0000000008000988      0x9d0 Core/Src/aes.o
                0x0000000008000988                os_aes
 .text.debug_init
                0x0000000008001358       0x1c Core/Src/debug.o
                0x0000000008001358                debug_init
 .text.debug_led
                0x0000000008001374       0x20 Core/Src/debug.o
                0x0000000008001374                debug_led
 .text.debug_char
                0x0000000008001394       0x3c Core/Src/debug.o
                0x0000000008001394                debug_char
 .text.debug_hex
                0x00000000080013d0       0x40 Core/Src/debug.o
                0x00000000080013d0                debug_hex
 .text.debug_uint
                0x0000000008001410       0x46 Core/Src/debug.o
                0x0000000008001410                debug_uint
 .text.debug_str
                0x0000000008001456       0x28 Core/Src/debug.o
                0x0000000008001456                debug_str
 .text.debug_val
                0x000000000800147e       0x2e Core/Src/debug.o
                0x000000000800147e                debug_val
 .text.debug_event
                0x00000000080014ac       0x3c Core/Src/debug.o
                0x00000000080014ac                debug_event
 .text.hal_io_init
                0x00000000080014e8        0xa Core/Src/hal.o
 .text.hal_pin_rxtx
                0x00000000080014f2       0x14 Core/Src/hal.o
                0x00000000080014f2                hal_pin_rxtx
 .text.hal_pin_nss
                0x0000000008001506       0x26 Core/Src/hal.o
                0x0000000008001506                hal_pin_nss
 .text.hal_pin_rst
                0x000000000800152c       0x78 Core/Src/hal.o
                0x000000000800152c                hal_pin_rst
 .text.HAL_GPIO_EXTI_Callback
                0x00000000080015a4       0x3e Core/Src/hal.o
                0x00000000080015a4                HAL_GPIO_EXTI_Callback
 .text.hal_spi_init
                0x00000000080015e2        0xa Core/Src/hal.o
                0x00000000080015e2                hal_spi_init
 .text.hal_spi  0x00000000080015ec       0x54 Core/Src/hal.o
                0x00000000080015ec                hal_spi
 .text.hal_time_init
                0x0000000008001640        0xa Core/Src/hal.o
 *fill*         0x000000000800164a        0x2 
 .text.hal_ticks
                0x000000000800164c       0x64 Core/Src/hal.o
                0x000000000800164c                hal_ticks
 .text.deltaticks
                0x00000000080016b0       0x3c Core/Src/hal.o
 .text.hal_waitUntil
                0x00000000080016ec       0x1e Core/Src/hal.o
                0x00000000080016ec                hal_waitUntil
 *fill*         0x000000000800170a        0x2 
 .text.hal_checkTimer
                0x000000000800170c       0x88 Core/Src/hal.o
                0x000000000800170c                hal_checkTimer
 .text.HAL_TIM_PeriodElapsedCallback
                0x0000000008001794       0x30 Core/Src/hal.o
                0x0000000008001794                HAL_TIM_PeriodElapsedCallback
 .text.hal_disableIRQs
                0x00000000080017c4       0x1c Core/Src/hal.o
                0x00000000080017c4                hal_disableIRQs
 .text.hal_enableIRQs
                0x00000000080017e0       0x24 Core/Src/hal.o
                0x00000000080017e0                hal_enableIRQs
 .text.hal_sleep
                0x0000000008001804        0xc Core/Src/hal.o
                0x0000000008001804                hal_sleep
 .text.hal_init
                0x0000000008001810       0x30 Core/Src/hal.o
                0x0000000008001810                hal_init
 .text.hal_failed
                0x0000000008001840        0xe Core/Src/hal.o
                0x0000000008001840                hal_failed
 .text.getSf    0x000000000800184e       0x20 Core/Src/lmic.o
                0x000000000800184e                getSf
 .text.getBw    0x000000000800186e       0x24 Core/Src/lmic.o
                0x000000000800186e                getBw
 .text.getCr    0x0000000008001892       0x24 Core/Src/lmic.o
                0x0000000008001892                getCr
 .text.setCr    0x00000000080018b6       0x34 Core/Src/lmic.o
                0x00000000080018b6                setCr
 .text.getNocrc
                0x00000000080018ea       0x22 Core/Src/lmic.o
                0x00000000080018ea                getNocrc
 .text.setNocrc
                0x000000000800190c       0x2e Core/Src/lmic.o
                0x000000000800190c                setNocrc
 .text.getIh    0x000000000800193a       0x22 Core/Src/lmic.o
                0x000000000800193a                getIh
 .text.setIh    0x000000000800195c       0x2e Core/Src/lmic.o
                0x000000000800195c                setIh
 *fill*         0x000000000800198a        0x2 
 .text.updr2rps
                0x000000000800198c       0x24 Core/Src/lmic.o
                0x000000000800198c                updr2rps
 .text.dndr2rps
                0x00000000080019b0       0x2a Core/Src/lmic.o
                0x00000000080019b0                dndr2rps
 *fill*         0x00000000080019da        0x2 
 .text.decDR    0x00000000080019dc       0x34 Core/Src/lmic.o
                0x00000000080019dc                decDR
 .text.validDR  0x0000000008001a10       0x2c Core/Src/lmic.o
                0x0000000008001a10                validDR
 .text.lowerDR  0x0000000008001a3c       0x3e Core/Src/lmic.o
                0x0000000008001a3c                lowerDR
 .text.os_rlsbf2
                0x0000000008001a7a       0x26 Core/Src/lmic.o
                0x0000000008001a7a                os_rlsbf2
 .text.os_rlsbf4
                0x0000000008001aa0       0x36 Core/Src/lmic.o
                0x0000000008001aa0                os_rlsbf4
 .text.os_rmsbf4
                0x0000000008001ad6       0x36 Core/Src/lmic.o
                0x0000000008001ad6                os_rmsbf4
 .text.os_wlsbf2
                0x0000000008001b0c       0x30 Core/Src/lmic.o
                0x0000000008001b0c                os_wlsbf2
 .text.os_wlsbf4
                0x0000000008001b3c       0x3e Core/Src/lmic.o
                0x0000000008001b3c                os_wlsbf4
 .text.os_wmsbf4
                0x0000000008001b7a       0x3e Core/Src/lmic.o
                0x0000000008001b7a                os_wmsbf4
 .text.os_getBattLevel
                0x0000000008001bb8        0xc Core/Src/lmic.o
                0x0000000008001bb8                os_getBattLevel
 .text.os_crc16
                0x0000000008001bc4       0xb0 Core/Src/lmic.o
                0x0000000008001bc4                os_crc16
 .text.micB0    0x0000000008001c74       0x68 Core/Src/lmic.o
 .text.aes_verifyMic
                0x0000000008001cdc       0x58 Core/Src/lmic.o
 .text.aes_appendMic
                0x0000000008001d34       0x50 Core/Src/lmic.o
 .text.aes_appendMic0
                0x0000000008001d84       0x3c Core/Src/lmic.o
 .text.aes_verifyMic0
                0x0000000008001dc0       0x44 Core/Src/lmic.o
 .text.aes_encrypt
                0x0000000008001e04       0x2c Core/Src/lmic.o
 .text.aes_cipher
                0x0000000008001e30       0x8c Core/Src/lmic.o
 .text.aes_sessKeys
                0x0000000008001ebc       0x8c Core/Src/lmic.o
 .text.getSensitivity
                0x0000000008001f48       0x44 Core/Src/lmic.o
                0x0000000008001f48                getSensitivity
 .text.calcAirTime
                0x0000000008001f8c      0x18c Core/Src/lmic.o
                0x0000000008001f8c                calcAirTime
 .text.calcRxWindow
                0x0000000008002118       0xb4 Core/Src/lmic.o
 .text.calcBcnRxWindowFromMillis
                0x00000000080021cc       0xd8 Core/Src/lmic.o
 .text.rxschedInit
                0x00000000080022a4      0x114 Core/Src/lmic.o
 .text.rxschedNext
                0x00000000080023b8       0xbc Core/Src/lmic.o
 .text.rndDelay
                0x0000000008002474       0x8e Core/Src/lmic.o
 *fill*         0x0000000008002502        0x2 
 .text.txDelay  0x0000000008002504       0x60 Core/Src/lmic.o
 .text.setDrJoin
                0x0000000008002564       0x28 Core/Src/lmic.o
 .text.setDrTxpow
                0x000000000800258c       0x6c Core/Src/lmic.o
 .text.initDefaultChannels
                0x00000000080025f8      0x13c Core/Src/lmic.o
 .text.LMIC_setupChannel
                0x0000000008002734      0x10c Core/Src/lmic.o
                0x0000000008002734                LMIC_setupChannel
 .text.convFreq
                0x0000000008002840       0x44 Core/Src/lmic.o
 .text.mapChannels
                0x0000000008002884       0xb4 Core/Src/lmic.o
 .text.updateTx
                0x0000000008002938       0x98 Core/Src/lmic.o
 .text.nextTx   0x00000000080029d0      0x1b0 Core/Src/lmic.o
 .text.setBcnRxParams
                0x0000000008002b80       0x58 Core/Src/lmic.o
 .text.initJoinLoop
                0x0000000008002bd8       0x64 Core/Src/lmic.o
 .text.nextJoinState
                0x0000000008002c3c       0xe0 Core/Src/lmic.o
 .text.runEngineUpdate
                0x0000000008002d1c       0x14 Core/Src/lmic.o
 .text.reportEvent
                0x0000000008002d30       0x22 Core/Src/lmic.o
 .text.runReset
                0x0000000008002d52       0x1e Core/Src/lmic.o
 .text.stateJustJoined
                0x0000000008002d70       0xf8 Core/Src/lmic.o
 .text.decodeBeacon
                0x0000000008002e68      0x14c Core/Src/lmic.o
 .text.decodeFrame
                0x0000000008002fb4      0x714 Core/Src/lmic.o
 .text.setupRx2
                0x00000000080036c8       0x4c Core/Src/lmic.o
 .text.schedRx2
                0x0000000008003714       0x54 Core/Src/lmic.o
 .text.setupRx1
                0x0000000008003768       0x48 Core/Src/lmic.o
 .text.txDone   0x00000000080037b0       0xb0 Core/Src/lmic.o
 .text.onJoinFailed
                0x0000000008003860       0x16 Core/Src/lmic.o
 *fill*         0x0000000008003876        0x2 
 .text.processJoinAccept
                0x0000000008003878      0x2fc Core/Src/lmic.o
 .text.processRx2Jacc
                0x0000000008003b74       0x30 Core/Src/lmic.o
 .text.setupRx2Jacc
                0x0000000008003ba4       0x24 Core/Src/lmic.o
 .text.processRx1Jacc
                0x0000000008003bc8       0x3c Core/Src/lmic.o
 .text.setupRx1Jacc
                0x0000000008003c04       0x1c Core/Src/lmic.o
 .text.jreqDone
                0x0000000008003c20       0x24 Core/Src/lmic.o
 .text.processRx2DnDataDelay
                0x0000000008003c44       0x14 Core/Src/lmic.o
 .text.processRx2DnData
                0x0000000008003c58       0x58 Core/Src/lmic.o
 .text.setupRx2DnData
                0x0000000008003cb0       0x24 Core/Src/lmic.o
 .text.processRx1DnData
                0x0000000008003cd4       0x50 Core/Src/lmic.o
 .text.setupRx1DnData
                0x0000000008003d24       0x1c Core/Src/lmic.o
 .text.updataDone
                0x0000000008003d40       0x3c Core/Src/lmic.o
 .text.buildDataFrame
                0x0000000008003d7c      0x474 Core/Src/lmic.o
 .text.onBcnRx  0x00000000080041f0       0xac Core/Src/lmic.o
 .text.startScan
                0x000000000800429c       0xc0 Core/Src/lmic.o
 .text.buildJoinRequest
                0x000000000800435c       0x74 Core/Src/lmic.o
 .text.startJoining
                0x00000000080043d0       0x16 Core/Src/lmic.o
 *fill*         0x00000000080043e6        0x2 
 .text.LMIC_startJoining
                0x00000000080043e8       0xa0 Core/Src/lmic.o
                0x00000000080043e8                LMIC_startJoining
 .text.processPingRx
                0x0000000008004488       0x3c Core/Src/lmic.o
 .text.processDnData
                0x00000000080044c4      0x220 Core/Src/lmic.o
 .text.processBeacon
                0x00000000080046e4      0x29c Core/Src/lmic.o
 .text.startRxBcn
                0x0000000008004980       0x24 Core/Src/lmic.o
 .text.startRxPing
                0x00000000080049a4       0x24 Core/Src/lmic.o
 .text.engineUpdate
                0x00000000080049c8      0x3ec Core/Src/lmic.o
 .text.LMIC_reset
                0x0000000008004db4       0xb0 Core/Src/lmic.o
                0x0000000008004db4                LMIC_reset
 .text.LMIC_init
                0x0000000008004e64       0x18 Core/Src/lmic.o
                0x0000000008004e64                LMIC_init
 .text.LMIC_setTxData
                0x0000000008004e7c       0x3c Core/Src/lmic.o
                0x0000000008004e7c                LMIC_setTxData
 .text.LMIC_setTxData2
                0x0000000008004eb8       0x78 Core/Src/lmic.o
                0x0000000008004eb8                LMIC_setTxData2
 .text.os_getArtEui
                0x0000000008004f30       0x24 Core/Src/main.o
                0x0000000008004f30                os_getArtEui
 .text.os_getDevEui
                0x0000000008004f54       0x24 Core/Src/main.o
                0x0000000008004f54                os_getDevEui
 .text.os_getDevKey
                0x0000000008004f78       0x24 Core/Src/main.o
                0x0000000008004f78                os_getDevKey
 .text.initsensor
                0x0000000008004f9c        0xa Core/Src/main.o
                0x0000000008004f9c                initsensor
 .text.initfunc
                0x0000000008004fa6       0x1c Core/Src/main.o
                0x0000000008004fa6                initfunc
 .text.readsensor
                0x0000000008004fc2       0x18 Core/Src/main.o
                0x0000000008004fc2                readsensor
 *fill*         0x0000000008004fda        0x2 
 .text.reportfunc
                0x0000000008004fdc       0x7c Core/Src/main.o
 .text.onEvent  0x0000000008005058      0x170 Core/Src/main.o
                0x0000000008005058                onEvent
 .text.main     0x00000000080051c8       0x68 Core/Src/main.o
                0x00000000080051c8                main
 .text.SystemClock_Config
                0x0000000008005230       0xec Core/Src/main.o
                0x0000000008005230                SystemClock_Config
 .text.MX_I2C1_Init
                0x000000000800531c       0x80 Core/Src/main.o
 .text.MX_SPI1_Init
                0x000000000800539c       0x70 Core/Src/main.o
 .text.MX_TIM21_Init
                0x000000000800540c       0xfc Core/Src/main.o
 .text.MX_USART2_UART_Init
                0x0000000008005508       0x60 Core/Src/main.o
 .text.MX_GPIO_Init
                0x0000000008005568      0x11c Core/Src/main.o
 .text.Error_Handler
                0x0000000008005684        0x8 Core/Src/main.o
                0x0000000008005684                Error_Handler
 .text.assert_failed
                0x000000000800568c       0x12 Core/Src/main.o
                0x000000000800568c                assert_failed
 *fill*         0x000000000800569e        0x2 
 .text.os_init  0x00000000080056a0       0x28 Core/Src/oslmic.o
                0x00000000080056a0                os_init
 .text.os_getTime
                0x00000000080056c8       0x10 Core/Src/oslmic.o
                0x00000000080056c8                os_getTime
 .text.unlinkjob
                0x00000000080056d8       0x3a Core/Src/oslmic.o
 *fill*         0x0000000008005712        0x2 
 .text.os_clearCallback
                0x0000000008005714       0x40 Core/Src/oslmic.o
                0x0000000008005714                os_clearCallback
 .text.os_setCallback
                0x0000000008005754       0x50 Core/Src/oslmic.o
                0x0000000008005754                os_setCallback
 .text.os_setTimedCallback
                0x00000000080057a4       0x70 Core/Src/oslmic.o
                0x00000000080057a4                os_setTimedCallback
 .text.os_runloop
                0x0000000008005814       0x6c Core/Src/oslmic.o
                0x0000000008005814                os_runloop
 .text.writeReg
                0x0000000008005880       0x42 Core/Src/radio.o
 .text.readReg  0x00000000080058c2       0x42 Core/Src/radio.o
 .text.writeBuf
                0x0000000008005904       0x70 Core/Src/radio.o
 .text.readBuf  0x0000000008005974       0x70 Core/Src/radio.o
 .text.opmode   0x00000000080059e4       0x38 Core/Src/radio.o
 .text.opmodeLora
                0x0000000008005a1c       0x2c Core/Src/radio.o
 .text.opmodeFSK
                0x0000000008005a48       0x2c Core/Src/radio.o
 .text.configLoraModem
                0x0000000008005a74      0x18c Core/Src/radio.o
 .text.configChannel
                0x0000000008005c00       0x7c Core/Src/radio.o
 .text.configPower
                0x0000000008005c7c       0x70 Core/Src/radio.o
 .text.txfsk    0x0000000008005cec       0xe4 Core/Src/radio.o
 .text.txlora   0x0000000008005dd0       0xb8 Core/Src/radio.o
 .text.starttx  0x0000000008005e88       0x3c Core/Src/radio.o
 .text.rxlora   0x0000000008005ec4      0x108 Core/Src/radio.o
 .text.rxfsk    0x0000000008005fcc       0xe4 Core/Src/radio.o
 .text.startrx  0x00000000080060b0       0x50 Core/Src/radio.o
 .text.radio_init
                0x0000000008006100       0xf8 Core/Src/radio.o
                0x0000000008006100                radio_init
 .text.radio_rand1
                0x00000000080061f8       0x60 Core/Src/radio.o
                0x00000000080061f8                radio_rand1
 .text.radio_irq_handler
                0x0000000008006258      0x1d4 Core/Src/radio.o
                0x0000000008006258                radio_irq_handler
 .text.os_radio
                0x000000000800642c       0x54 Core/Src/radio.o
                0x000000000800642c                os_radio
 .text.HAL_MspInit
                0x0000000008006480       0x28 Core/Src/stm32l0xx_hal_msp.o
                0x0000000008006480                HAL_MspInit
 .text.HAL_I2C_MspInit
                0x00000000080064a8       0x8c Core/Src/stm32l0xx_hal_msp.o
                0x00000000080064a8                HAL_I2C_MspInit
 .text.HAL_SPI_MspInit
                0x0000000008006534       0xd0 Core/Src/stm32l0xx_hal_msp.o
                0x0000000008006534                HAL_SPI_MspInit
 .text.HAL_TIM_Base_MspInit
                0x0000000008006604       0x40 Core/Src/stm32l0xx_hal_msp.o
                0x0000000008006604                HAL_TIM_Base_MspInit
 .text.HAL_UART_MspInit
                0x0000000008006644       0x88 Core/Src/stm32l0xx_hal_msp.o
                0x0000000008006644                HAL_UART_MspInit
 .text.NMI_Handler
                0x00000000080066cc        0x6 Core/Src/stm32l0xx_it.o
                0x00000000080066cc                NMI_Handler
 .text.HardFault_Handler
                0x00000000080066d2        0x6 Core/Src/stm32l0xx_it.o
                0x00000000080066d2                HardFault_Handler
 .text.SVC_Handler
                0x00000000080066d8        0xa Core/Src/stm32l0xx_it.o
                0x00000000080066d8                SVC_Handler
 .text.PendSV_Handler
                0x00000000080066e2        0xa Core/Src/stm32l0xx_it.o
                0x00000000080066e2                PendSV_Handler
 .text.SysTick_Handler
                0x00000000080066ec        0xe Core/Src/stm32l0xx_it.o
                0x00000000080066ec                SysTick_Handler
 .text.EXTI0_1_IRQHandler
                0x00000000080066fa       0x16 Core/Src/stm32l0xx_it.o
                0x00000000080066fa                EXTI0_1_IRQHandler
 .text.EXTI4_15_IRQHandler
                0x0000000008006710       0x10 Core/Src/stm32l0xx_it.o
                0x0000000008006710                EXTI4_15_IRQHandler
 .text.TIM21_IRQHandler
                0x0000000008006720       0x18 Core/Src/stm32l0xx_it.o
                0x0000000008006720                TIM21_IRQHandler
 .text.SystemInit
                0x0000000008006738        0xa Core/Src/system_stm32l0xx.o
                0x0000000008006738                SystemInit
 *fill*         0x0000000008006742        0x2 
 .text.Reset_Handler
                0x0000000008006744       0x50 Core/Startup/startup_stm32l073rztx.o
                0x0000000008006744                Reset_Handler
 .text.Default_Handler
                0x0000000008006794        0x2 Core/Startup/startup_stm32l073rztx.o
                0x0000000008006794                TSC_IRQHandler
                0x0000000008006794                ADC1_COMP_IRQHandler
                0x0000000008006794                PVD_IRQHandler
                0x0000000008006794                I2C1_IRQHandler
                0x0000000008006794                RCC_CRS_IRQHandler
                0x0000000008006794                SPI1_IRQHandler
                0x0000000008006794                TIM6_DAC_IRQHandler
                0x0000000008006794                EXTI2_3_IRQHandler
                0x0000000008006794                I2C2_IRQHandler
                0x0000000008006794                RTC_IRQHandler
                0x0000000008006794                LCD_IRQHandler
                0x0000000008006794                DMA1_Channel4_5_6_7_IRQHandler
                0x0000000008006794                TIM3_IRQHandler
                0x0000000008006794                DMA1_Channel1_IRQHandler
                0x0000000008006794                USART4_5_IRQHandler
                0x0000000008006794                Default_Handler
                0x0000000008006794                TIM22_IRQHandler
                0x0000000008006794                TIM7_IRQHandler
                0x0000000008006794                USB_IRQHandler
                0x0000000008006794                I2C3_IRQHandler
                0x0000000008006794                SPI2_IRQHandler
                0x0000000008006794                WWDG_IRQHandler
                0x0000000008006794                TIM2_IRQHandler
                0x0000000008006794                DMA1_Channel2_3_IRQHandler
                0x0000000008006794                USART2_IRQHandler
                0x0000000008006794                FLASH_IRQHandler
                0x0000000008006794                USART1_IRQHandler
                0x0000000008006794                RNG_LPUART1_IRQHandler
                0x0000000008006794                LPTIM1_IRQHandler
 *fill*         0x0000000008006796        0x2 
 .text.HAL_Init
                0x0000000008006798       0x40 Drivers/STM32L0xx_HAL_Driver/Src/stm32l0xx_hal.o
                0x0000000008006798                HAL_Init
 .text.HAL_InitTick
                0x00000000080067d8       0x68 Drivers/STM32L0xx_HAL_Driver/Src/stm32l0xx_hal.o
                0x00000000080067d8                HAL_InitTick
 .text.HAL_IncTick
                0x0000000008006840       0x24 Drivers/STM32L0xx_HAL_Driver/Src/stm32l0xx_hal.o
                0x0000000008006840                HAL_IncTick
 .text.HAL_GetTick
                0x0000000008006864       0x14 Drivers/STM32L0xx_HAL_Driver/Src/stm32l0xx_hal.o
                0x0000000008006864                HAL_GetTick
 .text.__NVIC_EnableIRQ
                0x0000000008006878       0x34 Drivers/STM32L0xx_HAL_Driver/Src/stm32l0xx_hal_cortex.o
 .text.__NVIC_SetPriority
                0x00000000080068ac       0xdc Drivers/STM32L0xx_HAL_Driver/Src/stm32l0xx_hal_cortex.o
 .text.SysTick_Config
                0x0000000008006988       0x48 Drivers/STM32L0xx_HAL_Driver/Src/stm32l0xx_hal_cortex.o
 .text.HAL_NVIC_SetPriority
                0x00000000080069d0       0x40 Drivers/STM32L0xx_HAL_Driver/Src/stm32l0xx_hal_cortex.o
                0x00000000080069d0                HAL_NVIC_SetPriority
 .text.HAL_NVIC_EnableIRQ
                0x0000000008006a10       0x38 Drivers/STM32L0xx_HAL_Driver/Src/stm32l0xx_hal_cortex.o
                0x0000000008006a10                HAL_NVIC_EnableIRQ
 .text.HAL_SYSTICK_Config
                0x0000000008006a48       0x1a Drivers/STM32L0xx_HAL_Driver/Src/stm32l0xx_hal_cortex.o
                0x0000000008006a48                HAL_SYSTICK_Config
 *fill*         0x0000000008006a62        0x2 
 .text.HAL_GPIO_Init
                0x0000000008006a64      0x520 Drivers/STM32L0xx_HAL_Driver/Src/stm32l0xx_hal_gpio.o
                0x0000000008006a64                HAL_GPIO_Init
 .text.HAL_GPIO_WritePin
                0x0000000008006f84       0xf8 Drivers/STM32L0xx_HAL_Driver/Src/stm32l0xx_hal_gpio.o
                0x0000000008006f84                HAL_GPIO_WritePin
 .text.HAL_GPIO_EXTI_IRQHandler
                0x000000000800707c       0x38 Drivers/STM32L0xx_HAL_Driver/Src/stm32l0xx_hal_gpio.o
                0x000000000800707c                HAL_GPIO_EXTI_IRQHandler
 .text.HAL_I2C_Init
                0x00000000080070b4      0x274 Drivers/STM32L0xx_HAL_Driver/Src/stm32l0xx_hal_i2c.o
                0x00000000080070b4                HAL_I2C_Init
 .text.HAL_I2CEx_ConfigAnalogFilter
                0x0000000008007328       0xe8 Drivers/STM32L0xx_HAL_Driver/Src/stm32l0xx_hal_i2c_ex.o
                0x0000000008007328                HAL_I2CEx_ConfigAnalogFilter
 .text.HAL_I2CEx_ConfigDigitalFilter
                0x0000000008007410       0xe0 Drivers/STM32L0xx_HAL_Driver/Src/stm32l0xx_hal_i2c_ex.o
                0x0000000008007410                HAL_I2CEx_ConfigDigitalFilter
 .text.HAL_RCC_OscConfig
                0x00000000080074f0      0xb2c Drivers/STM32L0xx_HAL_Driver/Src/stm32l0xx_hal_rcc.o
                0x00000000080074f0                HAL_RCC_OscConfig
 .text.HAL_RCC_ClockConfig
                0x000000000800801c      0x408 Drivers/STM32L0xx_HAL_Driver/Src/stm32l0xx_hal_rcc.o
                0x000000000800801c                HAL_RCC_ClockConfig
 .text.HAL_RCC_GetSysClockFreq
                0x0000000008008424      0x144 Drivers/STM32L0xx_HAL_Driver/Src/stm32l0xx_hal_rcc.o
                0x0000000008008424                HAL_RCC_GetSysClockFreq
 .text.HAL_RCC_GetHCLKFreq
                0x0000000008008568       0x14 Drivers/STM32L0xx_HAL_Driver/Src/stm32l0xx_hal_rcc.o
                0x0000000008008568                HAL_RCC_GetHCLKFreq
 .text.HAL_RCC_GetPCLK1Freq
                0x000000000800857c       0x2c Drivers/STM32L0xx_HAL_Driver/Src/stm32l0xx_hal_rcc.o
                0x000000000800857c                HAL_RCC_GetPCLK1Freq
 .text.HAL_RCC_GetPCLK2Freq
                0x00000000080085a8       0x2c Drivers/STM32L0xx_HAL_Driver/Src/stm32l0xx_hal_rcc.o
                0x00000000080085a8                HAL_RCC_GetPCLK2Freq
 .text.HAL_RCCEx_PeriphCLKConfig
                0x00000000080085d4      0x518 Drivers/STM32L0xx_HAL_Driver/Src/stm32l0xx_hal_rcc_ex.o
                0x00000000080085d4                HAL_RCCEx_PeriphCLKConfig
 .text.HAL_SPI_Init
                0x0000000008008aec      0x36c Drivers/STM32L0xx_HAL_Driver/Src/stm32l0xx_hal_spi.o
                0x0000000008008aec                HAL_SPI_Init
 .text.HAL_SPI_TransmitReceive
                0x0000000008008e58      0x3cc Drivers/STM32L0xx_HAL_Driver/Src/stm32l0xx_hal_spi.o
                0x0000000008008e58                HAL_SPI_TransmitReceive
 .text.SPI_WaitFlagStateUntilTimeout
                0x0000000008009224      0x11c Drivers/STM32L0xx_HAL_Driver/Src/stm32l0xx_hal_spi.o
 .text.SPI_EndRxTxTransaction
                0x0000000008009340       0x8c Drivers/STM32L0xx_HAL_Driver/Src/stm32l0xx_hal_spi.o
 .text.HAL_TIM_Base_Init
                0x00000000080093cc      0x1a0 Drivers/STM32L0xx_HAL_Driver/Src/stm32l0xx_hal_tim.o
                0x00000000080093cc                HAL_TIM_Base_Init
 .text.HAL_TIM_Base_Start_IT
                0x000000000800956c       0xfc Drivers/STM32L0xx_HAL_Driver/Src/stm32l0xx_hal_tim.o
                0x000000000800956c                HAL_TIM_Base_Start_IT
 .text.HAL_TIM_OC_Init
                0x0000000008009668      0x1a4 Drivers/STM32L0xx_HAL_Driver/Src/stm32l0xx_hal_tim.o
                0x0000000008009668                HAL_TIM_OC_Init
 .text.HAL_TIM_OC_MspInit
                0x000000000800980c       0x10 Drivers/STM32L0xx_HAL_Driver/Src/stm32l0xx_hal_tim.o
                0x000000000800980c                HAL_TIM_OC_MspInit
 .text.HAL_TIM_IRQHandler
                0x000000000800981c      0x1d0 Drivers/STM32L0xx_HAL_Driver/Src/stm32l0xx_hal_tim.o
                0x000000000800981c                HAL_TIM_IRQHandler
 .text.HAL_TIM_OC_ConfigChannel
                0x00000000080099ec      0x1e8 Drivers/STM32L0xx_HAL_Driver/Src/stm32l0xx_hal_tim.o
                0x00000000080099ec                HAL_TIM_OC_ConfigChannel
 .text.HAL_TIM_ConfigClockSource
                0x0000000008009bd4      0x5c0 Drivers/STM32L0xx_HAL_Driver/Src/stm32l0xx_hal_tim.o
                0x0000000008009bd4                HAL_TIM_ConfigClockSource
 .text.HAL_TIM_OC_DelayElapsedCallback
                0x000000000800a194       0x10 Drivers/STM32L0xx_HAL_Driver/Src/stm32l0xx_hal_tim.o
                0x000000000800a194                HAL_TIM_OC_DelayElapsedCallback
 .text.HAL_TIM_IC_CaptureCallback
                0x000000000800a1a4       0x10 Drivers/STM32L0xx_HAL_Driver/Src/stm32l0xx_hal_tim.o
                0x000000000800a1a4                HAL_TIM_IC_CaptureCallback
 .text.HAL_TIM_PWM_PulseFinishedCallback
                0x000000000800a1b4       0x10 Drivers/STM32L0xx_HAL_Driver/Src/stm32l0xx_hal_tim.o
                0x000000000800a1b4                HAL_TIM_PWM_PulseFinishedCallback
 .text.HAL_TIM_TriggerCallback
                0x000000000800a1c4       0x10 Drivers/STM32L0xx_HAL_Driver/Src/stm32l0xx_hal_tim.o
                0x000000000800a1c4                HAL_TIM_TriggerCallback
 .text.TIM_Base_SetConfig
                0x000000000800a1d4       0xbc Drivers/STM32L0xx_HAL_Driver/Src/stm32l0xx_hal_tim.o
 .text.TIM_OC1_SetConfig
                0x000000000800a290       0x78 Drivers/STM32L0xx_HAL_Driver/Src/stm32l0xx_hal_tim.o
 .text.TIM_OC2_SetConfig
                0x000000000800a308       0x84 Drivers/STM32L0xx_HAL_Driver/Src/stm32l0xx_hal_tim.o
 .text.TIM_OC3_SetConfig
                0x000000000800a38c       0x80 Drivers/STM32L0xx_HAL_Driver/Src/stm32l0xx_hal_tim.o
 .text.TIM_OC4_SetConfig
                0x000000000800a40c       0x8c Drivers/STM32L0xx_HAL_Driver/Src/stm32l0xx_hal_tim.o
 .text.TIM_TI1_ConfigInputStage
                0x000000000800a498       0x5c Drivers/STM32L0xx_HAL_Driver/Src/stm32l0xx_hal_tim.o
 .text.TIM_TI2_ConfigInputStage
                0x000000000800a4f4       0x64 Drivers/STM32L0xx_HAL_Driver/Src/stm32l0xx_hal_tim.o
 .text.TIM_ITRx_SetConfig
                0x000000000800a558       0x32 Drivers/STM32L0xx_HAL_Driver/Src/stm32l0xx_hal_tim.o
 *fill*         0x000000000800a58a        0x2 
 .text.TIM_ETR_SetConfig
                0x000000000800a58c       0x40 Drivers/STM32L0xx_HAL_Driver/Src/stm32l0xx_hal_tim.o
 .text.HAL_TIMEx_MasterConfigSynchronization
                0x000000000800a5cc      0x174 Drivers/STM32L0xx_HAL_Driver/Src/stm32l0xx_hal_tim_ex.o
                0x000000000800a5cc                HAL_TIMEx_MasterConfigSynchronization
 .text.HAL_UART_Init
                0x000000000800a740      0x14c Drivers/STM32L0xx_HAL_Driver/Src/stm32l0xx_hal_uart.o
                0x000000000800a740                HAL_UART_Init
 .text.HAL_UART_Transmit
                0x000000000800a88c      0x150 Drivers/STM32L0xx_HAL_Driver/Src/stm32l0xx_hal_uart.o
                0x000000000800a88c                HAL_UART_Transmit
 .text.UART_SetConfig
                0x000000000800a9dc      0x708 Drivers/STM32L0xx_HAL_Driver/Src/stm32l0xx_hal_uart.o
                0x000000000800a9dc                UART_SetConfig
 .text.UART_AdvFeatureConfig
                0x000000000800b0e4      0x30c Drivers/STM32L0xx_HAL_Driver/Src/stm32l0xx_hal_uart.o
                0x000000000800b0e4                UART_AdvFeatureConfig
 .text.UART_CheckIdleState
                0x000000000800b3f0       0x94 Drivers/STM32L0xx_HAL_Driver/Src/stm32l0xx_hal_uart.o
                0x000000000800b3f0                UART_CheckIdleState
 .text.UART_WaitOnFlagUntilTimeout
                0x000000000800b484       0xfc Drivers/STM32L0xx_HAL_Driver/Src/stm32l0xx_hal_uart.o
                0x000000000800b484                UART_WaitOnFlagUntilTimeout
 .text.__libc_init_array
                0x000000000800b580       0x48 c:/st/stm32cubeide_1.5.1/stm32cubeide/plugins/com.st.stm32cube.ide.mcu.externaltools.gnu-tools-for-stm32.7-2018-q2-update.win32_1.5.0.202011040924/tools/bin/../lib/gcc/arm-none-eabi/7.3.1/../../../../arm-none-eabi/lib/thumb/v6-m\libc_nano.a(lib_a-init.o)
                0x000000000800b580                __libc_init_array
 .text.memcpy   0x000000000800b5c8       0x12 c:/st/stm32cubeide_1.5.1/stm32cubeide/plugins/com.st.stm32cube.ide.mcu.externaltools.gnu-tools-for-stm32.7-2018-q2-update.win32_1.5.0.202011040924/tools/bin/../lib/gcc/arm-none-eabi/7.3.1/../../../../arm-none-eabi/lib/thumb/v6-m\libc_nano.a(lib_a-memcpy-stub.o)
                0x000000000800b5c8                memcpy
 .text.memset   0x000000000800b5da       0x10 c:/st/stm32cubeide_1.5.1/stm32cubeide/plugins/com.st.stm32cube.ide.mcu.externaltools.gnu-tools-for-stm32.7-2018-q2-update.win32_1.5.0.202011040924/tools/bin/../lib/gcc/arm-none-eabi/7.3.1/../../../../arm-none-eabi/lib/thumb/v6-m\libc_nano.a(lib_a-memset.o)
                0x000000000800b5da                memset
 *(.glue_7)
 .glue_7        0x000000000800b5ea        0x0 linker stubs
 *(.glue_7t)
 .glue_7t       0x000000000800b5ea        0x0 linker stubs
 *(.eh_frame)
 *fill*         0x000000000800b5ea        0x2 
 .eh_frame      0x000000000800b5ec        0x0 c:/st/stm32cubeide_1.5.1/stm32cubeide/plugins/com.st.stm32cube.ide.mcu.externaltools.gnu-tools-for-stm32.7-2018-q2-update.win32_1.5.0.202011040924/tools/bin/../lib/gcc/arm-none-eabi/7.3.1/thumb/v6-m/crtbegin.o
 *(.init)
 .init          0x000000000800b5ec        0x4 c:/st/stm32cubeide_1.5.1/stm32cubeide/plugins/com.st.stm32cube.ide.mcu.externaltools.gnu-tools-for-stm32.7-2018-q2-update.win32_1.5.0.202011040924/tools/bin/../lib/gcc/arm-none-eabi/7.3.1/thumb/v6-m/crti.o
                0x000000000800b5ec                _init
 .init          0x000000000800b5f0        0x8 c:/st/stm32cubeide_1.5.1/stm32cubeide/plugins/com.st.stm32cube.ide.mcu.externaltools.gnu-tools-for-stm32.7-2018-q2-update.win32_1.5.0.202011040924/tools/bin/../lib/gcc/arm-none-eabi/7.3.1/thumb/v6-m/crtn.o
 *(.fini)
 .fini          0x000000000800b5f8        0x4 c:/st/stm32cubeide_1.5.1/stm32cubeide/plugins/com.st.stm32cube.ide.mcu.externaltools.gnu-tools-for-stm32.7-2018-q2-update.win32_1.5.0.202011040924/tools/bin/../lib/gcc/arm-none-eabi/7.3.1/thumb/v6-m/crti.o
                0x000000000800b5f8                _fini
 .fini          0x000000000800b5fc        0x8 c:/st/stm32cubeide_1.5.1/stm32cubeide/plugins/com.st.stm32cube.ide.mcu.externaltools.gnu-tools-for-stm32.7-2018-q2-update.win32_1.5.0.202011040924/tools/bin/../lib/gcc/arm-none-eabi/7.3.1/thumb/v6-m/crtn.o
                0x000000000800b604                . = ALIGN (0x4)
                0x000000000800b604                _etext = .

.vfp11_veneer   0x000000000800b604        0x0
 .vfp11_veneer  0x000000000800b604        0x0 linker stubs

.v4_bx          0x000000000800b604        0x0
 .v4_bx         0x000000000800b604        0x0 linker stubs

.iplt           0x000000000800b604        0x0
 .iplt          0x000000000800b604        0x0 c:/st/stm32cubeide_1.5.1/stm32cubeide/plugins/com.st.stm32cube.ide.mcu.externaltools.gnu-tools-for-stm32.7-2018-q2-update.win32_1.5.0.202011040924/tools/bin/../lib/gcc/arm-none-eabi/7.3.1/thumb/v6-m/crtbegin.o

.rodata         0x000000000800b604     0x17ac
                0x000000000800b604                . = ALIGN (0x4)
 *(.rodata)
 .rodata        0x000000000800b604      0x123 Core/Src/debug.o
 *fill*         0x000000000800b727        0x1 
 .rodata        0x000000000800b728        0x1 Core/Src/hal.o
 *fill*         0x000000000800b729        0x3 
 .rodata        0x000000000800b72c      0x158 Core/Src/main.o
 .rodata        0x000000000800b884       0x3b Drivers/STM32L0xx_HAL_Driver/Src/stm32l0xx_hal_cortex.o
 *fill*         0x000000000800b8bf        0x1 
 .rodata        0x000000000800b8c0       0x39 Drivers/STM32L0xx_HAL_Driver/Src/stm32l0xx_hal_gpio.o
 *fill*         0x000000000800b8f9        0x3 
 .rodata        0x000000000800b8fc       0x38 Drivers/STM32L0xx_HAL_Driver/Src/stm32l0xx_hal_i2c.o
 .rodata        0x000000000800b934       0x3b Drivers/STM32L0xx_HAL_Driver/Src/stm32l0xx_hal_i2c_ex.o
 *fill*         0x000000000800b96f        0x1 
 .rodata        0x000000000800b970       0x38 Drivers/STM32L0xx_HAL_Driver/Src/stm32l0xx_hal_rcc.o
 .rodata        0x000000000800b9a8       0x3b Drivers/STM32L0xx_HAL_Driver/Src/stm32l0xx_hal_rcc_ex.o
 *fill*         0x000000000800b9e3        0x1 
 .rodata        0x000000000800b9e4       0x38 Drivers/STM32L0xx_HAL_Driver/Src/stm32l0xx_hal_spi.o
 .rodata        0x000000000800ba1c       0x38 Drivers/STM32L0xx_HAL_Driver/Src/stm32l0xx_hal_tim.o
 .rodata        0x000000000800ba54       0x3b Drivers/STM32L0xx_HAL_Driver/Src/stm32l0xx_hal_tim_ex.o
 *fill*         0x000000000800ba8f        0x1 
 .rodata        0x000000000800ba90       0x39 Drivers/STM32L0xx_HAL_Driver/Src/stm32l0xx_hal_uart.o
 *(.rodata*)
 *fill*         0x000000000800bac9        0x3 
 .rodata.AES_RCON
                0x000000000800bacc       0x28 Core/Src/aes.o
 .rodata.AES_S  0x000000000800baf4      0x100 Core/Src/aes.o
 .rodata.AES_E1
                0x000000000800bbf4      0x400 Core/Src/aes.o
 .rodata.AES_E2
                0x000000000800bff4      0x400 Core/Src/aes.o
 .rodata.AES_E3
                0x000000000800c3f4      0x400 Core/Src/aes.o
 .rodata.AES_E4
                0x000000000800c7f4      0x400 Core/Src/aes.o
 .rodata._DR2RPS_CRC
                0x000000000800cbf4        0xa Core/Src/lmic.o
                0x000000000800cbf4                _DR2RPS_CRC
 *fill*         0x000000000800cbfe        0x2 
 .rodata.TXPOWLEVELS
                0x000000000800cc00       0x10 Core/Src/lmic.o
 .rodata.SENSITIVITY
                0x000000000800cc10       0x15 Core/Src/lmic.o
 *fill*         0x000000000800cc25        0x3 
 .rodata.DRADJUST
                0x000000000800cc28        0xa Core/Src/lmic.o
 *fill*         0x000000000800cc32        0x2 
 .rodata.DR2HSYM_osticks
                0x000000000800cc34       0x20 Core/Src/lmic.o
 .rodata.iniChannelFreq
                0x000000000800cc54       0x30 Core/Src/lmic.o
 .rodata.decodeFrame
                0x000000000800cc84       0x4c Core/Src/lmic.o
 .rodata.APPEUI
                0x000000000800ccd0        0x8 Core/Src/main.o
 .rodata.DEVEUI
                0x000000000800ccd8        0x8 Core/Src/main.o
 .rodata.DEVKEY
                0x000000000800cce0       0x10 Core/Src/main.o
 .rodata.onEvent
                0x000000000800ccf0       0x40 Core/Src/main.o
 .rodata.rxlorairqmask
                0x000000000800cd30        0x3 Core/Src/radio.o
 *fill*         0x000000000800cd33        0x1 
 .rodata.LORA_RXDONE_FIXUP
                0x000000000800cd34        0xe Core/Src/radio.o
 *fill*         0x000000000800cd42        0x2 
 .rodata.AHBPrescTable
                0x000000000800cd44       0x10 Core/Src/system_stm32l0xx.o
                0x000000000800cd44                AHBPrescTable
 .rodata.APBPrescTable
                0x000000000800cd54        0x8 Core/Src/system_stm32l0xx.o
                0x000000000800cd54                APBPrescTable
 .rodata.PLLMulTable
                0x000000000800cd5c        0x9 Core/Src/system_stm32l0xx.o
                0x000000000800cd5c                PLLMulTable
 *fill*         0x000000000800cd65        0x3 
 .rodata.UART_SetConfig
                0x000000000800cd68       0x48 Drivers/STM32L0xx_HAL_Driver/Src/stm32l0xx_hal_uart.o
                0x000000000800cdb0                . = ALIGN (0x4)

.ARM.extab      0x000000000800cdb0        0x0
                0x000000000800cdb0                . = ALIGN (0x4)
 *(.ARM.extab* .gnu.linkonce.armextab.*)
                0x000000000800cdb0                . = ALIGN (0x4)

.ARM            0x000000000800cdb0        0x8
                0x000000000800cdb0                . = ALIGN (0x4)
                0x000000000800cdb0                __exidx_start = .
 *(.ARM.exidx*)
 .ARM.exidx     0x000000000800cdb0        0x8 c:/st/stm32cubeide_1.5.1/stm32cubeide/plugins/com.st.stm32cube.ide.mcu.externaltools.gnu-tools-for-stm32.7-2018-q2-update.win32_1.5.0.202011040924/tools/bin/../lib/gcc/arm-none-eabi/7.3.1/thumb/v6-m\libgcc.a(_udivmoddi4.o)
 .ARM.exidx     0x000000000800cdb8        0x0 c:/st/stm32cubeide_1.5.1/stm32cubeide/plugins/com.st.stm32cube.ide.mcu.externaltools.gnu-tools-for-stm32.7-2018-q2-update.win32_1.5.0.202011040924/tools/bin/../lib/gcc/arm-none-eabi/7.3.1/thumb/v6-m\libgcc.a(_divdi3.o)
                                          0x8 (size before relaxing)
                0x000000000800cdb8                __exidx_end = .
                0x000000000800cdb8                . = ALIGN (0x4)

.rel.dyn        0x000000000800cdb8        0x0
 .rel.iplt      0x000000000800cdb8        0x0 c:/st/stm32cubeide_1.5.1/stm32cubeide/plugins/com.st.stm32cube.ide.mcu.externaltools.gnu-tools-for-stm32.7-2018-q2-update.win32_1.5.0.202011040924/tools/bin/../lib/gcc/arm-none-eabi/7.3.1/thumb/v6-m/crtbegin.o

.preinit_array  0x000000000800cdb8        0x0
                0x000000000800cdb8                . = ALIGN (0x4)
                0x000000000800cdb8                PROVIDE (__preinit_array_start = .)
 *(.preinit_array*)
                0x000000000800cdb8                PROVIDE (__preinit_array_end = .)
                0x000000000800cdb8                . = ALIGN (0x4)

.init_array     0x000000000800cdb8        0x4
                0x000000000800cdb8                . = ALIGN (0x4)
                0x000000000800cdb8                PROVIDE (__init_array_start = .)
 *(SORT_BY_NAME(.init_array.*))
 *(.init_array*)
 .init_array    0x000000000800cdb8        0x4 c:/st/stm32cubeide_1.5.1/stm32cubeide/plugins/com.st.stm32cube.ide.mcu.externaltools.gnu-tools-for-stm32.7-2018-q2-update.win32_1.5.0.202011040924/tools/bin/../lib/gcc/arm-none-eabi/7.3.1/thumb/v6-m/crtbegin.o
                0x000000000800cdbc                PROVIDE (__init_array_end = .)
                0x000000000800cdbc                . = ALIGN (0x4)

.fini_array     0x000000000800cdbc        0x4
                0x000000000800cdbc                . = ALIGN (0x4)
                [!provide]                        PROVIDE (__fini_array_start = .)
 *(SORT_BY_NAME(.fini_array.*))
 *(.fini_array*)
 .fini_array    0x000000000800cdbc        0x4 c:/st/stm32cubeide_1.5.1/stm32cubeide/plugins/com.st.stm32cube.ide.mcu.externaltools.gnu-tools-for-stm32.7-2018-q2-update.win32_1.5.0.202011040924/tools/bin/../lib/gcc/arm-none-eabi/7.3.1/thumb/v6-m/crtbegin.o
                [!provide]                        PROVIDE (__fini_array_end = .)
                0x000000000800cdc0                . = ALIGN (0x4)
                0x000000000800cdc0                _sidata = LOADADDR (.data)

.data           0x0000000020000000       0x54 load address 0x000000000800cdc0
                0x0000000020000000                . = ALIGN (0x4)
                0x0000000020000000                _sdata = .
 *(.data)
 *(.data*)
 .data.evnames.7571
                0x0000000020000000       0x48 Core/Src/debug.o
 .data.SystemCoreClock
                0x0000000020000048        0x4 Core/Src/system_stm32l0xx.o
                0x0000000020000048                SystemCoreClock
 .data.uwTickPrio
                0x000000002000004c        0x4 Drivers/STM32L0xx_HAL_Driver/Src/stm32l0xx_hal.o
                0x000000002000004c                uwTickPrio
 .data.uwTickFreq
                0x0000000020000050        0x1 Drivers/STM32L0xx_HAL_Driver/Src/stm32l0xx_hal.o
                0x0000000020000050                uwTickFreq
 *(.RamFunc)
 *(.RamFunc*)
                0x0000000020000054                . = ALIGN (0x4)
 *fill*         0x0000000020000051        0x3 
                0x0000000020000054                _edata = .

.igot.plt       0x0000000020000054        0x0 load address 0x000000000800ce14
 .igot.plt      0x0000000020000054        0x0 c:/st/stm32cubeide_1.5.1/stm32cubeide/plugins/com.st.stm32cube.ide.mcu.externaltools.gnu-tools-for-stm32.7-2018-q2-update.win32_1.5.0.202011040924/tools/bin/../lib/gcc/arm-none-eabi/7.3.1/thumb/v6-m/crtbegin.o
                0x0000000020000054                . = ALIGN (0x4)

.bss            0x0000000020000054      0x420 load address 0x000000000800ce14
                0x0000000020000054                _sbss = .
                0x0000000020000054                __bss_start__ = _sbss
 *(.bss)
 .bss           0x0000000020000054       0x1c c:/st/stm32cubeide_1.5.1/stm32cubeide/plugins/com.st.stm32cube.ide.mcu.externaltools.gnu-tools-for-stm32.7-2018-q2-update.win32_1.5.0.202011040924/tools/bin/../lib/gcc/arm-none-eabi/7.3.1/thumb/v6-m/crtbegin.o
 *(.bss*)
 .bss.HAL       0x0000000020000070        0x8 Core/Src/hal.o
 .bss.reportjob
                0x0000000020000078        0xc Core/Src/main.o
 .bss.OS        0x0000000020000084        0x8 Core/Src/oslmic.o
 .bss.randbuf   0x000000002000008c       0x10 Core/Src/radio.o
 *(COMMON)
 COMMON         0x000000002000009c       0xc0 Core/Src/aes.o
                0x000000002000009c                AESKEY
                0x000000002000014c                AESAUX
 COMMON         0x000000002000015c      0x168 Core/Src/debug.o
                0x000000002000015c                hi2c1
                0x00000000200001a8                hspi1
                0x0000000020000200                huart2
                0x0000000020000284                htim21
 COMMON         0x00000000200002c4      0x1ac Core/Src/lmic.o
                0x00000000200002c4                LMIC
 COMMON         0x0000000020000470        0x4 Drivers/STM32L0xx_HAL_Driver/Src/stm32l0xx_hal.o
                0x0000000020000470                uwTick
                0x0000000020000474                . = ALIGN (0x4)
                0x0000000020000474                _ebss = .
                0x0000000020000474                __bss_end__ = _ebss

._user_heap_stack
                0x0000000020000474      0x604 load address 0x000000000800ce14
                0x0000000020000478                . = ALIGN (0x8)
 *fill*         0x0000000020000474        0x4 
                [!provide]                        PROVIDE (end = .)
                0x0000000020000478                PROVIDE (_end = .)
                0x0000000020000678                . = (. + _Min_Heap_Size)
 *fill*         0x0000000020000478      0x200 
                0x0000000020000a78                . = (. + _Min_Stack_Size)
 *fill*         0x0000000020000678      0x400 
                0x0000000020000a78                . = ALIGN (0x8)

/DISCARD/
 libc.a(*)
 libm.a(*)
 libgcc.a(*)

.ARM.attributes
                0x0000000000000000       0x28
 *(.ARM.attributes)
 .ARM.attributes
                0x0000000000000000       0x1e c:/st/stm32cubeide_1.5.1/stm32cubeide/plugins/com.st.stm32cube.ide.mcu.externaltools.gnu-tools-for-stm32.7-2018-q2-update.win32_1.5.0.202011040924/tools/bin/../lib/gcc/arm-none-eabi/7.3.1/thumb/v6-m/crti.o
 .ARM.attributes
                0x000000000000001e       0x2c c:/st/stm32cubeide_1.5.1/stm32cubeide/plugins/com.st.stm32cube.ide.mcu.externaltools.gnu-tools-for-stm32.7-2018-q2-update.win32_1.5.0.202011040924/tools/bin/../lib/gcc/arm-none-eabi/7.3.1/thumb/v6-m/crtbegin.o
 .ARM.attributes
                0x000000000000004a       0x32 Core/Src/aes.o
 .ARM.attributes
                0x000000000000007c       0x32 Core/Src/debug.o
 .ARM.attributes
                0x00000000000000ae       0x32 Core/Src/hal.o
 .ARM.attributes
                0x00000000000000e0       0x32 Core/Src/lmic.o
 .ARM.attributes
                0x0000000000000112       0x32 Core/Src/main.o
 .ARM.attributes
                0x0000000000000144       0x32 Core/Src/oslmic.o
 .ARM.attributes
                0x0000000000000176       0x32 Core/Src/radio.o
 .ARM.attributes
                0x00000000000001a8       0x32 Core/Src/stm32l0xx_hal_msp.o
 .ARM.attributes
                0x00000000000001da       0x32 Core/Src/stm32l0xx_it.o
 .ARM.attributes
                0x000000000000020c       0x32 Core/Src/system_stm32l0xx.o
 .ARM.attributes
                0x000000000000023e       0x22 Core/Startup/startup_stm32l073rztx.o
 .ARM.attributes
                0x0000000000000260       0x32 Drivers/STM32L0xx_HAL_Driver/Src/stm32l0xx_hal.o
 .ARM.attributes
                0x0000000000000292       0x32 Drivers/STM32L0xx_HAL_Driver/Src/stm32l0xx_hal_cortex.o
 .ARM.attributes
                0x00000000000002c4       0x32 Drivers/STM32L0xx_HAL_Driver/Src/stm32l0xx_hal_gpio.o
 .ARM.attributes
                0x00000000000002f6       0x32 Drivers/STM32L0xx_HAL_Driver/Src/stm32l0xx_hal_i2c.o
 .ARM.attributes
                0x0000000000000328       0x32 Drivers/STM32L0xx_HAL_Driver/Src/stm32l0xx_hal_i2c_ex.o
 .ARM.attributes
                0x000000000000035a       0x32 Drivers/STM32L0xx_HAL_Driver/Src/stm32l0xx_hal_rcc.o
 .ARM.attributes
                0x000000000000038c       0x32 Drivers/STM32L0xx_HAL_Driver/Src/stm32l0xx_hal_rcc_ex.o
 .ARM.attributes
                0x00000000000003be       0x32 Drivers/STM32L0xx_HAL_Driver/Src/stm32l0xx_hal_spi.o
 .ARM.attributes
                0x00000000000003f0       0x32 Drivers/STM32L0xx_HAL_Driver/Src/stm32l0xx_hal_tim.o
 .ARM.attributes
                0x0000000000000422       0x32 Drivers/STM32L0xx_HAL_Driver/Src/stm32l0xx_hal_tim_ex.o
 .ARM.attributes
                0x0000000000000454       0x32 Drivers/STM32L0xx_HAL_Driver/Src/stm32l0xx_hal_uart.o
 .ARM.attributes
                0x0000000000000486       0x2c c:/st/stm32cubeide_1.5.1/stm32cubeide/plugins/com.st.stm32cube.ide.mcu.externaltools.gnu-tools-for-stm32.7-2018-q2-update.win32_1.5.0.202011040924/tools/bin/../lib/gcc/arm-none-eabi/7.3.1/../../../../arm-none-eabi/lib/thumb/v6-m\libc_nano.a(lib_a-init.o)
 .ARM.attributes
                0x00000000000004b2       0x2c c:/st/stm32cubeide_1.5.1/stm32cubeide/plugins/com.st.stm32cube.ide.mcu.externaltools.gnu-tools-for-stm32.7-2018-q2-update.win32_1.5.0.202011040924/tools/bin/../lib/gcc/arm-none-eabi/7.3.1/../../../../arm-none-eabi/lib/thumb/v6-m\libc_nano.a(lib_a-memcpy-stub.o)
 .ARM.attributes
                0x00000000000004de       0x2c c:/st/stm32cubeide_1.5.1/stm32cubeide/plugins/com.st.stm32cube.ide.mcu.externaltools.gnu-tools-for-stm32.7-2018-q2-update.win32_1.5.0.202011040924/tools/bin/../lib/gcc/arm-none-eabi/7.3.1/../../../../arm-none-eabi/lib/thumb/v6-m\libc_nano.a(lib_a-memset.o)
 .ARM.attributes
                0x000000000000050a       0x1e c:/st/stm32cubeide_1.5.1/stm32cubeide/plugins/com.st.stm32cube.ide.mcu.externaltools.gnu-tools-for-stm32.7-2018-q2-update.win32_1.5.0.202011040924/tools/bin/../lib/gcc/arm-none-eabi/7.3.1/thumb/v6-m\libgcc.a(_udivsi3.o)
 .ARM.attributes
                0x0000000000000528       0x1e c:/st/stm32cubeide_1.5.1/stm32cubeide/plugins/com.st.stm32cube.ide.mcu.externaltools.gnu-tools-for-stm32.7-2018-q2-update.win32_1.5.0.202011040924/tools/bin/../lib/gcc/arm-none-eabi/7.3.1/thumb/v6-m\libgcc.a(_divsi3.o)
 .ARM.attributes
                0x0000000000000546       0x1e c:/st/stm32cubeide_1.5.1/stm32cubeide/plugins/com.st.stm32cube.ide.mcu.externaltools.gnu-tools-for-stm32.7-2018-q2-update.win32_1.5.0.202011040924/tools/bin/../lib/gcc/arm-none-eabi/7.3.1/thumb/v6-m\libgcc.a(_dvmd_tls.o)
 .ARM.attributes
                0x0000000000000564       0x1e c:/st/stm32cubeide_1.5.1/stm32cubeide/plugins/com.st.stm32cube.ide.mcu.externaltools.gnu-tools-for-stm32.7-2018-q2-update.win32_1.5.0.202011040924/tools/bin/../lib/gcc/arm-none-eabi/7.3.1/thumb/v6-m\libgcc.a(_aeabi_ldivmod.o)
 .ARM.attributes
                0x0000000000000582       0x1e c:/st/stm32cubeide_1.5.1/stm32cubeide/plugins/com.st.stm32cube.ide.mcu.externaltools.gnu-tools-for-stm32.7-2018-q2-update.win32_1.5.0.202011040924/tools/bin/../lib/gcc/arm-none-eabi/7.3.1/thumb/v6-m\libgcc.a(_aeabi_uldivmod.o)
 .ARM.attributes
                0x00000000000005a0       0x2c c:/st/stm32cubeide_1.5.1/stm32cubeide/plugins/com.st.stm32cube.ide.mcu.externaltools.gnu-tools-for-stm32.7-2018-q2-update.win32_1.5.0.202011040924/tools/bin/../lib/gcc/arm-none-eabi/7.3.1/thumb/v6-m\libgcc.a(_muldi3.o)
 .ARM.attributes
                0x00000000000005cc       0x2c c:/st/stm32cubeide_1.5.1/stm32cubeide/plugins/com.st.stm32cube.ide.mcu.externaltools.gnu-tools-for-stm32.7-2018-q2-update.win32_1.5.0.202011040924/tools/bin/../lib/gcc/arm-none-eabi/7.3.1/thumb/v6-m\libgcc.a(_udivmoddi4.o)
 .ARM.attributes
                0x00000000000005f8       0x2c c:/st/stm32cubeide_1.5.1/stm32cubeide/plugins/com.st.stm32cube.ide.mcu.externaltools.gnu-tools-for-stm32.7-2018-q2-update.win32_1.5.0.202011040924/tools/bin/../lib/gcc/arm-none-eabi/7.3.1/thumb/v6-m\libgcc.a(bpabi.o)
 .ARM.attributes
                0x0000000000000624       0x1e c:/st/stm32cubeide_1.5.1/stm32cubeide/plugins/com.st.stm32cube.ide.mcu.externaltools.gnu-tools-for-stm32.7-2018-q2-update.win32_1.5.0.202011040924/tools/bin/../lib/gcc/arm-none-eabi/7.3.1/thumb/v6-m\libgcc.a(_clzdi2.o)
 .ARM.attributes
                0x0000000000000642       0x2c c:/st/stm32cubeide_1.5.1/stm32cubeide/plugins/com.st.stm32cube.ide.mcu.externaltools.gnu-tools-for-stm32.7-2018-q2-update.win32_1.5.0.202011040924/tools/bin/../lib/gcc/arm-none-eabi/7.3.1/thumb/v6-m\libgcc.a(_divdi3.o)
 .ARM.attributes
                0x000000000000066e       0x1e c:/st/stm32cubeide_1.5.1/stm32cubeide/plugins/com.st.stm32cube.ide.mcu.externaltools.gnu-tools-for-stm32.7-2018-q2-update.win32_1.5.0.202011040924/tools/bin/../lib/gcc/arm-none-eabi/7.3.1/thumb/v6-m\libgcc.a(_clzsi2.o)
 .ARM.attributes
                0x000000000000068c       0x1e c:/st/stm32cubeide_1.5.1/stm32cubeide/plugins/com.st.stm32cube.ide.mcu.externaltools.gnu-tools-for-stm32.7-2018-q2-update.win32_1.5.0.202011040924/tools/bin/../lib/gcc/arm-none-eabi/7.3.1/thumb/v6-m/crtn.o
OUTPUT(STM32 LoRa node.elf elf32-littlearm)

.debug_info     0x0000000000000000    0x1a8c8
 .debug_info    0x0000000000000000      0xabb Core/Src/aes.o
 .debug_info    0x0000000000000abb     0x20e5 Core/Src/debug.o
 .debug_info    0x0000000000002ba0     0x22f5 Core/Src/hal.o
 .debug_info    0x0000000000004e95     0x32f7 Core/Src/lmic.o
 .debug_info    0x000000000000818c     0x28c8 Core/Src/main.o
 .debug_info    0x000000000000aa54     0x11e5 Core/Src/oslmic.o
 .debug_info    0x000000000000bc39     0x161d Core/Src/radio.o
 .debug_info    0x000000000000d256     0x13cc Core/Src/stm32l0xx_hal_msp.o
 .debug_info    0x000000000000e622      0xf6e Core/Src/stm32l0xx_it.o
 .debug_info    0x000000000000f590      0x334 Core/Src/system_stm32l0xx.o
 .debug_info    0x000000000000f8c4       0x22 Core/Startup/startup_stm32l073rztx.o
 .debug_info    0x000000000000f8e6      0x8bb Drivers/STM32L0xx_HAL_Driver/Src/stm32l0xx_hal.o
 .debug_info    0x00000000000101a1      0x94b Drivers/STM32L0xx_HAL_Driver/Src/stm32l0xx_hal_cortex.o
 .debug_info    0x0000000000010aec      0x723 Drivers/STM32L0xx_HAL_Driver/Src/stm32l0xx_hal_gpio.o
 .debug_info    0x000000000001120f     0x1fe5 Drivers/STM32L0xx_HAL_Driver/Src/stm32l0xx_hal_i2c.o
 .debug_info    0x00000000000131f4      0x931 Drivers/STM32L0xx_HAL_Driver/Src/stm32l0xx_hal_i2c_ex.o
 .debug_info    0x0000000000013b25      0x9e9 Drivers/STM32L0xx_HAL_Driver/Src/stm32l0xx_hal_rcc.o
 .debug_info    0x000000000001450e      0x863 Drivers/STM32L0xx_HAL_Driver/Src/stm32l0xx_hal_rcc_ex.o
 .debug_info    0x0000000000014d71     0x1622 Drivers/STM32L0xx_HAL_Driver/Src/stm32l0xx_hal_spi.o
 .debug_info    0x0000000000016393     0x26c8 Drivers/STM32L0xx_HAL_Driver/Src/stm32l0xx_hal_tim.o
 .debug_info    0x0000000000018a5b      0x767 Drivers/STM32L0xx_HAL_Driver/Src/stm32l0xx_hal_tim_ex.o
 .debug_info    0x00000000000191c2     0x1706 Drivers/STM32L0xx_HAL_Driver/Src/stm32l0xx_hal_uart.o

.debug_abbrev   0x0000000000000000     0x2f51
 .debug_abbrev  0x0000000000000000      0x1ff Core/Src/aes.o
 .debug_abbrev  0x00000000000001ff      0x257 Core/Src/debug.o
 .debug_abbrev  0x0000000000000456      0x311 Core/Src/hal.o
 .debug_abbrev  0x0000000000000767      0x479 Core/Src/lmic.o
 .debug_abbrev  0x0000000000000be0      0x33c Core/Src/main.o
 .debug_abbrev  0x0000000000000f1c      0x24b Core/Src/oslmic.o
 .debug_abbrev  0x0000000000001167      0x2cc Core/Src/radio.o
 .debug_abbrev  0x0000000000001433      0x1fa Core/Src/stm32l0xx_hal_msp.o
 .debug_abbrev  0x000000000000162d      0x185 Core/Src/stm32l0xx_it.o
 .debug_abbrev  0x00000000000017b2      0x12b Core/Src/system_stm32l0xx.o
 .debug_abbrev  0x00000000000018dd       0x12 Core/Startup/startup_stm32l073rztx.o
 .debug_abbrev  0x00000000000018ef      0x21b Drivers/STM32L0xx_HAL_Driver/Src/stm32l0xx_hal.o
 .debug_abbrev  0x0000000000001b0a      0x27c Drivers/STM32L0xx_HAL_Driver/Src/stm32l0xx_hal_cortex.o
 .debug_abbrev  0x0000000000001d86      0x1c0 Drivers/STM32L0xx_HAL_Driver/Src/stm32l0xx_hal_gpio.o
 .debug_abbrev  0x0000000000001f46      0x239 Drivers/STM32L0xx_HAL_Driver/Src/stm32l0xx_hal_i2c.o
 .debug_abbrev  0x000000000000217f      0x1b0 Drivers/STM32L0xx_HAL_Driver/Src/stm32l0xx_hal_i2c_ex.o
 .debug_abbrev  0x000000000000232f      0x200 Drivers/STM32L0xx_HAL_Driver/Src/stm32l0xx_hal_rcc.o
 .debug_abbrev  0x000000000000252f      0x1e1 Drivers/STM32L0xx_HAL_Driver/Src/stm32l0xx_hal_rcc_ex.o
 .debug_abbrev  0x0000000000002710      0x240 Drivers/STM32L0xx_HAL_Driver/Src/stm32l0xx_hal_spi.o
 .debug_abbrev  0x0000000000002950      0x23f Drivers/STM32L0xx_HAL_Driver/Src/stm32l0xx_hal_tim.o
 .debug_abbrev  0x0000000000002b8f      0x19e Drivers/STM32L0xx_HAL_Driver/Src/stm32l0xx_hal_tim_ex.o
 .debug_abbrev  0x0000000000002d2d      0x224 Drivers/STM32L0xx_HAL_Driver/Src/stm32l0xx_hal_uart.o

.debug_aranges  0x0000000000000000     0x15b8
 .debug_aranges
                0x0000000000000000       0x28 Core/Src/aes.o
 .debug_aranges
                0x0000000000000028       0x78 Core/Src/debug.o
 .debug_aranges
                0x00000000000000a0       0xa8 Core/Src/hal.o
 .debug_aranges
                0x0000000000000148      0x380 Core/Src/lmic.o
 .debug_aranges
                0x00000000000004c8       0xa0 Core/Src/main.o
 .debug_aranges
                0x0000000000000568       0x50 Core/Src/oslmic.o
 .debug_aranges
                0x00000000000005b8       0xc0 Core/Src/radio.o
 .debug_aranges
                0x0000000000000678       0x60 Core/Src/stm32l0xx_hal_msp.o
 .debug_aranges
                0x00000000000006d8       0x58 Core/Src/stm32l0xx_it.o
 .debug_aranges
                0x0000000000000730       0x28 Core/Src/system_stm32l0xx.o
 .debug_aranges
                0x0000000000000758       0x28 Core/Startup/startup_stm32l073rztx.o
 .debug_aranges
                0x0000000000000780      0x110 Drivers/STM32L0xx_HAL_Driver/Src/stm32l0xx_hal.o
 .debug_aranges
                0x0000000000000890       0xd8 Drivers/STM32L0xx_HAL_Driver/Src/stm32l0xx_hal_cortex.o
 .debug_aranges
                0x0000000000000968       0x58 Drivers/STM32L0xx_HAL_Driver/Src/stm32l0xx_hal_gpio.o
 .debug_aranges
                0x00000000000009c0      0x290 Drivers/STM32L0xx_HAL_Driver/Src/stm32l0xx_hal_i2c.o
 .debug_aranges
                0x0000000000000c50       0x48 Drivers/STM32L0xx_HAL_Driver/Src/stm32l0xx_hal_i2c_ex.o
 .debug_aranges
                0x0000000000000c98       0x80 Drivers/STM32L0xx_HAL_Driver/Src/stm32l0xx_hal_rcc.o
 .debug_aranges
                0x0000000000000d18       0xb0 Drivers/STM32L0xx_HAL_Driver/Src/stm32l0xx_hal_rcc_ex.o
 .debug_aranges
                0x0000000000000dc8      0x1d0 Drivers/STM32L0xx_HAL_Driver/Src/stm32l0xx_hal_spi.o
 .debug_aranges
                0x0000000000000f98      0x3d0 Drivers/STM32L0xx_HAL_Driver/Src/stm32l0xx_hal_tim.o
 .debug_aranges
                0x0000000000001368       0x28 Drivers/STM32L0xx_HAL_Driver/Src/stm32l0xx_hal_tim_ex.o
 .debug_aranges
                0x0000000000001390      0x228 Drivers/STM32L0xx_HAL_Driver/Src/stm32l0xx_hal_uart.o

.debug_ranges   0x0000000000000000     0x14c0
 .debug_ranges  0x0000000000000000       0x18 Core/Src/aes.o
 .debug_ranges  0x0000000000000018       0x68 Core/Src/debug.o
 .debug_ranges  0x0000000000000080       0x98 Core/Src/hal.o
 .debug_ranges  0x0000000000000118      0x3a0 Core/Src/lmic.o
 .debug_ranges  0x00000000000004b8       0x90 Core/Src/main.o
 .debug_ranges  0x0000000000000548       0x40 Core/Src/oslmic.o
 .debug_ranges  0x0000000000000588       0xb0 Core/Src/radio.o
 .debug_ranges  0x0000000000000638       0x50 Core/Src/stm32l0xx_hal_msp.o
 .debug_ranges  0x0000000000000688       0x48 Core/Src/stm32l0xx_it.o
 .debug_ranges  0x00000000000006d0       0x18 Core/Src/system_stm32l0xx.o
 .debug_ranges  0x00000000000006e8       0x20 Core/Startup/startup_stm32l073rztx.o
 .debug_ranges  0x0000000000000708      0x100 Drivers/STM32L0xx_HAL_Driver/Src/stm32l0xx_hal.o
 .debug_ranges  0x0000000000000808       0xc8 Drivers/STM32L0xx_HAL_Driver/Src/stm32l0xx_hal_cortex.o
 .debug_ranges  0x00000000000008d0       0x48 Drivers/STM32L0xx_HAL_Driver/Src/stm32l0xx_hal_gpio.o
 .debug_ranges  0x0000000000000918      0x280 Drivers/STM32L0xx_HAL_Driver/Src/stm32l0xx_hal_i2c.o
 .debug_ranges  0x0000000000000b98       0x38 Drivers/STM32L0xx_HAL_Driver/Src/stm32l0xx_hal_i2c_ex.o
 .debug_ranges  0x0000000000000bd0       0x70 Drivers/STM32L0xx_HAL_Driver/Src/stm32l0xx_hal_rcc.o
 .debug_ranges  0x0000000000000c40       0xa0 Drivers/STM32L0xx_HAL_Driver/Src/stm32l0xx_hal_rcc_ex.o
 .debug_ranges  0x0000000000000ce0      0x1c0 Drivers/STM32L0xx_HAL_Driver/Src/stm32l0xx_hal_spi.o
 .debug_ranges  0x0000000000000ea0      0x3c0 Drivers/STM32L0xx_HAL_Driver/Src/stm32l0xx_hal_tim.o
 .debug_ranges  0x0000000000001260       0x18 Drivers/STM32L0xx_HAL_Driver/Src/stm32l0xx_hal_tim_ex.o
 .debug_ranges  0x0000000000001278      0x248 Drivers/STM32L0xx_HAL_Driver/Src/stm32l0xx_hal_uart.o

.debug_macro    0x0000000000000000    0x168f1
 .debug_macro   0x0000000000000000      0x14c Core/Src/aes.o
 .debug_macro   0x000000000000014c      0xa54 Core/Src/aes.o
 .debug_macro   0x0000000000000ba0       0x22 Core/Src/aes.o
 .debug_macro   0x0000000000000bc2       0x40 Core/Src/aes.o
 .debug_macro   0x0000000000000c02       0x18 Core/Src/aes.o
 .debug_macro   0x0000000000000c1a       0x94 Core/Src/aes.o
 .debug_macro   0x0000000000000cae       0x3c Core/Src/aes.o
 .debug_macro   0x0000000000000cea       0x34 Core/Src/aes.o
 .debug_macro   0x0000000000000d1e      0x174 Core/Src/aes.o
 .debug_macro   0x0000000000000e92       0x57 Core/Src/aes.o
 .debug_macro   0x0000000000000ee9       0x52 Core/Src/aes.o
 .debug_macro   0x0000000000000f3b       0x1f Core/Src/aes.o
 .debug_macro   0x0000000000000f5a       0x43 Core/Src/aes.o
 .debug_macro   0x0000000000000f9d       0x20 Core/Src/aes.o
 .debug_macro   0x0000000000000fbd      0x1a3 Core/Src/aes.o
 .debug_macro   0x0000000000001160      0x330 Core/Src/aes.o
 .debug_macro   0x0000000000001490       0x10 Core/Src/aes.o
 .debug_macro   0x00000000000014a0       0x35 Core/Src/aes.o
 .debug_macro   0x00000000000014d5       0x20 Core/Src/aes.o
 .debug_macro   0x00000000000014f5       0xea Core/Src/aes.o
 .debug_macro   0x00000000000015df      0x2e2 Core/Src/debug.o
 .debug_macro   0x00000000000018c1      0x132 Core/Src/debug.o
 .debug_macro   0x00000000000019f3       0x2e Core/Src/debug.o
 .debug_macro   0x0000000000001a21       0x28 Core/Src/debug.o
 .debug_macro   0x0000000000001a49       0x8e Core/Src/debug.o
 .debug_macro   0x0000000000001ad7       0x51 Core/Src/debug.o
 .debug_macro   0x0000000000001b28       0xef Core/Src/debug.o
 .debug_macro   0x0000000000001c17       0x6a Core/Src/debug.o
 .debug_macro   0x0000000000001c81      0x1df Core/Src/debug.o
 .debug_macro   0x0000000000001e60       0x1c Core/Src/debug.o
 .debug_macro   0x0000000000001e7c       0x22 Core/Src/debug.o
 .debug_macro   0x0000000000001e9e       0xb5 Core/Src/debug.o
 .debug_macro   0x0000000000001f53      0x4da Core/Src/debug.o
 .debug_macro   0x000000000000242d      0x11f Core/Src/debug.o
 .debug_macro   0x000000000000254c     0xa445 Core/Src/debug.o
 .debug_macro   0x000000000000c991       0x3c Core/Src/debug.o
 .debug_macro   0x000000000000c9cd     0x352b Core/Src/debug.o
 .debug_macro   0x000000000000fef8       0x5b Core/Src/debug.o
 .debug_macro   0x000000000000ff53      0x8eb Core/Src/debug.o
 .debug_macro   0x000000000001083e      0xbb4 Core/Src/debug.o
 .debug_macro   0x00000000000113f2      0x197 Core/Src/debug.o
 .debug_macro   0x0000000000011589      0x13f Core/Src/debug.o
 .debug_macro   0x00000000000116c8      0x1d1 Core/Src/debug.o
 .debug_macro   0x0000000000011899      0x28e Core/Src/debug.o
 .debug_macro   0x0000000000011b27      0x1e9 Core/Src/debug.o
 .debug_macro   0x0000000000011d10      0x13e Core/Src/debug.o
 .debug_macro   0x0000000000011e4e      0x4b5 Core/Src/debug.o
 .debug_macro   0x0000000000012303      0x22c Core/Src/debug.o
 .debug_macro   0x000000000001252f       0x5b Core/Src/debug.o
 .debug_macro   0x000000000001258a       0xa5 Core/Src/debug.o
 .debug_macro   0x000000000001262f      0x18d Core/Src/debug.o
 .debug_macro   0x00000000000127bc       0x16 Core/Src/debug.o
 .debug_macro   0x00000000000127d2      0x22c Core/Src/debug.o
 .debug_macro   0x00000000000129fe      0x773 Core/Src/debug.o
 .debug_macro   0x0000000000013171       0xfc Core/Src/debug.o
 .debug_macro   0x000000000001326d      0x5ba Core/Src/debug.o
 .debug_macro   0x0000000000013827       0x44 Core/Src/debug.o
 .debug_macro   0x000000000001386b      0x1a2 Core/Src/debug.o
 .debug_macro   0x0000000000013a0d       0x8e Core/Src/debug.o
 .debug_macro   0x0000000000013a9b       0x46 Core/Src/debug.o
 .debug_macro   0x0000000000013ae1      0x32a Core/Src/debug.o
 .debug_macro   0x0000000000013e0b       0x11 Core/Src/debug.o
 .debug_macro   0x0000000000013e1c       0x1d Core/Src/debug.o
 .debug_macro   0x0000000000013e39      0x2de Core/Src/hal.o
 .debug_macro   0x0000000000014117       0xaf Core/Src/hal.o
 .debug_macro   0x00000000000141c6       0x55 Core/Src/hal.o
 .debug_macro   0x000000000001421b      0x1bb Core/Src/lmic.o
 .debug_macro   0x00000000000143d6      0x2dc Core/Src/main.o
 .debug_macro   0x00000000000146b2      0x12d Core/Src/oslmic.o
 .debug_macro   0x00000000000147df      0x5ce Core/Src/radio.o
 .debug_macro   0x0000000000014dad      0x1e2 Core/Src/stm32l0xx_hal_msp.o
 .debug_macro   0x0000000000014f8f      0x1ec Core/Src/stm32l0xx_it.o
 .debug_macro   0x000000000001517b      0x1d3 Core/Src/system_stm32l0xx.o
 .debug_macro   0x000000000001534e      0x1f7 Drivers/STM32L0xx_HAL_Driver/Src/stm32l0xx_hal.o
 .debug_macro   0x0000000000015545      0x1d3 Drivers/STM32L0xx_HAL_Driver/Src/stm32l0xx_hal_cortex.o
 .debug_macro   0x0000000000015718      0x20b Drivers/STM32L0xx_HAL_Driver/Src/stm32l0xx_hal_gpio.o
 .debug_macro   0x0000000000015923      0x298 Drivers/STM32L0xx_HAL_Driver/Src/stm32l0xx_hal_i2c.o
 .debug_macro   0x0000000000015bbb      0x1d3 Drivers/STM32L0xx_HAL_Driver/Src/stm32l0xx_hal_i2c_ex.o
 .debug_macro   0x0000000000015d8e      0x209 Drivers/STM32L0xx_HAL_Driver/Src/stm32l0xx_hal_rcc.o
 .debug_macro   0x0000000000015f97      0x1d3 Drivers/STM32L0xx_HAL_Driver/Src/stm32l0xx_hal_rcc_ex.o
 .debug_macro   0x000000000001616a      0x1e2 Drivers/STM32L0xx_HAL_Driver/Src/stm32l0xx_hal_spi.o
 .debug_macro   0x000000000001634c      0x1d4 Drivers/STM32L0xx_HAL_Driver/Src/stm32l0xx_hal_tim.o
 .debug_macro   0x0000000000016520      0x1d3 Drivers/STM32L0xx_HAL_Driver/Src/stm32l0xx_hal_tim_ex.o
 .debug_macro   0x00000000000166f3      0x1fe Drivers/STM32L0xx_HAL_Driver/Src/stm32l0xx_hal_uart.o

.debug_line     0x0000000000000000    0x11a13
 .debug_line    0x0000000000000000      0x639 Core/Src/aes.o
 .debug_line    0x0000000000000639      0x9e8 Core/Src/debug.o
 .debug_line    0x0000000000001021      0xa10 Core/Src/hal.o
 .debug_line    0x0000000000001a31     0x1424 Core/Src/lmic.o
 .debug_line    0x0000000000002e55      0xa70 Core/Src/main.o
 .debug_line    0x00000000000038c5      0x5aa Core/Src/oslmic.o
 .debug_line    0x0000000000003e6f      0x7f6 Core/Src/radio.o
 .debug_line    0x0000000000004665      0x7cd Core/Src/stm32l0xx_hal_msp.o
 .debug_line    0x0000000000004e32      0x79d Core/Src/stm32l0xx_it.o
 .debug_line    0x00000000000055cf      0x735 Core/Src/system_stm32l0xx.o
 .debug_line    0x0000000000005d04       0x89 Core/Startup/startup_stm32l073rztx.o
 .debug_line    0x0000000000005d8d      0x99c Drivers/STM32L0xx_HAL_Driver/Src/stm32l0xx_hal.o
 .debug_line    0x0000000000006729      0xa8b Drivers/STM32L0xx_HAL_Driver/Src/stm32l0xx_hal_cortex.o
 .debug_line    0x00000000000071b4      0xb21 Drivers/STM32L0xx_HAL_Driver/Src/stm32l0xx_hal_gpio.o
 .debug_line    0x0000000000007cd5     0x1d70 Drivers/STM32L0xx_HAL_Driver/Src/stm32l0xx_hal_i2c.o
 .debug_line    0x0000000000009a45      0x8fb Drivers/STM32L0xx_HAL_Driver/Src/stm32l0xx_hal_i2c_ex.o
 .debug_line    0x000000000000a340      0xc44 Drivers/STM32L0xx_HAL_Driver/Src/stm32l0xx_hal_rcc.o
 .debug_line    0x000000000000af84      0xb96 Drivers/STM32L0xx_HAL_Driver/Src/stm32l0xx_hal_rcc_ex.o
 .debug_line    0x000000000000bb1a     0x129a Drivers/STM32L0xx_HAL_Driver/Src/stm32l0xx_hal_spi.o
 .debug_line    0x000000000000cdb4     0x2f93 Drivers/STM32L0xx_HAL_Driver/Src/stm32l0xx_hal_tim.o
 .debug_line    0x000000000000fd47      0x808 Drivers/STM32L0xx_HAL_Driver/Src/stm32l0xx_hal_tim_ex.o
 .debug_line    0x000000000001054f     0x14c4 Drivers/STM32L0xx_HAL_Driver/Src/stm32l0xx_hal_uart.o

.debug_str      0x0000000000000000    0x89795
 .debug_str     0x0000000000000000     0x6a64 Core/Src/aes.o
                                       0x6bdf (size before relaxing)
 .debug_str     0x0000000000006a64    0x7c2f1 Core/Src/debug.o
                                      0x82f88 (size before relaxing)
 .debug_str     0x0000000000082d55      0x324 Core/Src/hal.o
                                      0x83143 (size before relaxing)
 .debug_str     0x0000000000083079     0x13a9 Core/Src/lmic.o
                                       0x8438 (size before relaxing)
 .debug_str     0x0000000000084422      0x626 Core/Src/main.o
                                      0x837d4 (size before relaxing)
 .debug_str     0x0000000000084a48       0x92 Core/Src/oslmic.o
                                       0x6f89 (size before relaxing)
 .debug_str     0x0000000000084ada     0x1237 Core/Src/radio.o
                                       0x81da (size before relaxing)
 .debug_str     0x0000000000085d11       0xda Core/Src/stm32l0xx_hal_msp.o
                                      0x7f7a3 (size before relaxing)
 .debug_str     0x0000000000085deb       0xae Core/Src/stm32l0xx_it.o
                                      0x7f4ad (size before relaxing)
 .debug_str     0x0000000000085e99       0x61 Core/Src/system_stm32l0xx.o
                                      0x7e7d7 (size before relaxing)
 .debug_str     0x0000000000085efa       0x36 Core/Startup/startup_stm32l073rztx.o
                                         0x77 (size before relaxing)
 .debug_str     0x0000000000085f30      0x40a Drivers/STM32L0xx_HAL_Driver/Src/stm32l0xx_hal.o
                                      0x7ee8f (size before relaxing)
 .debug_str     0x000000000008633a      0x2d9 Drivers/STM32L0xx_HAL_Driver/Src/stm32l0xx_hal_cortex.o
                                      0x7eca8 (size before relaxing)
 .debug_str     0x0000000000086613      0x1db Drivers/STM32L0xx_HAL_Driver/Src/stm32l0xx_hal_gpio.o
                                      0x7ea7c (size before relaxing)
 .debug_str     0x00000000000867ee      0xd44 Drivers/STM32L0xx_HAL_Driver/Src/stm32l0xx_hal_i2c.o
                                      0x7fa42 (size before relaxing)
 .debug_str     0x0000000000087532       0xb8 Drivers/STM32L0xx_HAL_Driver/Src/stm32l0xx_hal_i2c_ex.o
                                      0x7ed87 (size before relaxing)
 .debug_str     0x00000000000875ea      0x2d2 Drivers/STM32L0xx_HAL_Driver/Src/stm32l0xx_hal_rcc.o
                                      0x7ecf2 (size before relaxing)
 .debug_str     0x00000000000878bc      0x340 Drivers/STM32L0xx_HAL_Driver/Src/stm32l0xx_hal_rcc_ex.o
                                      0x7ecb8 (size before relaxing)
 .debug_str     0x0000000000087bfc      0x55f Drivers/STM32L0xx_HAL_Driver/Src/stm32l0xx_hal_spi.o
                                      0x7f0b9 (size before relaxing)
 .debug_str     0x000000000008815b      0xd43 Drivers/STM32L0xx_HAL_Driver/Src/stm32l0xx_hal_tim.o
                                      0x7fac0 (size before relaxing)
 .debug_str     0x0000000000088e9e       0x7d Drivers/STM32L0xx_HAL_Driver/Src/stm32l0xx_hal_tim_ex.o
                                      0x7ec9e (size before relaxing)
 .debug_str     0x0000000000088f1b      0x87a Drivers/STM32L0xx_HAL_Driver/Src/stm32l0xx_hal_uart.o
                                      0x7f4cc (size before relaxing)

.comment        0x0000000000000000       0x7b
 .comment       0x0000000000000000       0x7b Core/Src/aes.o
                                         0x7c (size before relaxing)
 .comment       0x000000000000007b       0x7c Core/Src/debug.o
 .comment       0x000000000000007b       0x7c Core/Src/hal.o
 .comment       0x000000000000007b       0x7c Core/Src/lmic.o
 .comment       0x000000000000007b       0x7c Core/Src/main.o
 .comment       0x000000000000007b       0x7c Core/Src/oslmic.o
 .comment       0x000000000000007b       0x7c Core/Src/radio.o
 .comment       0x000000000000007b       0x7c Core/Src/stm32l0xx_hal_msp.o
 .comment       0x000000000000007b       0x7c Core/Src/stm32l0xx_it.o
 .comment       0x000000000000007b       0x7c Core/Src/system_stm32l0xx.o
 .comment       0x000000000000007b       0x7c Drivers/STM32L0xx_HAL_Driver/Src/stm32l0xx_hal.o
 .comment       0x000000000000007b       0x7c Drivers/STM32L0xx_HAL_Driver/Src/stm32l0xx_hal_cortex.o
 .comment       0x000000000000007b       0x7c Drivers/STM32L0xx_HAL_Driver/Src/stm32l0xx_hal_gpio.o
 .comment       0x000000000000007b       0x7c Drivers/STM32L0xx_HAL_Driver/Src/stm32l0xx_hal_i2c.o
 .comment       0x000000000000007b       0x7c Drivers/STM32L0xx_HAL_Driver/Src/stm32l0xx_hal_i2c_ex.o
 .comment       0x000000000000007b       0x7c Drivers/STM32L0xx_HAL_Driver/Src/stm32l0xx_hal_rcc.o
 .comment       0x000000000000007b       0x7c Drivers/STM32L0xx_HAL_Driver/Src/stm32l0xx_hal_rcc_ex.o
 .comment       0x000000000000007b       0x7c Drivers/STM32L0xx_HAL_Driver/Src/stm32l0xx_hal_spi.o
 .comment       0x000000000000007b       0x7c Drivers/STM32L0xx_HAL_Driver/Src/stm32l0xx_hal_tim.o
 .comment       0x000000000000007b       0x7c Drivers/STM32L0xx_HAL_Driver/Src/stm32l0xx_hal_tim_ex.o
 .comment       0x000000000000007b       0x7c Drivers/STM32L0xx_HAL_Driver/Src/stm32l0xx_hal_uart.o

.debug_frame    0x0000000000000000     0x5050
 .debug_frame   0x0000000000000000       0x50 Core/Src/aes.o
 .debug_frame   0x0000000000000050      0x18c Core/Src/debug.o
 .debug_frame   0x00000000000001dc      0x234 Core/Src/hal.o
 .debug_frame   0x0000000000000410      0xd8c Core/Src/lmic.o
 .debug_frame   0x000000000000119c      0x220 Core/Src/main.o
 .debug_frame   0x00000000000013bc       0xe8 Core/Src/oslmic.o
 .debug_frame   0x00000000000014a4      0x2b4 Core/Src/radio.o
 .debug_frame   0x0000000000001758      0x12c Core/Src/stm32l0xx_hal_msp.o
 .debug_frame   0x0000000000001884       0xf0 Core/Src/stm32l0xx_it.o
 .debug_frame   0x0000000000001974       0x4c Core/Src/system_stm32l0xx.o
 .debug_frame   0x00000000000019c0      0x394 Drivers/STM32L0xx_HAL_Driver/Src/stm32l0xx_hal.o
 .debug_frame   0x0000000000001d54      0x2fc Drivers/STM32L0xx_HAL_Driver/Src/stm32l0xx_hal_cortex.o
 .debug_frame   0x0000000000002050      0x110 Drivers/STM32L0xx_HAL_Driver/Src/stm32l0xx_hal_gpio.o
 .debug_frame   0x0000000000002160      0xa20 Drivers/STM32L0xx_HAL_Driver/Src/stm32l0xx_hal_i2c.o
 .debug_frame   0x0000000000002b80       0xd0 Drivers/STM32L0xx_HAL_Driver/Src/stm32l0xx_hal_i2c_ex.o
 .debug_frame   0x0000000000002c50      0x1a8 Drivers/STM32L0xx_HAL_Driver/Src/stm32l0xx_hal_rcc.o
 .debug_frame   0x0000000000002df8      0x244 Drivers/STM32L0xx_HAL_Driver/Src/stm32l0xx_hal_rcc_ex.o
 .debug_frame   0x000000000000303c      0x6f0 Drivers/STM32L0xx_HAL_Driver/Src/stm32l0xx_hal_spi.o
 .debug_frame   0x000000000000372c      0xef0 Drivers/STM32L0xx_HAL_Driver/Src/stm32l0xx_hal_tim.o
 .debug_frame   0x000000000000461c       0x50 Drivers/STM32L0xx_HAL_Driver/Src/stm32l0xx_hal_tim_ex.o
 .debug_frame   0x000000000000466c      0x854 Drivers/STM32L0xx_HAL_Driver/Src/stm32l0xx_hal_uart.o
 .debug_frame   0x0000000000004ec0       0x2c c:/st/stm32cubeide_1.5.1/stm32cubeide/plugins/com.st.stm32cube.ide.mcu.externaltools.gnu-tools-for-stm32.7-2018-q2-update.win32_1.5.0.202011040924/tools/bin/../lib/gcc/arm-none-eabi/7.3.1/../../../../arm-none-eabi/lib/thumb/v6-m\libc_nano.a(lib_a-init.o)
 .debug_frame   0x0000000000004eec       0x28 c:/st/stm32cubeide_1.5.1/stm32cubeide/plugins/com.st.stm32cube.ide.mcu.externaltools.gnu-tools-for-stm32.7-2018-q2-update.win32_1.5.0.202011040924/tools/bin/../lib/gcc/arm-none-eabi/7.3.1/../../../../arm-none-eabi/lib/thumb/v6-m\libc_nano.a(lib_a-memcpy-stub.o)
 .debug_frame   0x0000000000004f14       0x20 c:/st/stm32cubeide_1.5.1/stm32cubeide/plugins/com.st.stm32cube.ide.mcu.externaltools.gnu-tools-for-stm32.7-2018-q2-update.win32_1.5.0.202011040924/tools/bin/../lib/gcc/arm-none-eabi/7.3.1/../../../../arm-none-eabi/lib/thumb/v6-m\libc_nano.a(lib_a-memset.o)
 .debug_frame   0x0000000000004f34       0x20 c:/st/stm32cubeide_1.5.1/stm32cubeide/plugins/com.st.stm32cube.ide.mcu.externaltools.gnu-tools-for-stm32.7-2018-q2-update.win32_1.5.0.202011040924/tools/bin/../lib/gcc/arm-none-eabi/7.3.1/thumb/v6-m\libgcc.a(_udivsi3.o)
 .debug_frame   0x0000000000004f54       0x20 c:/st/stm32cubeide_1.5.1/stm32cubeide/plugins/com.st.stm32cube.ide.mcu.externaltools.gnu-tools-for-stm32.7-2018-q2-update.win32_1.5.0.202011040924/tools/bin/../lib/gcc/arm-none-eabi/7.3.1/thumb/v6-m\libgcc.a(_divsi3.o)
 .debug_frame   0x0000000000004f74       0x34 c:/st/stm32cubeide_1.5.1/stm32cubeide/plugins/com.st.stm32cube.ide.mcu.externaltools.gnu-tools-for-stm32.7-2018-q2-update.win32_1.5.0.202011040924/tools/bin/../lib/gcc/arm-none-eabi/7.3.1/thumb/v6-m\libgcc.a(_muldi3.o)
 .debug_frame   0x0000000000004fa8       0x3c c:/st/stm32cubeide_1.5.1/stm32cubeide/plugins/com.st.stm32cube.ide.mcu.externaltools.gnu-tools-for-stm32.7-2018-q2-update.win32_1.5.0.202011040924/tools/bin/../lib/gcc/arm-none-eabi/7.3.1/thumb/v6-m\libgcc.a(_udivmoddi4.o)
 .debug_frame   0x0000000000004fe4       0x30 c:/st/stm32cubeide_1.5.1/stm32cubeide/plugins/com.st.stm32cube.ide.mcu.externaltools.gnu-tools-for-stm32.7-2018-q2-update.win32_1.5.0.202011040924/tools/bin/../lib/gcc/arm-none-eabi/7.3.1/thumb/v6-m\libgcc.a(bpabi.o)
 .debug_frame   0x0000000000005014       0x3c c:/st/stm32cubeide_1.5.1/stm32cubeide/plugins/com.st.stm32cube.ide.mcu.externaltools.gnu-tools-for-stm32.7-2018-q2-update.win32_1.5.0.202011040924/tools/bin/../lib/gcc/arm-none-eabi/7.3.1/thumb/v6-m\libgcc.a(_divdi3.o)
