Archive member included to satisfy reference by file (symbol)

c:/st/stm32cubeide_1.7.0/stm32cubeide/plugins/com.st.stm32cube.ide.mcu.externaltools.gnu-tools-for-stm32.9-2020-q2-update.win32_2.0.0.202105311346/tools/bin/../lib/gcc/arm-none-eabi/9.3.1/../../../../arm-none-eabi/lib/thumb/v6-m/nofp\libc_nano.a(lib_a-errno.o)
                              ./Core/Src/syscalls.o (__errno)
c:/st/stm32cubeide_1.7.0/stm32cubeide/plugins/com.st.stm32cube.ide.mcu.externaltools.gnu-tools-for-stm32.9-2020-q2-update.win32_2.0.0.202105311346/tools/bin/../lib/gcc/arm-none-eabi/9.3.1/../../../../arm-none-eabi/lib/thumb/v6-m/nofp\libc_nano.a(lib_a-exit.o)
                              c:/st/stm32cubeide_1.7.0/stm32cubeide/plugins/com.st.stm32cube.ide.mcu.externaltools.gnu-tools-for-stm32.9-2020-q2-update.win32_2.0.0.202105311346/tools/bin/../lib/gcc/arm-none-eabi/9.3.1/../../../../arm-none-eabi/lib/thumb/v6-m/nofp/crt0.o (exit)
c:/st/stm32cubeide_1.7.0/stm32cubeide/plugins/com.st.stm32cube.ide.mcu.externaltools.gnu-tools-for-stm32.9-2020-q2-update.win32_2.0.0.202105311346/tools/bin/../lib/gcc/arm-none-eabi/9.3.1/../../../../arm-none-eabi/lib/thumb/v6-m/nofp\libc_nano.a(lib_a-impure.o)
                              c:/st/stm32cubeide_1.7.0/stm32cubeide/plugins/com.st.stm32cube.ide.mcu.externaltools.gnu-tools-for-stm32.9-2020-q2-update.win32_2.0.0.202105311346/tools/bin/../lib/gcc/arm-none-eabi/9.3.1/../../../../arm-none-eabi/lib/thumb/v6-m/nofp\libc_nano.a(lib_a-exit.o) (_global_impure_ptr)
c:/st/stm32cubeide_1.7.0/stm32cubeide/plugins/com.st.stm32cube.ide.mcu.externaltools.gnu-tools-for-stm32.9-2020-q2-update.win32_2.0.0.202105311346/tools/bin/../lib/gcc/arm-none-eabi/9.3.1/../../../../arm-none-eabi/lib/thumb/v6-m/nofp\libc_nano.a(lib_a-init.o)
                              c:/st/stm32cubeide_1.7.0/stm32cubeide/plugins/com.st.stm32cube.ide.mcu.externaltools.gnu-tools-for-stm32.9-2020-q2-update.win32_2.0.0.202105311346/tools/bin/../lib/gcc/arm-none-eabi/9.3.1/../../../../arm-none-eabi/lib/thumb/v6-m/nofp/crt0.o (__libc_init_array)
c:/st/stm32cubeide_1.7.0/stm32cubeide/plugins/com.st.stm32cube.ide.mcu.externaltools.gnu-tools-for-stm32.9-2020-q2-update.win32_2.0.0.202105311346/tools/bin/../lib/gcc/arm-none-eabi/9.3.1/../../../../arm-none-eabi/lib/thumb/v6-m/nofp\libc_nano.a(lib_a-memcpy-stub.o)
                              ./Core/Src/lmic.o (memcpy)
c:/st/stm32cubeide_1.7.0/stm32cubeide/plugins/com.st.stm32cube.ide.mcu.externaltools.gnu-tools-for-stm32.9-2020-q2-update.win32_2.0.0.202105311346/tools/bin/../lib/gcc/arm-none-eabi/9.3.1/../../../../arm-none-eabi/lib/thumb/v6-m/nofp\libc_nano.a(lib_a-memset.o)
                              c:/st/stm32cubeide_1.7.0/stm32cubeide/plugins/com.st.stm32cube.ide.mcu.externaltools.gnu-tools-for-stm32.9-2020-q2-update.win32_2.0.0.202105311346/tools/bin/../lib/gcc/arm-none-eabi/9.3.1/../../../../arm-none-eabi/lib/thumb/v6-m/nofp/crt0.o (memset)
c:/st/stm32cubeide_1.7.0/stm32cubeide/plugins/com.st.stm32cube.ide.mcu.externaltools.gnu-tools-for-stm32.9-2020-q2-update.win32_2.0.0.202105311346/tools/bin/../lib/gcc/arm-none-eabi/9.3.1/thumb/v6-m/nofp\libgcc.a(_udivsi3.o)
                              ./Core/Src/debug.o (__aeabi_uidiv)
c:/st/stm32cubeide_1.7.0/stm32cubeide/plugins/com.st.stm32cube.ide.mcu.externaltools.gnu-tools-for-stm32.9-2020-q2-update.win32_2.0.0.202105311346/tools/bin/../lib/gcc/arm-none-eabi/9.3.1/thumb/v6-m/nofp\libgcc.a(_divsi3.o)
                              ./Core/Src/lmic.o (__aeabi_idiv)
c:/st/stm32cubeide_1.7.0/stm32cubeide/plugins/com.st.stm32cube.ide.mcu.externaltools.gnu-tools-for-stm32.9-2020-q2-update.win32_2.0.0.202105311346/tools/bin/../lib/gcc/arm-none-eabi/9.3.1/thumb/v6-m/nofp\libgcc.a(_dvmd_tls.o)
                              c:/st/stm32cubeide_1.7.0/stm32cubeide/plugins/com.st.stm32cube.ide.mcu.externaltools.gnu-tools-for-stm32.9-2020-q2-update.win32_2.0.0.202105311346/tools/bin/../lib/gcc/arm-none-eabi/9.3.1/thumb/v6-m/nofp\libgcc.a(_udivsi3.o) (__aeabi_idiv0)
c:/st/stm32cubeide_1.7.0/stm32cubeide/plugins/com.st.stm32cube.ide.mcu.externaltools.gnu-tools-for-stm32.9-2020-q2-update.win32_2.0.0.202105311346/tools/bin/../lib/gcc/arm-none-eabi/9.3.1/thumb/v6-m/nofp\libgcc.a(_aeabi_ldivmod.o)
                              ./Core/Src/lmic.o (__aeabi_ldivmod)
c:/st/stm32cubeide_1.7.0/stm32cubeide/plugins/com.st.stm32cube.ide.mcu.externaltools.gnu-tools-for-stm32.9-2020-q2-update.win32_2.0.0.202105311346/tools/bin/../lib/gcc/arm-none-eabi/9.3.1/thumb/v6-m/nofp\libgcc.a(_aeabi_uldivmod.o)
                              ./Core/Src/radio.o (__aeabi_uldivmod)
c:/st/stm32cubeide_1.7.0/stm32cubeide/plugins/com.st.stm32cube.ide.mcu.externaltools.gnu-tools-for-stm32.9-2020-q2-update.win32_2.0.0.202105311346/tools/bin/../lib/gcc/arm-none-eabi/9.3.1/thumb/v6-m/nofp\libgcc.a(_muldi3.o)
                              ./Core/Src/lmic.o (__aeabi_lmul)
[...]
Memory Configuration

Name             Origin             Length             Attributes
RAM              0x0000000020000000 0x0000000000005000 xrw
FLASH            0x0000000008000000 0x0000000000030000 xr
*default*        0x0000000000000000 0xffffffffffffffff

Linker script and memory map

LOAD c:/st/stm32cubeide_1.7.0/stm32cubeide/plugins/com.st.stm32cube.ide.mcu.externaltools.gnu-tools-for-stm32.9-2020-q2-update.win32_2.0.0.202105311346/tools/bin/../lib/gcc/arm-none-eabi/9.3.1/thumb/v6-m/nofp/crti.o
LOAD c:/st/stm32cubeide_1.7.0/stm32cubeide/plugins/com.st.stm32cube.ide.mcu.externaltools.gnu-tools-for-stm32.9-2020-q2-update.win32_2.0.0.202105311346/tools/bin/../lib/gcc/arm-none-eabi/9.3.1/thumb/v6-m/nofp/crtbegin.o
LOAD c:/st/stm32cubeide_1.7.0/stm32cubeide/plugins/com.st.stm32cube.ide.mcu.externaltools.gnu-tools-for-stm32.9-2020-q2-update.win32_2.0.0.202105311346/tools/bin/../lib/gcc/arm-none-eabi/9.3.1/../../../../arm-none-eabi/lib/thumb/v6-m/nofp/crt0.o
LOAD ./Core/Src/aes.o
LOAD ./Core/Src/debug.o
LOAD ./Core/Src/hal.o
LOAD ./Core/Src/i2c_hal.o
LOAD ./Core/Src/lmic.o
LOAD ./Core/Src/main.o
LOAD ./Core/Src/oslmic.o
LOAD ./Core/Src/radio.o
LOAD ./Core/Src/sdp800.o
LOAD ./Core/Src/stm32l0xx_hal_msp.o
LOAD ./Core/Src/stm32l0xx_it.o
LOAD ./Core/Src/syscalls.o
LOAD ./Core/Src/sysmem.o
LOAD ./Core/Src/system.o
LOAD ./Core/Src/system_stm32l0xx.o
LOAD ./Core/Startup/startup_stm32l073rztx.o
LOAD ./Drivers/STM32L0xx_HAL_Driver/Src/stm32l0xx_hal.o
LOAD ./Drivers/STM32L0xx_HAL_Driver/Src/stm32l0xx_hal_adc.o
LOAD ./Drivers/STM32L0xx_HAL_Driver/Src/stm32l0xx_hal_adc_ex.o
LOAD ./Drivers/STM32L0xx_HAL_Driver/Src/stm32l0xx_hal_cortex.o
LOAD ./Drivers/STM32L0xx_HAL_Driver/Src/stm32l0xx_hal_dma.o
LOAD ./Drivers/STM32L0xx_HAL_Driver/Src/stm32l0xx_hal_exti.o
LOAD ./Drivers/STM32L0xx_HAL_Driver/Src/stm32l0xx_hal_flash.o
LOAD ./Drivers/STM32L0xx_HAL_Driver/Src/stm32l0xx_hal_flash_ex.o
LOAD ./Drivers/STM32L0xx_HAL_Driver/Src/stm32l0xx_hal_flash_ramfunc.o
LOAD ./Drivers/STM32L0xx_HAL_Driver/Src/stm32l0xx_hal_gpio.o
LOAD ./Drivers/STM32L0xx_HAL_Driver/Src/stm32l0xx_hal_i2c.o
LOAD ./Drivers/STM32L0xx_HAL_Driver/Src/stm32l0xx_hal_i2c_ex.o
LOAD ./Drivers/STM32L0xx_HAL_Driver/Src/stm32l0xx_hal_pwr.o
LOAD ./Drivers/STM32L0xx_HAL_Driver/Src/stm32l0xx_hal_pwr_ex.o
LOAD ./Drivers/STM32L0xx_HAL_Driver/Src/stm32l0xx_hal_rcc.o
LOAD ./Drivers/STM32L0xx_HAL_Driver/Src/stm32l0xx_hal_rcc_ex.o
LOAD ./Drivers/STM32L0xx_HAL_Driver/Src/stm32l0xx_hal_spi.o
LOAD ./Drivers/STM32L0xx_HAL_Driver/Src/stm32l0xx_hal_tim.o
LOAD ./Drivers/STM32L0xx_HAL_Driver/Src/stm32l0xx_hal_tim_ex.o
LOAD ./Drivers/STM32L0xx_HAL_Driver/Src/stm32l0xx_hal_uart.o
LOAD ./Drivers/STM32L0xx_HAL_Driver/Src/stm32l0xx_hal_uart_ex.o
START GROUP
LOAD c:/st/stm32cubeide_1.7.0/stm32cubeide/plugins/com.st.stm32cube.ide.mcu.externaltools.gnu-tools-for-stm32.9-2020-q2-update.win32_2.0.0.202105311346/tools/bin/../lib/gcc/arm-none-eabi/9.3.1/../../../../arm-none-eabi/lib/thumb/v6-m/nofp\libc_nano.a
LOAD c:/st/stm32cubeide_1.7.0/stm32cubeide/plugins/com.st.stm32cube.ide.mcu.externaltools.gnu-tools-for-stm32.9-2020-q2-update.win32_2.0.0.202105311346/tools/bin/../lib/gcc/arm-none-eabi/9.3.1/../../../../arm-none-eabi/lib/thumb/v6-m/nofp\libm.a
END GROUP
START GROUP
LOAD c:/st/stm32cubeide_1.7.0/stm32cubeide/plugins/com.st.stm32cube.ide.mcu.externaltools.gnu-tools-for-stm32.9-2020-q2-update.win32_2.0.0.202105311346/tools/bin/../lib/gcc/arm-none-eabi/9.3.1/thumb/v6-m/nofp\libgcc.a
LOAD c:/st/stm32cubeide_1.7.0/stm32cubeide/plugins/com.st.stm32cube.ide.mcu.externaltools.gnu-tools-for-stm32.9-2020-q2-update.win32_2.0.0.202105311346/tools/bin/../lib/gcc/arm-none-eabi/9.3.1/../../../../arm-none-eabi/lib/thumb/v6-m/nofp\libc_nano.a
END GROUP
START GROUP
LOAD c:/st/stm32cubeide_1.7.0/stm32cubeide/plugins/com.st.stm32cube.ide.mcu.externaltools.gnu-tools-for-stm32.9-2020-q2-update.win32_2.0.0.202105311346/tools/bin/../lib/gcc/arm-none-eabi/9.3.1/thumb/v6-m/nofp\libgcc.a
LOAD c:/st/stm32cubeide_1.7.0/stm32cubeide/plugins/com.st.stm32cube.ide.mcu.externaltools.gnu-tools-for-stm32.9-2020-q2-update.win32_2.0.0.202105311346/tools/bin/../lib/gcc/arm-none-eabi/9.3.1/../../../../arm-none-eabi/lib/thumb/v6-m/nofp\libc_nano.a
LOAD c:/st/stm32cubeide_1.7.0/stm32cubeide/plugins/com.st.stm32cube.ide.mcu.externaltools.gnu-tools-for-stm32.9-2020-q2-update.win32_2.0.0.202105311346/tools/bin/../lib/gcc/arm-none-eabi/9.3.1/../../../../arm-none-eabi/lib/thumb/v6-m/nofp\libnosys.a
END GROUP
START GROUP
LOAD c:/st/stm32cubeide_1.7.0/stm32cubeide/plugins/com.st.stm32cube.ide.mcu.externaltools.gnu-tools-for-stm32.9-2020-q2-update.win32_2.0.0.202105311346/tools/bin/../lib/gcc/arm-none-eabi/9.3.1/thumb/v6-m/nofp\libgcc.a
LOAD c:/st/stm32cubeide_1.7.0/stm32cubeide/plugins/com.st.stm32cube.ide.mcu.externaltools.gnu-tools-for-stm32.9-2020-q2-update.win32_2.0.0.202105311346/tools/bin/../lib/gcc/arm-none-eabi/9.3.1/../../../../arm-none-eabi/lib/thumb/v6-m/nofp\libc_nano.a
LOAD c:/st/stm32cubeide_1.7.0/stm32cubeide/plugins/com.st.stm32cube.ide.mcu.externaltools.gnu-tools-for-stm32.9-2020-q2-update.win32_2.0.0.202105311346/tools/bin/../lib/gcc/arm-none-eabi/9.3.1/../../../../arm-none-eabi/lib/thumb/v6-m/nofp\libnosys.a
END GROUP
LOAD c:/st/stm32cubeide_1.7.0/stm32cubeide/plugins/com.st.stm32cube.ide.mcu.externaltools.gnu-tools-for-stm32.9-2020-q2-update.win32_2.0.0.202105311346/tools/bin/../lib/gcc/arm-none-eabi/9.3.1/thumb/v6-m/nofp/crtend.o
LOAD c:/st/stm32cubeide_1.7.0/stm32cubeide/plugins/com.st.stm32cube.ide.mcu.externaltools.gnu-tools-for-stm32.9-2020-q2-update.win32_2.0.0.202105311346/tools/bin/../lib/gcc/arm-none-eabi/9.3.1/thumb/v6-m/nofp/crtn.o
                0x0000000020005000                _estack = (ORIGIN (RAM) + LENGTH (RAM))
                0x0000000000000200                _Min_Heap_Size = 0x200
                0x0000000000000400                _Min_Stack_Size = 0x400

.isr_vector     0x0000000008000000       0xc0
                0x0000000008000000                . = ALIGN (0x4)
 *(.isr_vector)
 .isr_vector    0x0000000008000000       0xc0 ./Core/Startup/startup_stm32l073rztx.o
                0x0000000008000000                g_pfnVectors
                0x00000000080000c0                . = ALIGN (0x4)

.text           0x00000000080000c0     0xc7c8
                0x00000000080000c0                . = ALIGN (0x4)
 *(.text)
 .text          0x00000000080000c0       0x48 c:/st/stm32cubeide_1.7.0/stm32cubeide/plugins/com.st.stm32cube.ide.mcu.externaltools.gnu-tools-for-stm32.9-2020-q2-update.win32_2.0.0.202105311346/tools/bin/../lib/gcc/arm-none-eabi/9.3.1/thumb/v6-m/nofp/crtbegin.o
 .text          0x0000000008000108      0x114 c:/st/stm32cubeide_1.7.0/stm32cubeide/plugins/com.st.stm32cube.ide.mcu.externaltools.gnu-tools-for-stm32.9-2020-q2-update.win32_2.0.0.202105311346/tools/bin/../lib/gcc/arm-none-eabi/9.3.1/thumb/v6-m/nofp\libgcc.a(_udivsi3.o)
                0x0000000008000108                __aeabi_uidiv
                0x0000000008000108                __udivsi3
                0x0000000008000214                __aeabi_uidivmod
 .text          0x000000000800021c      0x1d4 c:/st/stm32cubeide_1.7.0/stm32cubeide/plugins/com.st.stm32cube.ide.mcu.externaltools.gnu-tools-for-stm32.9-2020-q2-update.win32_2.0.0.202105311346/tools/bin/../lib/gcc/arm-none-eabi/9.3.1/thumb/v6-m/nofp\libgcc.a(_divsi3.o)
                0x000000000800021c                __divsi3
                0x000000000800021c                __aeabi_idiv
                0x00000000080003e8                __aeabi_idivmod
 .text          0x00000000080003f0        0x4 c:/st/stm32cubeide_1.7.0/stm32cubeide/plugins/com.st.stm32cube.ide.mcu.externaltools.gnu-tools-for-stm32.9-2020-q2-update.win32_2.0.0.202105311346/tools/bin/../lib/gcc/arm-none-eabi/9.3.1/thumb/v6-m/nofp\libgcc.a(_dvmd_tls.o)
                0x00000000080003f0                __aeabi_idiv0
                0x00000000080003f0                __aeabi_ldiv0
 .text          0x00000000080003f4       0x48 c:/st/stm32cubeide_1.7.0/stm32cubeide/plugins/com.st.stm32cube.ide.mcu.externaltools.gnu-tools-for-stm32.9-2020-q2-update.win32_2.0.0.202105311346/tools/bin/../lib/gcc/arm-none-eabi/9.3.1/thumb/v6-m/nofp\libgcc.a(_aeabi_ldivmod.o)
                0x00000000080003f4                __aeabi_ldivmod
 .text          0x000000000800043c       0x40 c:/st/stm32cubeide_1.7.0/stm32cubeide/plugins/com.st.stm32cube.ide.mcu.externaltools.gnu-tools-for-stm32.9-2020-q2-update.win32_2.0.0.202105311346/tools/bin/../lib/gcc/arm-none-eabi/9.3.1/thumb/v6-m/nofp\libgcc.a(_aeabi_uldivmod.o)
                0x000000000800043c                __aeabi_uldivmod
 .text          0x000000000800047c       0x50 c:/st/stm32cubeide_1.7.0/stm32cubeide/plugins/com.st.stm32cube.ide.mcu.externaltools.gnu-tools-for-stm32.9-2020-q2-update.win32_2.0.0.202105311346/tools/bin/../lib/gcc/arm-none-eabi/9.3.1/thumb/v6-m/nofp\libgcc.a(_muldi3.o)
                0x000000000800047c                __muldi3
                0x000000000800047c                __aeabi_lmul
 .text          0x00000000080004cc      0x198 c:/st/stm32cubeide_1.7.0/stm32cubeide/plugins/com.st.stm32cube.ide.mcu.externaltools.gnu-tools-for-stm32.9-2020-q2-update.win32_2.0.0.202105311346/tools/bin/../lib/gcc/arm-none-eabi/9.3.1/thumb/v6-m/nofp\libgcc.a(_udivmoddi4.o)
                0x00000000080004cc                __udivmoddi4
 .text          0x0000000008000664       0x3c c:/st/stm32cubeide_1.7.0/stm32cubeide/plugins/com.st.stm32cube.ide.mcu.externaltools.gnu-tools-for-stm32.9-2020-q2-update.win32_2.0.0.202105311346/tools/bin/../lib/gcc/arm-none-eabi/9.3.1/thumb/v6-m/nofp\libgcc.a(bpabi.o)
                0x0000000008000664                __gnu_ldivmod_helper
 .text          0x00000000080006a0      0x218 c:/st/stm32cubeide_1.7.0/stm32cubeide/plugins/com.st.stm32cube.ide.mcu.externaltools.gnu-tools-for-stm32.9-2020-q2-update.win32_2.0.0.202105311346/tools/bin/../lib/gcc/arm-none-eabi/9.3.1/thumb/v6-m/nofp\libgcc.a(divsf3.o)
                0x00000000080006a0                __aeabi_fdiv
 .text          0x00000000080008b8       0x40 c:/st/stm32cubeide_1.7.0/stm32cubeide/plugins/com.st.stm32cube.ide.mcu.externaltools.gnu-tools-for-stm32.9-2020-q2-update.win32_2.0.0.202105311346/tools/bin/../lib/gcc/arm-none-eabi/9.3.1/thumb/v6-m/nofp\libgcc.a(fixsfsi.o)
                0x00000000080008b8                __aeabi_f2iz
 .text          0x00000000080008f8       0x8c c:/st/stm32cubeide_1.7.0/stm32cubeide/plugins/com.st.stm32cube.ide.mcu.externaltools.gnu-tools-for-stm32.9-2020-q2-update.win32_2.0.0.202105311346/tools/bin/../lib/gcc/arm-none-eabi/9.3.1/thumb/v6-m/nofp\libgcc.a(floatsisf.o)
                0x00000000080008f8                __aeabi_i2f
 .text          0x0000000008000984       0x78 c:/st/stm32cubeide_1.7.0/stm32cubeide/plugins/com.st.stm32cube.ide.mcu.externaltools.gnu-tools-for-stm32.9-2020-q2-update.win32_2.0.0.202105311346/tools/bin/../lib/gcc/arm-none-eabi/9.3.1/thumb/v6-m/nofp\libgcc.a(floatunsisf.o)
                0x0000000008000984                __aeabi_ui2f
 .text          0x00000000080009fc       0x3c c:/st/stm32cubeide_1.7.0/stm32cubeide/plugins/com.st.stm32cube.ide.mcu.externaltools.gnu-tools-for-stm32.9-2020-q2-update.win32_2.0.0.202105311346/tools/bin/../lib/gcc/arm-none-eabi/9.3.1/thumb/v6-m/nofp\libgcc.a(_clzsi2.o)
                0x00000000080009fc                __clzsi2
 .text          0x0000000008000a38       0x18 c:/st/stm32cubeide_1.7.0/stm32cubeide/plugins/com.st.stm32cube.ide.mcu.externaltools.gnu-tools-for-stm32.9-2020-q2-update.win32_2.0.0.202105311346/tools/bin/../lib/gcc/arm-none-eabi/9.3.1/thumb/v6-m/nofp\libgcc.a(_clzdi2.o)
                0x0000000008000a38                __clzdi2
 .text          0x0000000008000a50      0x1cc c:/st/stm32cubeide_1.7.0/stm32cubeide/plugins/com.st.stm32cube.ide.mcu.externaltools.gnu-tools-for-stm32.9-2020-q2-update.win32_2.0.0.202105311346/tools/bin/../lib/gcc/arm-none-eabi/9.3.1/thumb/v6-m/nofp\libgcc.a(_divdi3.o)
                0x0000000008000a50                __divdi3
 *(.text*)
 .text.aesroundkeys
                0x0000000008000c1c       0xf8 ./Core/Src/aes.o
 .text.os_aes   0x0000000008000d14      0x9d0 ./Core/Src/aes.o
                0x0000000008000d14                os_aes
 .text.debug_init
                0x00000000080016e4       0x1c ./Core/Src/debug.o
                0x00000000080016e4                debug_init
 .text.debug_led
                0x0000000008001700       0x20 ./Core/Src/debug.o
                0x0000000008001700                debug_led
 .text.debug_char
                0x0000000008001720       0x3c ./Core/Src/debug.o
                0x0000000008001720                debug_char
 .text.debug_int
                0x000000000800175c       0x4a ./Core/Src/debug.o
                0x000000000800175c                debug_int
 .text.debug_str
                0x00000000080017a6       0x2a ./Core/Src/debug.o
                0x00000000080017a6                debug_str
 .text.debug_f  0x00000000080017d0       0x1e ./Core/Src/debug.o
                0x00000000080017d0                debug_f
 .text.debug_fmt
                0x00000000080017ee       0xf2 ./Core/Src/debug.o
                0x00000000080017ee                debug_fmt
 .text.debug_event
                0x00000000080018e0       0x3c ./Core/Src/debug.o
                0x00000000080018e0                debug_event
 .text.hal_io_init
                0x000000000800191c        0xa ./Core/Src/hal.o
 .text.hal_pin_rxtx
                0x0000000008001926       0x14 ./Core/Src/hal.o
                0x0000000008001926                hal_pin_rxtx
 .text.hal_pin_nss
                0x000000000800193a       0x26 ./Core/Src/hal.o
                0x000000000800193a                hal_pin_nss
 .text.hal_pin_rst
                0x0000000008001960       0x7c ./Core/Src/hal.o
                0x0000000008001960                hal_pin_rst
 .text.HAL_GPIO_EXTI_Callback
                0x00000000080019dc       0x3e ./Core/Src/hal.o
                0x00000000080019dc                HAL_GPIO_EXTI_Callback
 .text.hal_spi_init
                0x0000000008001a1a        0xa ./Core/Src/hal.o
                0x0000000008001a1a                hal_spi_init
 .text.hal_spi  0x0000000008001a24       0x50 ./Core/Src/hal.o
                0x0000000008001a24                hal_spi
 .text.hal_time_init
                0x0000000008001a74        0xa ./Core/Src/hal.o
 *fill*         0x0000000008001a7e        0x2 
 .text.hal_ticks
                0x0000000008001a80       0x64 ./Core/Src/hal.o
                0x0000000008001a80                hal_ticks
 .text.deltaticks
                0x0000000008001ae4       0x3c ./Core/Src/hal.o
 .text.hal_waitUntil
                0x0000000008001b20       0x20 ./Core/Src/hal.o
                0x0000000008001b20                hal_waitUntil
 .text.hal_checkTimer
                0x0000000008001b40       0x88 ./Core/Src/hal.o
                0x0000000008001b40                hal_checkTimer
 .text.HAL_TIM_PeriodElapsedCallback
                0x0000000008001bc8       0x30 ./Core/Src/hal.o
                0x0000000008001bc8                HAL_TIM_PeriodElapsedCallback
 .text.hal_disableIRQs
                0x0000000008001bf8       0x1c ./Core/Src/hal.o
                0x0000000008001bf8                hal_disableIRQs
 .text.hal_enableIRQs
                0x0000000008001c14       0x24 ./Core/Src/hal.o
                0x0000000008001c14                hal_enableIRQs
 .text.hal_sleep
                0x0000000008001c38        0xc ./Core/Src/hal.o
                0x0000000008001c38                hal_sleep
 .text.hal_init
                0x0000000008001c44       0x30 ./Core/Src/hal.o
                0x0000000008001c44                hal_init
 .text.hal_failed
                0x0000000008001c74        0xe ./Core/Src/hal.o
                0x0000000008001c74                hal_failed
 *fill*         0x0000000008001c82        0x2 
 .text.I2c_Init
                0x0000000008001c84       0x20 ./Core/Src/i2c_hal.o
                0x0000000008001c84                I2c_Init
 .text.I2c_StartCondition
                0x0000000008001ca4       0x48 ./Core/Src/i2c_hal.o
                0x0000000008001ca4                I2c_StartCondition
 .text.I2c_StopCondition
                0x0000000008001cec       0x48 ./Core/Src/i2c_hal.o
                0x0000000008001cec                I2c_StopCondition
 .text.I2c_WriteByte
                0x0000000008001d34       0xc4 ./Core/Src/i2c_hal.o
                0x0000000008001d34                I2c_WriteByte
 .text.I2c_ReadByte
                0x0000000008001df8       0xe0 ./Core/Src/i2c_hal.o
                0x0000000008001df8                I2c_ReadByte
 .text.getSf    0x0000000008001ed8       0x20 ./Core/Src/lmic.o
                0x0000000008001ed8                getSf
 .text.getBw    0x0000000008001ef8       0x24 ./Core/Src/lmic.o
                0x0000000008001ef8                getBw
 .text.getCr    0x0000000008001f1c       0x24 ./Core/Src/lmic.o
                0x0000000008001f1c                getCr
 .text.setCr    0x0000000008001f40       0x34 ./Core/Src/lmic.o
                0x0000000008001f40                setCr
 .text.getNocrc
                0x0000000008001f74       0x22 ./Core/Src/lmic.o
                0x0000000008001f74                getNocrc
 .text.setNocrc
                0x0000000008001f96       0x2e ./Core/Src/lmic.o
                0x0000000008001f96                setNocrc
 .text.getIh    0x0000000008001fc4       0x22 ./Core/Src/lmic.o
                0x0000000008001fc4                getIh
 .text.setIh    0x0000000008001fe6       0x2e ./Core/Src/lmic.o
                0x0000000008001fe6                setIh
 .text.updr2rps
                0x0000000008002014       0x24 ./Core/Src/lmic.o
                0x0000000008002014                updr2rps
 .text.dndr2rps
                0x0000000008002038       0x2a ./Core/Src/lmic.o
                0x0000000008002038                dndr2rps
 *fill*         0x0000000008002062        0x2 
 .text.decDR    0x0000000008002064       0x34 ./Core/Src/lmic.o
                0x0000000008002064                decDR
 .text.validDR  0x0000000008002098       0x2c ./Core/Src/lmic.o
                0x0000000008002098                validDR
 .text.lowerDR  0x00000000080020c4       0x3e ./Core/Src/lmic.o
                0x00000000080020c4                lowerDR
 .text.os_rlsbf2
                0x0000000008002102       0x26 ./Core/Src/lmic.o
                0x0000000008002102                os_rlsbf2
 .text.os_rlsbf4
                0x0000000008002128       0x36 ./Core/Src/lmic.o
                0x0000000008002128                os_rlsbf4
 .text.os_rmsbf4
                0x000000000800215e       0x36 ./Core/Src/lmic.o
                0x000000000800215e                os_rmsbf4
 .text.os_wlsbf2
                0x0000000008002194       0x30 ./Core/Src/lmic.o
                0x0000000008002194                os_wlsbf2
 .text.os_wlsbf4
                0x00000000080021c4       0x3e ./Core/Src/lmic.o
                0x00000000080021c4                os_wlsbf4
 .text.os_wmsbf4
                0x0000000008002202       0x3e ./Core/Src/lmic.o
                0x0000000008002202                os_wmsbf4
 .text.os_getBattLevel
                0x0000000008002240        0xc ./Core/Src/lmic.o
                0x0000000008002240                os_getBattLevel
 .text.os_crc16
                0x000000000800224c       0xb0 ./Core/Src/lmic.o
                0x000000000800224c                os_crc16
 .text.micB0    0x00000000080022fc       0x68 ./Core/Src/lmic.o
 .text.aes_verifyMic
                0x0000000008002364       0x58 ./Core/Src/lmic.o
 .text.aes_appendMic
                0x00000000080023bc       0x50 ./Core/Src/lmic.o
 .text.aes_appendMic0
                0x000000000800240c       0x3c ./Core/Src/lmic.o
 .text.aes_verifyMic0
                0x0000000008002448       0x44 ./Core/Src/lmic.o
 .text.aes_encrypt
                0x000000000800248c       0x2c ./Core/Src/lmic.o
 .text.aes_cipher
                0x00000000080024b8       0x8c ./Core/Src/lmic.o
 .text.aes_sessKeys
                0x0000000008002544       0x8c ./Core/Src/lmic.o
 .text.getSensitivity
                0x00000000080025d0       0x44 ./Core/Src/lmic.o
                0x00000000080025d0                getSensitivity
 .text.calcAirTime
                0x0000000008002614      0x18c ./Core/Src/lmic.o
                0x0000000008002614                calcAirTime
 .text.calcRxWindow
                0x00000000080027a0       0xb4 ./Core/Src/lmic.o
 .text.calcBcnRxWindowFromMillis
                0x0000000008002854       0xd8 ./Core/Src/lmic.o
 .text.rxschedInit
                0x000000000800292c       0xf4 ./Core/Src/lmic.o
 .text.rxschedNext
                0x0000000008002a20       0xbc ./Core/Src/lmic.o
 .text.rndDelay
                0x0000000008002adc       0x8c ./Core/Src/lmic.o
 .text.txDelay  0x0000000008002b68       0x60 ./Core/Src/lmic.o
 .text.setDrJoin
                0x0000000008002bc8       0x28 ./Core/Src/lmic.o
 .text.setDrTxpow
                0x0000000008002bf0       0x6c ./Core/Src/lmic.o
 .text.initDefaultChannels
                0x0000000008002c5c      0x13c ./Core/Src/lmic.o
 .text.LMIC_setupChannel
                0x0000000008002d98      0x10c ./Core/Src/lmic.o
                0x0000000008002d98                LMIC_setupChannel
 .text.convFreq
                0x0000000008002ea4       0x44 ./Core/Src/lmic.o
 .text.mapChannels
                0x0000000008002ee8       0xb0 ./Core/Src/lmic.o
 .text.updateTx
                0x0000000008002f98       0x98 ./Core/Src/lmic.o
 .text.nextTx   0x0000000008003030      0x1a0 ./Core/Src/lmic.o
 .text.setBcnRxParams
                0x00000000080031d0       0x58 ./Core/Src/lmic.o
 .text.initJoinLoop
                0x0000000008003228       0x64 ./Core/Src/lmic.o
 .text.nextJoinState
                0x000000000800328c       0xe0 ./Core/Src/lmic.o
 .text.runEngineUpdate
                0x000000000800336c       0x14 ./Core/Src/lmic.o
 .text.reportEvent
                0x0000000008003380       0x22 ./Core/Src/lmic.o
 .text.runReset
                0x00000000080033a2       0x1e ./Core/Src/lmic.o
 .text.stateJustJoined
                0x00000000080033c0       0xf8 ./Core/Src/lmic.o
 .text.decodeBeacon
                0x00000000080034b8      0x14c ./Core/Src/lmic.o
 .text.decodeFrame
                0x0000000008003604      0x6e4 ./Core/Src/lmic.o
 .text.setupRx2
                0x0000000008003ce8       0x4c ./Core/Src/lmic.o
 .text.schedRx2
                0x0000000008003d34       0x54 ./Core/Src/lmic.o
 .text.setupRx1
                0x0000000008003d88       0x48 ./Core/Src/lmic.o
 .text.txDone   0x0000000008003dd0       0xb0 ./Core/Src/lmic.o
 .text.onJoinFailed
                0x0000000008003e80       0x16 ./Core/Src/lmic.o
 *fill*         0x0000000008003e96        0x2 
 .text.processJoinAccept
                0x0000000008003e98      0x2f8 ./Core/Src/lmic.o
 .text.processRx2Jacc
                0x0000000008004190       0x30 ./Core/Src/lmic.o
 .text.setupRx2Jacc
                0x00000000080041c0       0x24 ./Core/Src/lmic.o
 .text.processRx1Jacc
                0x00000000080041e4       0x3c ./Core/Src/lmic.o
 .text.setupRx1Jacc
                0x0000000008004220       0x1c ./Core/Src/lmic.o
 .text.jreqDone
                0x000000000800423c       0x24 ./Core/Src/lmic.o
 .text.processRx2DnDataDelay
                0x0000000008004260       0x14 ./Core/Src/lmic.o
 .text.processRx2DnData
                0x0000000008004274       0x58 ./Core/Src/lmic.o
 .text.setupRx2DnData
                0x00000000080042cc       0x24 ./Core/Src/lmic.o
 .text.processRx1DnData
                0x00000000080042f0       0x50 ./Core/Src/lmic.o
 .text.setupRx1DnData
                0x0000000008004340       0x1c ./Core/Src/lmic.o
 .text.updataDone
                0x000000000800435c       0x3c ./Core/Src/lmic.o
 .text.buildDataFrame
                0x0000000008004398      0x474 ./Core/Src/lmic.o
 .text.onBcnRx  0x000000000800480c       0xac ./Core/Src/lmic.o
 .text.startScan
                0x00000000080048b8       0xc0 ./Core/Src/lmic.o
 .text.buildJoinRequest
                0x0000000008004978       0x74 ./Core/Src/lmic.o
 .text.startJoining
                0x00000000080049ec       0x16 ./Core/Src/lmic.o
 *fill*         0x0000000008004a02        0x2 
 .text.LMIC_startJoining
                0x0000000008004a04       0xa0 ./Core/Src/lmic.o
                0x0000000008004a04                LMIC_startJoining
 .text.processPingRx
                0x0000000008004aa4       0x3c ./Core/Src/lmic.o
 .text.processDnData
                0x0000000008004ae0      0x220 ./Core/Src/lmic.o
 .text.processBeacon
                0x0000000008004d00      0x294 ./Core/Src/lmic.o
 .text.startRxBcn
                0x0000000008004f94       0x24 ./Core/Src/lmic.o
 .text.startRxPing
                0x0000000008004fb8       0x24 ./Core/Src/lmic.o
 .text.engineUpdate
                0x0000000008004fdc      0x3e8 ./Core/Src/lmic.o
 .text.LMIC_reset
                0x00000000080053c4       0xb0 ./Core/Src/lmic.o
                0x00000000080053c4                LMIC_reset
 .text.LMIC_init
                0x0000000008005474       0x18 ./Core/Src/lmic.o
                0x0000000008005474                LMIC_init
 .text.LMIC_setTxData
                0x000000000800548c       0x3c ./Core/Src/lmic.o
                0x000000000800548c                LMIC_setTxData
 .text.LMIC_setTxData2
                0x00000000080054c8       0x78 ./Core/Src/lmic.o
                0x00000000080054c8                LMIC_setTxData2
 .text.os_getArtEui
                0x0000000008005540       0x24 ./Core/Src/main.o
                0x0000000008005540                os_getArtEui
 .text.os_getDevEui
                0x0000000008005564       0x24 ./Core/Src/main.o
                0x0000000008005564                os_getDevEui
 .text.os_getDevKey
                0x0000000008005588       0x24 ./Core/Src/main.o
                0x0000000008005588                os_getDevKey
 .text.initsensor
                0x00000000080055ac       0x4c ./Core/Src/main.o
                0x00000000080055ac                initsensor
 .text.initfunc
                0x00000000080055f8       0x1c ./Core/Src/main.o
                0x00000000080055f8                initfunc
 .text.readsensor
                0x0000000008005614       0x34 ./Core/Src/main.o
                0x0000000008005614                readsensor
 .text.reportfunc
                0x0000000008005648       0xe4 ./Core/Src/main.o
 .text.onEvent  0x000000000800572c      0x170 ./Core/Src/main.o
                0x000000000800572c                onEvent
 .text.main     0x000000000800589c       0x70 ./Core/Src/main.o
                0x000000000800589c                main
 .text.SystemClock_Config
                0x000000000800590c       0xe4 ./Core/Src/main.o
                0x000000000800590c                SystemClock_Config
 .text.MX_ADC_Init
                0x00000000080059f0       0xc8 ./Core/Src/main.o
 .text.MX_SPI1_Init
                0x0000000008005ab8       0x70 ./Core/Src/main.o
 .text.MX_TIM21_Init
                0x0000000008005b28       0xfc ./Core/Src/main.o
 .text.MX_USART2_UART_Init
                0x0000000008005c24       0x60 ./Core/Src/main.o
 .text.MX_GPIO_Init
                0x0000000008005c84      0x170 ./Core/Src/main.o
 .text.Error_Handler
                0x0000000008005df4        0xa ./Core/Src/main.o
                0x0000000008005df4                Error_Handler
 .text.assert_failed
                0x0000000008005dfe       0x12 ./Core/Src/main.o
                0x0000000008005dfe                assert_failed
 .text.os_init  0x0000000008005e10       0x28 ./Core/Src/oslmic.o
                0x0000000008005e10                os_init
 .text.os_getTime
                0x0000000008005e38       0x10 ./Core/Src/oslmic.o
                0x0000000008005e38                os_getTime
 .text.unlinkjob
                0x0000000008005e48       0x3a ./Core/Src/oslmic.o
 *fill*         0x0000000008005e82        0x2 
 .text.os_clearCallback
                0x0000000008005e84       0x40 ./Core/Src/oslmic.o
                0x0000000008005e84                os_clearCallback
 .text.os_setCallback
                0x0000000008005ec4       0x50 ./Core/Src/oslmic.o
                0x0000000008005ec4                os_setCallback
 .text.os_setTimedCallback
                0x0000000008005f14       0x70 ./Core/Src/oslmic.o
                0x0000000008005f14                os_setTimedCallback
 .text.os_runloop
                0x0000000008005f84       0x6c ./Core/Src/oslmic.o
                0x0000000008005f84                os_runloop
 .text.writeReg
                0x0000000008005ff0       0x42 ./Core/Src/radio.o
 .text.readReg  0x0000000008006032       0x42 ./Core/Src/radio.o
 .text.writeBuf
                0x0000000008006074       0x70 ./Core/Src/radio.o
 .text.readBuf  0x00000000080060e4       0x70 ./Core/Src/radio.o
 .text.opmode   0x0000000008006154       0x38 ./Core/Src/radio.o
 .text.opmodeLora
                0x000000000800618c       0x2c ./Core/Src/radio.o
 .text.opmodeFSK
                0x00000000080061b8       0x2c ./Core/Src/radio.o
 .text.configLoraModem
                0x00000000080061e4      0x190 ./Core/Src/radio.o
 .text.configChannel
                0x0000000008006374       0x7c ./Core/Src/radio.o
 .text.configPower
                0x00000000080063f0       0x70 ./Core/Src/radio.o
 .text.txfsk    0x0000000008006460       0xe4 ./Core/Src/radio.o
 .text.txlora   0x0000000008006544       0xb8 ./Core/Src/radio.o
 .text.starttx  0x00000000080065fc       0x3c ./Core/Src/radio.o
 .text.rxlora   0x0000000008006638      0x108 ./Core/Src/radio.o
 .text.rxfsk    0x0000000008006740       0xe4 ./Core/Src/radio.o
 .text.startrx  0x0000000008006824       0x50 ./Core/Src/radio.o
 .text.radio_init
                0x0000000008006874       0xf8 ./Core/Src/radio.o
                0x0000000008006874                radio_init
 .text.radio_rand1
                0x000000000800696c       0x60 ./Core/Src/radio.o
                0x000000000800696c                radio_rand1
 .text.radio_irq_handler
                0x00000000080069cc      0x1d4 ./Core/Src/radio.o
                0x00000000080069cc                radio_irq_handler
 .text.os_radio
                0x0000000008006ba0       0x54 ./Core/Src/radio.o
                0x0000000008006ba0                os_radio
 .text.Sdp800_Init
                0x0000000008006bf4       0x24 ./Core/Src/sdp800.o
                0x0000000008006bf4                Sdp800_Init
 .text.Sdp800_StartContinousMeasurement
                0x0000000008006c18       0xc4 ./Core/Src/sdp800.o
                0x0000000008006c18                Sdp800_StartContinousMeasurement
 .text.Sdp800_ReadMeasurementResults
                0x0000000008006cdc       0x8c ./Core/Src/sdp800.o
                0x0000000008006cdc                Sdp800_ReadMeasurementResults
 .text.Sdp800_SoftReset
                0x0000000008006d68       0x48 ./Core/Src/sdp800.o
                0x0000000008006d68                Sdp800_SoftReset
 .text.ReadMeasurementRawResults
                0x0000000008006db0       0x90 ./Core/Src/sdp800.o
 .text.ExecuteCommand
                0x0000000008006e40       0x78 ./Core/Src/sdp800.o
 .text.ReadWordWithCrcCheck
                0x0000000008006eb8       0x80 ./Core/Src/sdp800.o
 .text.CheckCrc
                0x0000000008006f38       0xb2 ./Core/Src/sdp800.o
 *fill*         0x0000000008006fea        0x2 
 .text.HAL_MspInit
                0x0000000008006fec       0x28 ./Core/Src/stm32l0xx_hal_msp.o
                0x0000000008006fec                HAL_MspInit
 .text.HAL_ADC_MspInit
                0x0000000008007014       0x78 ./Core/Src/stm32l0xx_hal_msp.o
                0x0000000008007014                HAL_ADC_MspInit
 .text.HAL_SPI_MspInit
                0x000000000800708c       0xcc ./Core/Src/stm32l0xx_hal_msp.o
                0x000000000800708c                HAL_SPI_MspInit
 .text.HAL_TIM_Base_MspInit
                0x0000000008007158       0x40 ./Core/Src/stm32l0xx_hal_msp.o
                0x0000000008007158                HAL_TIM_Base_MspInit
 .text.HAL_UART_MspInit
                0x0000000008007198       0x88 ./Core/Src/stm32l0xx_hal_msp.o
                0x0000000008007198                HAL_UART_MspInit
 .text.NMI_Handler
                0x0000000008007220        0x6 ./Core/Src/stm32l0xx_it.o
                0x0000000008007220                NMI_Handler
 .text.HardFault_Handler
                0x0000000008007226        0x6 ./Core/Src/stm32l0xx_it.o
                0x0000000008007226                HardFault_Handler
 .text.SVC_Handler
                0x000000000800722c        0xa ./Core/Src/stm32l0xx_it.o
                0x000000000800722c                SVC_Handler
 .text.PendSV_Handler
                0x0000000008007236        0xa ./Core/Src/stm32l0xx_it.o
                0x0000000008007236                PendSV_Handler
 .text.SysTick_Handler
                0x0000000008007240        0xe ./Core/Src/stm32l0xx_it.o
                0x0000000008007240                SysTick_Handler
 .text.EXTI0_1_IRQHandler
                0x000000000800724e       0x16 ./Core/Src/stm32l0xx_it.o
                0x000000000800724e                EXTI0_1_IRQHandler
 .text.EXTI4_15_IRQHandler
                0x0000000008007264       0x10 ./Core/Src/stm32l0xx_it.o
                0x0000000008007264                EXTI4_15_IRQHandler
 .text.TIM21_IRQHandler
                0x0000000008007274       0x18 ./Core/Src/stm32l0xx_it.o
                0x0000000008007274                TIM21_IRQHandler
 .text.DelayMicroSeconds
                0x000000000800728c       0x24 ./Core/Src/system.o
                0x000000000800728c                DelayMicroSeconds
 .text.SystemInit
                0x00000000080072b0        0xa ./Core/Src/system_stm32l0xx.o
                0x00000000080072b0                SystemInit
 *fill*         0x00000000080072ba        0x2 
 .text.Reset_Handler
                0x00000000080072bc       0x50 ./Core/Startup/startup_stm32l073rztx.o
                0x00000000080072bc                Reset_Handler
 .text.Default_Handler
                0x000000000800730c        0x2 ./Core/Startup/startup_stm32l073rztx.o
                0x000000000800730c                TSC_IRQHandler
                0x000000000800730c                ADC1_COMP_IRQHandler
                0x000000000800730c                PVD_IRQHandler
                0x000000000800730c                I2C1_IRQHandler
                0x000000000800730c                RCC_CRS_IRQHandler
                0x000000000800730c                SPI1_IRQHandler
                0x000000000800730c                TIM6_DAC_IRQHandler
                0x000000000800730c                EXTI2_3_IRQHandler
                0x000000000800730c                I2C2_IRQHandler
                0x000000000800730c                RTC_IRQHandler
                0x000000000800730c                LCD_IRQHandler
                0x000000000800730c                DMA1_Channel4_5_6_7_IRQHandler
                0x000000000800730c                TIM3_IRQHandler
                0x000000000800730c                DMA1_Channel1_IRQHandler
                0x000000000800730c                USART4_5_IRQHandler
                0x000000000800730c                Default_Handler
                0x000000000800730c                TIM22_IRQHandler
                0x000000000800730c                TIM7_IRQHandler
                0x000000000800730c                USB_IRQHandler
                0x000000000800730c                I2C3_IRQHandler
                0x000000000800730c                SPI2_IRQHandler
                0x000000000800730c                WWDG_IRQHandler
                0x000000000800730c                TIM2_IRQHandler
                0x000000000800730c                DMA1_Channel2_3_IRQHandler
                0x000000000800730c                USART2_IRQHandler
                0x000000000800730c                FLASH_IRQHandler
                0x000000000800730c                USART1_IRQHandler
                0x000000000800730c                RNG_LPUART1_IRQHandler
                0x000000000800730c                LPTIM1_IRQHandler
 *fill*         0x000000000800730e        0x2 
 .text.HAL_Init
                0x0000000008007310       0x40 ./Drivers/STM32L0xx_HAL_Driver/Src/stm32l0xx_hal.o
                0x0000000008007310                HAL_Init
 .text.HAL_InitTick
                0x0000000008007350       0x68 ./Drivers/STM32L0xx_HAL_Driver/Src/stm32l0xx_hal.o
                0x0000000008007350                HAL_InitTick
 .text.HAL_IncTick
                0x00000000080073b8       0x24 ./Drivers/STM32L0xx_HAL_Driver/Src/stm32l0xx_hal.o
                0x00000000080073b8                HAL_IncTick
 .text.HAL_GetTick
                0x00000000080073dc       0x14 ./Drivers/STM32L0xx_HAL_Driver/Src/stm32l0xx_hal.o
                0x00000000080073dc                HAL_GetTick
 .text.HAL_Delay
                0x00000000080073f0       0x48 ./Drivers/STM32L0xx_HAL_Driver/Src/stm32l0xx_hal.o
                0x00000000080073f0                HAL_Delay
 .text.HAL_ADC_Init
                0x0000000008007438      0x73c ./Drivers/STM32L0xx_HAL_Driver/Src/stm32l0xx_hal_adc.o
                0x0000000008007438                HAL_ADC_Init
 .text.HAL_ADC_ConfigChannel
                0x0000000008007b74      0x2a0 ./Drivers/STM32L0xx_HAL_Driver/Src/stm32l0xx_hal_adc.o
                0x0000000008007b74                HAL_ADC_ConfigChannel
 .text.ADC_DelayMicroSecond
                0x0000000008007e14       0x40 ./Drivers/STM32L0xx_HAL_Driver/Src/stm32l0xx_hal_adc.o
 .text.__NVIC_EnableIRQ
                0x0000000008007e54       0x34 ./Drivers/STM32L0xx_HAL_Driver/Src/stm32l0xx_hal_cortex.o
 .text.__NVIC_SetPriority
                0x0000000008007e88       0xdc ./Drivers/STM32L0xx_HAL_Driver/Src/stm32l0xx_hal_cortex.o
 .text.SysTick_Config
                0x0000000008007f64       0x48 ./Drivers/STM32L0xx_HAL_Driver/Src/stm32l0xx_hal_cortex.o
 .text.HAL_NVIC_SetPriority
                0x0000000008007fac       0x40 ./Drivers/STM32L0xx_HAL_Driver/Src/stm32l0xx_hal_cortex.o
                0x0000000008007fac                HAL_NVIC_SetPriority
 .text.HAL_NVIC_EnableIRQ
                0x0000000008007fec       0x38 ./Drivers/STM32L0xx_HAL_Driver/Src/stm32l0xx_hal_cortex.o
                0x0000000008007fec                HAL_NVIC_EnableIRQ
 .text.HAL_SYSTICK_Config
                0x0000000008008024       0x1a ./Drivers/STM32L0xx_HAL_Driver/Src/stm32l0xx_hal_cortex.o
                0x0000000008008024                HAL_SYSTICK_Config
 *fill*         0x000000000800803e        0x2 
 .text.HAL_GPIO_Init
                0x0000000008008040      0x518 ./Drivers/STM32L0xx_HAL_Driver/Src/stm32l0xx_hal_gpio.o
                0x0000000008008040                HAL_GPIO_Init
 .text.HAL_GPIO_WritePin
                0x0000000008008558       0xf8 ./Drivers/STM32L0xx_HAL_Driver/Src/stm32l0xx_hal_gpio.o
                0x0000000008008558                HAL_GPIO_WritePin
 .text.HAL_GPIO_EXTI_IRQHandler
                0x0000000008008650       0x38 ./Drivers/STM32L0xx_HAL_Driver/Src/stm32l0xx_hal_gpio.o
                0x0000000008008650                HAL_GPIO_EXTI_IRQHandler
 .text.HAL_RCC_OscConfig
                0x0000000008008688      0xb28 ./Drivers/STM32L0xx_HAL_Driver/Src/stm32l0xx_hal_rcc.o
                0x0000000008008688                HAL_RCC_OscConfig
 .text.HAL_RCC_ClockConfig
                0x00000000080091b0      0x404 ./Drivers/STM32L0xx_HAL_Driver/Src/stm32l0xx_hal_rcc.o
                0x00000000080091b0                HAL_RCC_ClockConfig
 .text.HAL_RCC_GetSysClockFreq
                0x00000000080095b4      0x14c ./Drivers/STM32L0xx_HAL_Driver/Src/stm32l0xx_hal_rcc.o
                0x00000000080095b4                HAL_RCC_GetSysClockFreq
 .text.HAL_RCC_GetHCLKFreq
                0x0000000008009700       0x14 ./Drivers/STM32L0xx_HAL_Driver/Src/stm32l0xx_hal_rcc.o
                0x0000000008009700                HAL_RCC_GetHCLKFreq
 .text.HAL_RCC_GetPCLK1Freq
                0x0000000008009714       0x2c ./Drivers/STM32L0xx_HAL_Driver/Src/stm32l0xx_hal_rcc.o
                0x0000000008009714                HAL_RCC_GetPCLK1Freq
 .text.HAL_RCC_GetPCLK2Freq
                0x0000000008009740       0x2c ./Drivers/STM32L0xx_HAL_Driver/Src/stm32l0xx_hal_rcc.o
                0x0000000008009740                HAL_RCC_GetPCLK2Freq
 .text.HAL_RCCEx_PeriphCLKConfig
                0x000000000800976c      0x518 ./Drivers/STM32L0xx_HAL_Driver/Src/stm32l0xx_hal_rcc_ex.o
                0x000000000800976c                HAL_RCCEx_PeriphCLKConfig
 .text.HAL_SPI_Init
                0x0000000008009c84      0x36c ./Drivers/STM32L0xx_HAL_Driver/Src/stm32l0xx_hal_spi.o
                0x0000000008009c84                HAL_SPI_Init
 .text.HAL_SPI_TransmitReceive
                0x0000000008009ff0      0x3c8 ./Drivers/STM32L0xx_HAL_Driver/Src/stm32l0xx_hal_spi.o
                0x0000000008009ff0                HAL_SPI_TransmitReceive
 .text.SPI_WaitFlagStateUntilTimeout
                0x000000000800a3b8      0x11c ./Drivers/STM32L0xx_HAL_Driver/Src/stm32l0xx_hal_spi.o
 .text.SPI_EndRxTxTransaction
                0x000000000800a4d4       0x8c ./Drivers/STM32L0xx_HAL_Driver/Src/stm32l0xx_hal_spi.o
 .text.HAL_TIM_Base_Init
                0x000000000800a560      0x1a0 ./Drivers/STM32L0xx_HAL_Driver/Src/stm32l0xx_hal_tim.o
                0x000000000800a560                HAL_TIM_Base_Init
 .text.HAL_TIM_Base_Start_IT
                0x000000000800a700       0xfc ./Drivers/STM32L0xx_HAL_Driver/Src/stm32l0xx_hal_tim.o
                0x000000000800a700                HAL_TIM_Base_Start_IT
 .text.HAL_TIM_OC_Init
                0x000000000800a7fc      0x1a4 ./Drivers/STM32L0xx_HAL_Driver/Src/stm32l0xx_hal_tim.o
                0x000000000800a7fc                HAL_TIM_OC_Init
 .text.HAL_TIM_OC_MspInit
                0x000000000800a9a0       0x10 ./Drivers/STM32L0xx_HAL_Driver/Src/stm32l0xx_hal_tim.o
                0x000000000800a9a0                HAL_TIM_OC_MspInit
 .text.HAL_TIM_IRQHandler
                0x000000000800a9b0      0x1d0 ./Drivers/STM32L0xx_HAL_Driver/Src/stm32l0xx_hal_tim.o
                0x000000000800a9b0                HAL_TIM_IRQHandler
 .text.HAL_TIM_OC_ConfigChannel
                0x000000000800ab80      0x214 ./Drivers/STM32L0xx_HAL_Driver/Src/stm32l0xx_hal_tim.o
                0x000000000800ab80                HAL_TIM_OC_ConfigChannel
 .text.HAL_TIM_ConfigClockSource
                0x000000000800ad94      0x5f8 ./Drivers/STM32L0xx_HAL_Driver/Src/stm32l0xx_hal_tim.o
                0x000000000800ad94                HAL_TIM_ConfigClockSource
 .text.HAL_TIM_OC_DelayElapsedCallback
                0x000000000800b38c       0x10 ./Drivers/STM32L0xx_HAL_Driver/Src/stm32l0xx_hal_tim.o
                0x000000000800b38c                HAL_TIM_OC_DelayElapsedCallback
 .text.HAL_TIM_IC_CaptureCallback
                0x000000000800b39c       0x10 ./Drivers/STM32L0xx_HAL_Driver/Src/stm32l0xx_hal_tim.o
                0x000000000800b39c                HAL_TIM_IC_CaptureCallback
 .text.HAL_TIM_PWM_PulseFinishedCallback
                0x000000000800b3ac       0x10 ./Drivers/STM32L0xx_HAL_Driver/Src/stm32l0xx_hal_tim.o
                0x000000000800b3ac                HAL_TIM_PWM_PulseFinishedCallback
 .text.HAL_TIM_TriggerCallback
                0x000000000800b3bc       0x10 ./Drivers/STM32L0xx_HAL_Driver/Src/stm32l0xx_hal_tim.o
                0x000000000800b3bc                HAL_TIM_TriggerCallback
 .text.TIM_Base_SetConfig
                0x000000000800b3cc       0xbc ./Drivers/STM32L0xx_HAL_Driver/Src/stm32l0xx_hal_tim.o
 .text.TIM_OC1_SetConfig
                0x000000000800b488       0x78 ./Drivers/STM32L0xx_HAL_Driver/Src/stm32l0xx_hal_tim.o
 .text.TIM_OC2_SetConfig
                0x000000000800b500       0x84 ./Drivers/STM32L0xx_HAL_Driver/Src/stm32l0xx_hal_tim.o
 .text.TIM_OC3_SetConfig
                0x000000000800b584       0x80 ./Drivers/STM32L0xx_HAL_Driver/Src/stm32l0xx_hal_tim.o
 .text.TIM_OC4_SetConfig
                0x000000000800b604       0x8c ./Drivers/STM32L0xx_HAL_Driver/Src/stm32l0xx_hal_tim.o
 .text.TIM_TI1_ConfigInputStage
                0x000000000800b690       0x5c ./Drivers/STM32L0xx_HAL_Driver/Src/stm32l0xx_hal_tim.o
 .text.TIM_TI2_ConfigInputStage
                0x000000000800b6ec       0x64 ./Drivers/STM32L0xx_HAL_Driver/Src/stm32l0xx_hal_tim.o
 .text.TIM_ITRx_SetConfig
                0x000000000800b750       0x32 ./Drivers/STM32L0xx_HAL_Driver/Src/stm32l0xx_hal_tim.o
 *fill*         0x000000000800b782        0x2 
 .text.TIM_ETR_SetConfig
                0x000000000800b784       0x40 ./Drivers/STM32L0xx_HAL_Driver/Src/stm32l0xx_hal_tim.o
 .text.HAL_TIMEx_MasterConfigSynchronization
                0x000000000800b7c4      0x174 ./Drivers/STM32L0xx_HAL_Driver/Src/stm32l0xx_hal_tim_ex.o
                0x000000000800b7c4                HAL_TIMEx_MasterConfigSynchronization
 .text.HAL_UART_Init
                0x000000000800b938      0x14c ./Drivers/STM32L0xx_HAL_Driver/Src/stm32l0xx_hal_uart.o
                0x000000000800b938                HAL_UART_Init
 .text.HAL_UART_Transmit
                0x000000000800ba84      0x150 ./Drivers/STM32L0xx_HAL_Driver/Src/stm32l0xx_hal_uart.o
                0x000000000800ba84                HAL_UART_Transmit
 .text.UART_SetConfig
                0x000000000800bbd4      0x70c ./Drivers/STM32L0xx_HAL_Driver/Src/stm32l0xx_hal_uart.o
                0x000000000800bbd4                UART_SetConfig
 .text.UART_AdvFeatureConfig
                0x000000000800c2e0      0x30c ./Drivers/STM32L0xx_HAL_Driver/Src/stm32l0xx_hal_uart.o
                0x000000000800c2e0                UART_AdvFeatureConfig
 .text.UART_CheckIdleState
                0x000000000800c5ec       0x90 ./Drivers/STM32L0xx_HAL_Driver/Src/stm32l0xx_hal_uart.o
                0x000000000800c5ec                UART_CheckIdleState
 .text.UART_WaitOnFlagUntilTimeout
                0x000000000800c67c      0x188 ./Drivers/STM32L0xx_HAL_Driver/Src/stm32l0xx_hal_uart.o
                0x000000000800c67c                UART_WaitOnFlagUntilTimeout
 .text.__libc_init_array
                0x000000000800c804       0x48 c:/st/stm32cubeide_1.7.0/stm32cubeide/plugins/com.st.stm32cube.ide.mcu.externaltools.gnu-tools-for-stm32.9-2020-q2-update.win32_2.0.0.202105311346/tools/bin/../lib/gcc/arm-none-eabi/9.3.1/../../../../arm-none-eabi/lib/thumb/v6-m/nofp\libc_nano.a(lib_a-init.o)
                0x000000000800c804                __libc_init_array
 .text.memcpy   0x000000000800c84c       0x12 c:/st/stm32cubeide_1.7.0/stm32cubeide/plugins/com.st.stm32cube.ide.mcu.externaltools.gnu-tools-for-stm32.9-2020-q2-update.win32_2.0.0.202105311346/tools/bin/../lib/gcc/arm-none-eabi/9.3.1/../../../../arm-none-eabi/lib/thumb/v6-m/nofp\libc_nano.a(lib_a-memcpy-stub.o)
                0x000000000800c84c                memcpy
 .text.memset   0x000000000800c85e       0x10 c:/st/stm32cubeide_1.7.0/stm32cubeide/plugins/com.st.stm32cube.ide.mcu.externaltools.gnu-tools-for-stm32.9-2020-q2-update.win32_2.0.0.202105311346/tools/bin/../lib/gcc/arm-none-eabi/9.3.1/../../../../arm-none-eabi/lib/thumb/v6-m/nofp\libc_nano.a(lib_a-memset.o)
                0x000000000800c85e                memset
 *(.glue_7)
 .glue_7        0x000000000800c86e        0x0 linker stubs
 *(.glue_7t)
 .glue_7t       0x000000000800c86e        0x0 linker stubs
 *(.eh_frame)
 *fill*         0x000000000800c86e        0x2 
 .eh_frame      0x000000000800c870        0x0 c:/st/stm32cubeide_1.7.0/stm32cubeide/plugins/com.st.stm32cube.ide.mcu.externaltools.gnu-tools-for-stm32.9-2020-q2-update.win32_2.0.0.202105311346/tools/bin/../lib/gcc/arm-none-eabi/9.3.1/thumb/v6-m/nofp/crtbegin.o
 *(.init)
 .init          0x000000000800c870        0x4 c:/st/stm32cubeide_1.7.0/stm32cubeide/plugins/com.st.stm32cube.ide.mcu.externaltools.gnu-tools-for-stm32.9-2020-q2-update.win32_2.0.0.202105311346/tools/bin/../lib/gcc/arm-none-eabi/9.3.1/thumb/v6-m/nofp/crti.o
                0x000000000800c870                _init
 .init          0x000000000800c874        0x8 c:/st/stm32cubeide_1.7.0/stm32cubeide/plugins/com.st.stm32cube.ide.mcu.externaltools.gnu-tools-for-stm32.9-2020-q2-update.win32_2.0.0.202105311346/tools/bin/../lib/gcc/arm-none-eabi/9.3.1/thumb/v6-m/nofp/crtn.o
 *(.fini)
 .fini          0x000000000800c87c        0x4 c:/st/stm32cubeide_1.7.0/stm32cubeide/plugins/com.st.stm32cube.ide.mcu.externaltools.gnu-tools-for-stm32.9-2020-q2-update.win32_2.0.0.202105311346/tools/bin/../lib/gcc/arm-none-eabi/9.3.1/thumb/v6-m/nofp/crti.o
                0x000000000800c87c                _fini
 .fini          0x000000000800c880        0x8 c:/st/stm32cubeide_1.7.0/stm32cubeide/plugins/com.st.stm32cube.ide.mcu.externaltools.gnu-tools-for-stm32.9-2020-q2-update.win32_2.0.0.202105311346/tools/bin/../lib/gcc/arm-none-eabi/9.3.1/thumb/v6-m/nofp/crtn.o
                0x000000000800c888                . = ALIGN (0x4)
                0x000000000800c888                _etext = .

.vfp11_veneer   0x000000000800c888        0x0
 .vfp11_veneer  0x000000000800c888        0x0 linker stubs

.v4_bx          0x000000000800c888        0x0
 .v4_bx         0x000000000800c888        0x0 linker stubs

.iplt           0x000000000800c888        0x0
 .iplt          0x000000000800c888        0x0 c:/st/stm32cubeide_1.7.0/stm32cubeide/plugins/com.st.stm32cube.ide.mcu.externaltools.gnu-tools-for-stm32.9-2020-q2-update.win32_2.0.0.202105311346/tools/bin/../lib/gcc/arm-none-eabi/9.3.1/thumb/v6-m/nofp/crtbegin.o

.rodata         0x000000000800c888     0x1850
                0x000000000800c888                . = ALIGN (0x4)
 *(.rodata)
 .rodata        0x000000000800c888      0x123 ./Core/Src/debug.o
 *fill*         0x000000000800c9ab        0x1 
 .rodata        0x000000000800c9ac        0x1 ./Core/Src/hal.o
 *fill*         0x000000000800c9ad        0x3 
 .rodata        0x000000000800c9b0      0x1b8 ./Core/Src/main.o
 .rodata        0x000000000800cb68       0x38 ./Drivers/STM32L0xx_HAL_Driver/Src/stm32l0xx_hal_adc.o
 .rodata        0x000000000800cba0       0x3b ./Drivers/STM32L0xx_HAL_Driver/Src/stm32l0xx_hal_cortex.o
 *fill*         0x000000000800cbdb        0x1 
 .rodata        0x000000000800cbdc       0x39 ./Drivers/STM32L0xx_HAL_Driver/Src/stm32l0xx_hal_gpio.o
 *fill*         0x000000000800cc15        0x3 
 .rodata        0x000000000800cc18       0x38 ./Drivers/STM32L0xx_HAL_Driver/Src/stm32l0xx_hal_rcc.o
 .rodata        0x000000000800cc50       0x3b ./Drivers/STM32L0xx_HAL_Driver/Src/stm32l0xx_hal_rcc_ex.o
 *fill*         0x000000000800cc8b        0x1 
 .rodata        0x000000000800cc8c       0x38 ./Drivers/STM32L0xx_HAL_Driver/Src/stm32l0xx_hal_spi.o
 .rodata        0x000000000800ccc4       0x38 ./Drivers/STM32L0xx_HAL_Driver/Src/stm32l0xx_hal_tim.o
 .rodata        0x000000000800ccfc       0x3b ./Drivers/STM32L0xx_HAL_Driver/Src/stm32l0xx_hal_tim_ex.o
 *fill*         0x000000000800cd37        0x1 
 .rodata        0x000000000800cd38       0x39 ./Drivers/STM32L0xx_HAL_Driver/Src/stm32l0xx_hal_uart.o
 *fill*         0x000000000800cd71        0x3 
 .rodata        0x000000000800cd74       0x80 c:/st/stm32cubeide_1.7.0/stm32cubeide/plugins/com.st.stm32cube.ide.mcu.externaltools.gnu-tools-for-stm32.9-2020-q2-update.win32_2.0.0.202105311346/tools/bin/../lib/gcc/arm-none-eabi/9.3.1/thumb/v6-m/nofp\libgcc.a(divsf3.o)
 *(.rodata*)
 .rodata.AES_RCON
                0x000000000800cdf4       0x28 ./Core/Src/aes.o
 .rodata.AES_S  0x000000000800ce1c      0x100 ./Core/Src/aes.o
 .rodata.AES_E1
                0x000000000800cf1c      0x400 ./Core/Src/aes.o
 .rodata.AES_E2
                0x000000000800d31c      0x400 ./Core/Src/aes.o
 .rodata.AES_E3
                0x000000000800d71c      0x400 ./Core/Src/aes.o
 .rodata.AES_E4
                0x000000000800db1c      0x400 ./Core/Src/aes.o
 .rodata._DR2RPS_CRC
                0x000000000800df1c        0xa ./Core/Src/lmic.o
                0x000000000800df1c                _DR2RPS_CRC
 *fill*         0x000000000800df26        0x2 
 .rodata.TXPOWLEVELS
                0x000000000800df28       0x10 ./Core/Src/lmic.o
 .rodata.SENSITIVITY
                0x000000000800df38       0x15 ./Core/Src/lmic.o
 *fill*         0x000000000800df4d        0x3 
 .rodata.DRADJUST
                0x000000000800df50        0xa ./Core/Src/lmic.o
 *fill*         0x000000000800df5a        0x2 
 .rodata.DR2HSYM_osticks
                0x000000000800df5c       0x20 ./Core/Src/lmic.o
 .rodata.iniChannelFreq
                0x000000000800df7c       0x30 ./Core/Src/lmic.o
 .rodata.decodeFrame
                0x000000000800dfac       0x4c ./Core/Src/lmic.o
 .rodata.APPEUI
                0x000000000800dff8        0x8 ./Core/Src/main.o
 .rodata.DEVEUI
                0x000000000800e000        0x8 ./Core/Src/main.o
 .rodata.DEVKEY
                0x000000000800e008       0x10 ./Core/Src/main.o
 .rodata.onEvent
                0x000000000800e018       0x40 ./Core/Src/main.o
 .rodata.rxlorairqmask
                0x000000000800e058        0x3 ./Core/Src/radio.o
 *fill*         0x000000000800e05b        0x1 
 .rodata.LORA_RXDONE_FIXUP
                0x000000000800e05c        0xe ./Core/Src/radio.o
 *fill*         0x000000000800e06a        0x2 
 .rodata.AHBPrescTable
                0x000000000800e06c       0x10 ./Core/Src/system_stm32l0xx.o
                0x000000000800e06c                AHBPrescTable
 .rodata.APBPrescTable
                0x000000000800e07c        0x8 ./Core/Src/system_stm32l0xx.o
                0x000000000800e07c                APBPrescTable
 .rodata.PLLMulTable
                0x000000000800e084        0x9 ./Core/Src/system_stm32l0xx.o
                0x000000000800e084                PLLMulTable
 *fill*         0x000000000800e08d        0x3 
 .rodata.UART_SetConfig
                0x000000000800e090       0x48 ./Drivers/STM32L0xx_HAL_Driver/Src/stm32l0xx_hal_uart.o
                0x000000000800e0d8                . = ALIGN (0x4)

.ARM.extab      0x000000000800e0d8        0x0
                0x000000000800e0d8                . = ALIGN (0x4)
 *(.ARM.extab* .gnu.linkonce.armextab.*)
                0x000000000800e0d8                . = ALIGN (0x4)

.ARM            0x000000000800e0d8        0x8
                0x000000000800e0d8                . = ALIGN (0x4)
                0x000000000800e0d8                __exidx_start = .
 *(.ARM.exidx*)
 .ARM.exidx     0x000000000800e0d8        0x8 c:/st/stm32cubeide_1.7.0/stm32cubeide/plugins/com.st.stm32cube.ide.mcu.externaltools.gnu-tools-for-stm32.9-2020-q2-update.win32_2.0.0.202105311346/tools/bin/../lib/gcc/arm-none-eabi/9.3.1/thumb/v6-m/nofp\libgcc.a(_udivmoddi4.o)
 .ARM.exidx     0x000000000800e0e0        0x0 c:/st/stm32cubeide_1.7.0/stm32cubeide/plugins/com.st.stm32cube.ide.mcu.externaltools.gnu-tools-for-stm32.9-2020-q2-update.win32_2.0.0.202105311346/tools/bin/../lib/gcc/arm-none-eabi/9.3.1/thumb/v6-m/nofp\libgcc.a(_divdi3.o)
                                          0x8 (size before relaxing)
                0x000000000800e0e0                __exidx_end = .
                0x000000000800e0e0                . = ALIGN (0x4)

.rel.dyn        0x000000000800e0e0        0x0
 .rel.iplt      0x000000000800e0e0        0x0 c:/st/stm32cubeide_1.7.0/stm32cubeide/plugins/com.st.stm32cube.ide.mcu.externaltools.gnu-tools-for-stm32.9-2020-q2-update.win32_2.0.0.202105311346/tools/bin/../lib/gcc/arm-none-eabi/9.3.1/thumb/v6-m/nofp/crtbegin.o

.preinit_array  0x000000000800e0e0        0x0
                0x000000000800e0e0                . = ALIGN (0x4)
                0x000000000800e0e0                PROVIDE (__preinit_array_start = .)
 *(.preinit_array*)
                0x000000000800e0e0                PROVIDE (__preinit_array_end = .)
                0x000000000800e0e0                . = ALIGN (0x4)

.init_array     0x000000000800e0e0        0x4
                0x000000000800e0e0                . = ALIGN (0x4)
                0x000000000800e0e0                PROVIDE (__init_array_start = .)
 *(SORT_BY_NAME(.init_array.*))
 *(.init_array*)
 .init_array    0x000000000800e0e0        0x4 c:/st/stm32cubeide_1.7.0/stm32cubeide/plugins/com.st.stm32cube.ide.mcu.externaltools.gnu-tools-for-stm32.9-2020-q2-update.win32_2.0.0.202105311346/tools/bin/../lib/gcc/arm-none-eabi/9.3.1/thumb/v6-m/nofp/crtbegin.o
                0x000000000800e0e4                PROVIDE (__init_array_end = .)
                0x000000000800e0e4                . = ALIGN (0x4)

.fini_array     0x000000000800e0e4        0x4
                0x000000000800e0e4                . = ALIGN (0x4)
                [!provide]                        PROVIDE (__fini_array_start = .)
 *(SORT_BY_NAME(.fini_array.*))
 *(.fini_array*)
 .fini_array    0x000000000800e0e4        0x4 c:/st/stm32cubeide_1.7.0/stm32cubeide/plugins/com.st.stm32cube.ide.mcu.externaltools.gnu-tools-for-stm32.9-2020-q2-update.win32_2.0.0.202105311346/tools/bin/../lib/gcc/arm-none-eabi/9.3.1/thumb/v6-m/nofp/crtbegin.o
                [!provide]                        PROVIDE (__fini_array_end = .)
                0x000000000800e0e8                . = ALIGN (0x4)
                0x000000000800e0e8                _sidata = LOADADDR (.data)

.data           0x0000000020000000       0x58 load address 0x000000000800e0e8
                0x0000000020000000                . = ALIGN (0x4)
                0x0000000020000000                _sdata = .
 *(.data)
 *(.data*)
 .data.evnames.8576
                0x0000000020000000       0x48 ./Core/Src/debug.o
 .data.repeat_period
                0x0000000020000048        0x1 ./Core/Src/main.o
                0x0000000020000048                repeat_period
 *fill*         0x0000000020000049        0x3 
 .data.SystemCoreClock
                0x000000002000004c        0x4 ./Core/Src/system_stm32l0xx.o
                0x000000002000004c                SystemCoreClock
 .data.uwTickPrio
                0x0000000020000050        0x4 ./Drivers/STM32L0xx_HAL_Driver/Src/stm32l0xx_hal.o
                0x0000000020000050                uwTickPrio
 .data.uwTickFreq
                0x0000000020000054        0x1 ./Drivers/STM32L0xx_HAL_Driver/Src/stm32l0xx_hal.o
                0x0000000020000054                uwTickFreq
 *(.RamFunc)
 *(.RamFunc*)
                0x0000000020000058                . = ALIGN (0x4)
 *fill*         0x0000000020000055        0x3 
                0x0000000020000058                _edata = .

.igot.plt       0x0000000020000058        0x0 load address 0x000000000800e140
 .igot.plt      0x0000000020000058        0x0 c:/st/stm32cubeide_1.7.0/stm32cubeide/plugins/com.st.stm32cube.ide.mcu.externaltools.gnu-tools-for-stm32.9-2020-q2-update.win32_2.0.0.202105311346/tools/bin/../lib/gcc/arm-none-eabi/9.3.1/thumb/v6-m/nofp/crtbegin.o
                0x0000000020000058                . = ALIGN (0x4)

.bss            0x0000000020000058      0x440 load address 0x000000000800e140
                0x0000000020000058                _sbss = .
                0x0000000020000058                __bss_start__ = _sbss
 *(.bss)
 .bss           0x0000000020000058       0x1c c:/st/stm32cubeide_1.7.0/stm32cubeide/plugins/com.st.stm32cube.ide.mcu.externaltools.gnu-tools-for-stm32.9-2020-q2-update.win32_2.0.0.202105311346/tools/bin/../lib/gcc/arm-none-eabi/9.3.1/thumb/v6-m/nofp/crtbegin.o
 *(.bss*)
 .bss.HAL       0x0000000020000074        0x8 ./Core/Src/hal.o
 .bss.reportjob
                0x000000002000007c        0xc ./Core/Src/main.o
 .bss.OS        0x0000000020000088        0x8 ./Core/Src/oslmic.o
 .bss.randbuf   0x0000000020000090       0x10 ./Core/Src/radio.o
 .bss._i2cAddress
                0x00000000200000a0        0x1 ./Core/Src/sdp800.o
 *(COMMON)
 *fill*         0x00000000200000a1        0x3 
 COMMON         0x00000000200000a4       0xc0 ./Core/Src/aes.o
                0x00000000200000a4                AESKEY
                0x0000000020000154                AESAUX
 COMMON         0x0000000020000164      0x11c ./Core/Src/debug.o
                0x0000000020000164                hspi1
                0x00000000200001bc                huart2
                0x0000000020000240                htim21
 COMMON         0x0000000020000280      0x1ac ./Core/Src/lmic.o
                0x0000000020000280                LMIC
 COMMON         0x000000002000042c       0x68 ./Core/Src/main.o
                0x000000002000042c                temperature
                0x0000000020000430                diffPressure
                0x0000000020000434                error
                0x0000000020000438                hadc
 COMMON         0x0000000020000494        0x4 ./Drivers/STM32L0xx_HAL_Driver/Src/stm32l0xx_hal.o
                0x0000000020000494                uwTick
                0x0000000020000498                . = ALIGN (0x4)
                0x0000000020000498                _ebss = .
                0x0000000020000498                __bss_end__ = _ebss

._user_heap_stack
                0x0000000020000498      0x600 load address 0x000000000800e140
                0x0000000020000498                . = ALIGN (0x8)
                [!provide]                        PROVIDE (end = .)
                0x0000000020000498                PROVIDE (_end = .)
                0x0000000020000698                . = (. + _Min_Heap_Size)
 *fill*         0x0000000020000498      0x200 
                0x0000000020000a98                . = (. + _Min_Stack_Size)
 *fill*         0x0000000020000698      0x400 
                0x0000000020000a98                . = ALIGN (0x8)

/DISCARD/
 libc.a(*)
 libm.a(*)
 libgcc.a(*)

.ARM.attributes
                0x0000000000000000       0x28
 *(.ARM.attributes)
 .ARM.attributes
                0x0000000000000000       0x1e c:/st/stm32cubeide_1.7.0/stm32cubeide/plugins/com.st.stm32cube.ide.mcu.externaltools.gnu-tools-for-stm32.9-2020-q2-update.win32_2.0.0.202105311346/tools/bin/../lib/gcc/arm-none-eabi/9.3.1/thumb/v6-m/nofp/crti.o
 .ARM.attributes
                0x000000000000001e       0x2c c:/st/stm32cubeide_1.7.0/stm32cubeide/plugins/com.st.stm32cube.ide.mcu.externaltools.gnu-tools-for-stm32.9-2020-q2-update.win32_2.0.0.202105311346/tools/bin/../lib/gcc/arm-none-eabi/9.3.1/thumb/v6-m/nofp/crtbegin.o
 .ARM.attributes
                0x000000000000004a       0x2c ./Core/Src/aes.o
 .ARM.attributes
                0x0000000000000076       0x2c ./Core/Src/debug.o
 .ARM.attributes
                0x00000000000000a2       0x2c ./Core/Src/hal.o
 .ARM.attributes
                0x00000000000000ce       0x2c ./Core/Src/i2c_hal.o
 .ARM.attributes
                0x00000000000000fa       0x2c ./Core/Src/lmic.o
 .ARM.attributes
                0x0000000000000126       0x2c ./Core/Src/main.o
 .ARM.attributes
                0x0000000000000152       0x2c ./Core/Src/oslmic.o
 .ARM.attributes
                0x000000000000017e       0x2c ./Core/Src/radio.o
 .ARM.attributes
                0x00000000000001aa       0x2c ./Core/Src/sdp800.o
 .ARM.attributes
                0x00000000000001d6       0x2c ./Core/Src/stm32l0xx_hal_msp.o
 .ARM.attributes
                0x0000000000000202       0x2c ./Core/Src/stm32l0xx_it.o
 .ARM.attributes
                0x000000000000022e       0x2c ./Core/Src/system.o
 .ARM.attributes
                0x000000000000025a       0x2c ./Core/Src/system_stm32l0xx.o
 .ARM.attributes
                0x0000000000000286       0x22 ./Core/Startup/startup_stm32l073rztx.o
 .ARM.attributes
                0x00000000000002a8       0x2c ./Drivers/STM32L0xx_HAL_Driver/Src/stm32l0xx_hal.o
 .ARM.attributes
                0x00000000000002d4       0x2c ./Drivers/STM32L0xx_HAL_Driver/Src/stm32l0xx_hal_adc.o
 .ARM.attributes
                0x0000000000000300       0x2c ./Drivers/STM32L0xx_HAL_Driver/Src/stm32l0xx_hal_cortex.o
 .ARM.attributes
                0x000000000000032c       0x2c ./Drivers/STM32L0xx_HAL_Driver/Src/stm32l0xx_hal_gpio.o
 .ARM.attributes
                0x0000000000000358       0x2c ./Drivers/STM32L0xx_HAL_Driver/Src/stm32l0xx_hal_rcc.o
 .ARM.attributes
                0x0000000000000384       0x2c ./Drivers/STM32L0xx_HAL_Driver/Src/stm32l0xx_hal_rcc_ex.o
 .ARM.attributes
                0x00000000000003b0       0x2c ./Drivers/STM32L0xx_HAL_Driver/Src/stm32l0xx_hal_spi.o
 .ARM.attributes
                0x00000000000003dc       0x2c ./Drivers/STM32L0xx_HAL_Driver/Src/stm32l0xx_hal_tim.o
 .ARM.attributes
                0x0000000000000408       0x2c ./Drivers/STM32L0xx_HAL_Driver/Src/stm32l0xx_hal_tim_ex.o
 .ARM.attributes
                0x0000000000000434       0x2c ./Drivers/STM32L0xx_HAL_Driver/Src/stm32l0xx_hal_uart.o
 .ARM.attributes
                0x0000000000000460       0x2c c:/st/stm32cubeide_1.7.0/stm32cubeide/plugins/com.st.stm32cube.ide.mcu.externaltools.gnu-tools-for-stm32.9-2020-q2-update.win32_2.0.0.202105311346/tools/bin/../lib/gcc/arm-none-eabi/9.3.1/../../../../arm-none-eabi/lib/thumb/v6-m/nofp\libc_nano.a(lib_a-init.o)
 .ARM.attributes
                0x000000000000048c       0x2c c:/st/stm32cubeide_1.7.0/stm32cubeide/plugins/com.st.stm32cube.ide.mcu.externaltools.gnu-tools-for-stm32.9-2020-q2-update.win32_2.0.0.202105311346/tools/bin/../lib/gcc/arm-none-eabi/9.3.1/../../../../arm-none-eabi/lib/thumb/v6-m/nofp\libc_nano.a(lib_a-memcpy-stub.o)
 .ARM.attributes
                0x00000000000004b8       0x2c c:/st/stm32cubeide_1.7.0/stm32cubeide/plugins/com.st.stm32cube.ide.mcu.externaltools.gnu-tools-for-stm32.9-2020-q2-update.win32_2.0.0.202105311346/tools/bin/../lib/gcc/arm-none-eabi/9.3.1/../../../../arm-none-eabi/lib/thumb/v6-m/nofp\libc_nano.a(lib_a-memset.o)
 .ARM.attributes
                0x00000000000004e4       0x1e c:/st/stm32cubeide_1.7.0/stm32cubeide/plugins/com.st.stm32cube.ide.mcu.externaltools.gnu-tools-for-stm32.9-2020-q2-update.win32_2.0.0.202105311346/tools/bin/../lib/gcc/arm-none-eabi/9.3.1/thumb/v6-m/nofp\libgcc.a(_udivsi3.o)
 .ARM.attributes
                0x0000000000000502       0x1e c:/st/stm32cubeide_1.7.0/stm32cubeide/plugins/com.st.stm32cube.ide.mcu.externaltools.gnu-tools-for-stm32.9-2020-q2-update.win32_2.0.0.202105311346/tools/bin/../lib/gcc/arm-none-eabi/9.3.1/thumb/v6-m/nofp\libgcc.a(_divsi3.o)
 .ARM.attributes
                0x0000000000000520       0x1e c:/st/stm32cubeide_1.7.0/stm32cubeide/plugins/com.st.stm32cube.ide.mcu.externaltools.gnu-tools-for-stm32.9-2020-q2-update.win32_2.0.0.202105311346/tools/bin/../lib/gcc/arm-none-eabi/9.3.1/thumb/v6-m/nofp\libgcc.a(_dvmd_tls.o)
 .ARM.attributes
                0x000000000000053e       0x1e c:/st/stm32cubeide_1.7.0/stm32cubeide/plugins/com.st.stm32cube.ide.mcu.externaltools.gnu-tools-for-stm32.9-2020-q2-update.win32_2.0.0.202105311346/tools/bin/../lib/gcc/arm-none-eabi/9.3.1/thumb/v6-m/nofp\libgcc.a(_aeabi_ldivmod.o)
 .ARM.attributes
                0x000000000000055c       0x1e c:/st/stm32cubeide_1.7.0/stm32cubeide/plugins/com.st.stm32cube.ide.mcu.externaltools.gnu-tools-for-stm32.9-2020-q2-update.win32_2.0.0.202105311346/tools/bin/../lib/gcc/arm-none-eabi/9.3.1/thumb/v6-m/nofp\libgcc.a(_aeabi_uldivmod.o)
 .ARM.attributes
                0x000000000000057a       0x2c c:/st/stm32cubeide_1.7.0/stm32cubeide/plugins/com.st.stm32cube.ide.mcu.externaltools.gnu-tools-for-stm32.9-2020-q2-update.win32_2.0.0.202105311346/tools/bin/../lib/gcc/arm-none-eabi/9.3.1/thumb/v6-m/nofp\libgcc.a(_muldi3.o)
 .ARM.attributes
                0x00000000000005a6       0x2c c:/st/stm32cubeide_1.7.0/stm32cubeide/plugins/com.st.stm32cube.ide.mcu.externaltools.gnu-tools-for-stm32.9-2020-q2-update.win32_2.0.0.202105311346/tools/bin/../lib/gcc/arm-none-eabi/9.3.1/thumb/v6-m/nofp\libgcc.a(_udivmoddi4.o)
 .ARM.attributes
                0x00000000000005d2       0x2c c:/st/stm32cubeide_1.7.0/stm32cubeide/plugins/com.st.stm32cube.ide.mcu.externaltools.gnu-tools-for-stm32.9-2020-q2-update.win32_2.0.0.202105311346/tools/bin/../lib/gcc/arm-none-eabi/9.3.1/thumb/v6-m/nofp\libgcc.a(bpabi.o)
 .ARM.attributes
                0x00000000000005fe       0x2c c:/st/stm32cubeide_1.7.0/stm32cubeide/plugins/com.st.stm32cube.ide.mcu.externaltools.gnu-tools-for-stm32.9-2020-q2-update.win32_2.0.0.202105311346/tools/bin/../lib/gcc/arm-none-eabi/9.3.1/thumb/v6-m/nofp\libgcc.a(divsf3.o)
 .ARM.attributes
                0x000000000000062a       0x2c c:/st/stm32cubeide_1.7.0/stm32cubeide/plugins/com.st.stm32cube.ide.mcu.externaltools.gnu-tools-for-stm32.9-2020-q2-update.win32_2.0.0.202105311346/tools/bin/../lib/gcc/arm-none-eabi/9.3.1/thumb/v6-m/nofp\libgcc.a(fixsfsi.o)
 .ARM.attributes
                0x0000000000000656       0x2c c:/st/stm32cubeide_1.7.0/stm32cubeide/plugins/com.st.stm32cube.ide.mcu.externaltools.gnu-tools-for-stm32.9-2020-q2-update.win32_2.0.0.202105311346/tools/bin/../lib/gcc/arm-none-eabi/9.3.1/thumb/v6-m/nofp\libgcc.a(floatsisf.o)
 .ARM.attributes
                0x0000000000000682       0x2c c:/st/stm32cubeide_1.7.0/stm32cubeide/plugins/com.st.stm32cube.ide.mcu.externaltools.gnu-tools-for-stm32.9-2020-q2-update.win32_2.0.0.202105311346/tools/bin/../lib/gcc/arm-none-eabi/9.3.1/thumb/v6-m/nofp\libgcc.a(floatunsisf.o)
 .ARM.attributes
                0x00000000000006ae       0x1e c:/st/stm32cubeide_1.7.0/stm32cubeide/plugins/com.st.stm32cube.ide.mcu.externaltools.gnu-tools-for-stm32.9-2020-q2-update.win32_2.0.0.202105311346/tools/bin/../lib/gcc/arm-none-eabi/9.3.1/thumb/v6-m/nofp\libgcc.a(_clzsi2.o)
 .ARM.attributes
                0x00000000000006cc       0x1e c:/st/stm32cubeide_1.7.0/stm32cubeide/plugins/com.st.stm32cube.ide.mcu.externaltools.gnu-tools-for-stm32.9-2020-q2-update.win32_2.0.0.202105311346/tools/bin/../lib/gcc/arm-none-eabi/9.3.1/thumb/v6-m/nofp\libgcc.a(_clzdi2.o)
 .ARM.attributes
                0x00000000000006ea       0x2c c:/st/stm32cubeide_1.7.0/stm32cubeide/plugins/com.st.stm32cube.ide.mcu.externaltools.gnu-tools-for-stm32.9-2020-q2-update.win32_2.0.0.202105311346/tools/bin/../lib/gcc/arm-none-eabi/9.3.1/thumb/v6-m/nofp\libgcc.a(_divdi3.o)
 .ARM.attributes
                0x0000000000000716       0x1e c:/st/stm32cubeide_1.7.0/stm32cubeide/plugins/com.st.stm32cube.ide.mcu.externaltools.gnu-tools-for-stm32.9-2020-q2-update.win32_2.0.0.202105311346/tools/bin/../lib/gcc/arm-none-eabi/9.3.1/thumb/v6-m/nofp/crtn.o
OUTPUT(STM32 LoRa node.elf elf32-littlearm)
LOAD linker stubs
LOAD c:/st/stm32cubeide_1.7.0/stm32cubeide/plugins/com.st.stm32cube.ide.mcu.externaltools.gnu-tools-for-stm32.9-2020-q2-update.win32_2.0.0.202105311346/tools/bin/../lib/gcc/arm-none-eabi/9.3.1/../../../../arm-none-eabi/lib/thumb/v6-m/nofp\libc.a
LOAD c:/st/stm32cubeide_1.7.0/stm32cubeide/plugins/com.st.stm32cube.ide.mcu.externaltools.gnu-tools-for-stm32.9-2020-q2-update.win32_2.0.0.202105311346/tools/bin/../lib/gcc/arm-none-eabi/9.3.1/../../../../arm-none-eabi/lib/thumb/v6-m/nofp\libm.a
LOAD c:/st/stm32cubeide_1.7.0/stm32cubeide/plugins/com.st.stm32cube.ide.mcu.externaltools.gnu-tools-for-stm32.9-2020-q2-update.win32_2.0.0.202105311346/tools/bin/../lib/gcc/arm-none-eabi/9.3.1/thumb/v6-m/nofp\libgcc.a

.debug_info     0x0000000000000000    0x1cc87
 .debug_info    0x0000000000000000      0xb6b ./Core/Src/aes.o
 .debug_info    0x0000000000000b6b     0x201b ./Core/Src/debug.o
 .debug_info    0x0000000000002b86     0x221a ./Core/Src/hal.o
 .debug_info    0x0000000000004da0      0x353 ./Core/Src/i2c_hal.o
 .debug_info    0x00000000000050f3     0x35b2 ./Core/Src/lmic.o
 .debug_info    0x00000000000086a5     0x2c1e ./Core/Src/main.o
 .debug_info    0x000000000000b2c3     0x130b ./Core/Src/oslmic.o
 .debug_info    0x000000000000c5ce     0x1773 ./Core/Src/radio.o
 .debug_info    0x000000000000dd41      0x594 ./Core/Src/sdp800.o
 .debug_info    0x000000000000e2d5     0x14b7 ./Core/Src/stm32l0xx_hal_msp.o
 .debug_info    0x000000000000f78c      0xd5b ./Core/Src/stm32l0xx_it.o
 .debug_info    0x00000000000104e7      0x19c ./Core/Src/system.o
 .debug_info    0x0000000000010683      0x363 ./Core/Src/system_stm32l0xx.o
 .debug_info    0x00000000000109e6       0x22 ./Core/Startup/startup_stm32l073rztx.o
 .debug_info    0x0000000000010a08      0x92f ./Drivers/STM32L0xx_HAL_Driver/Src/stm32l0xx_hal.o
 .debug_info    0x0000000000011337      0xe01 ./Drivers/STM32L0xx_HAL_Driver/Src/stm32l0xx_hal_adc.o
 .debug_info    0x0000000000012138      0x9c7 ./Drivers/STM32L0xx_HAL_Driver/Src/stm32l0xx_hal_cortex.o
 .debug_info    0x0000000000012aff      0x790 ./Drivers/STM32L0xx_HAL_Driver/Src/stm32l0xx_hal_gpio.o
 .debug_info    0x000000000001328f      0xa85 ./Drivers/STM32L0xx_HAL_Driver/Src/stm32l0xx_hal_rcc.o
 .debug_info    0x0000000000013d14      0x8e9 ./Drivers/STM32L0xx_HAL_Driver/Src/stm32l0xx_hal_rcc_ex.o
 .debug_info    0x00000000000145fd     0x1775 ./Drivers/STM32L0xx_HAL_Driver/Src/stm32l0xx_hal_spi.o
 .debug_info    0x0000000000015d72     0x2a96 ./Drivers/STM32L0xx_HAL_Driver/Src/stm32l0xx_hal_tim.o
 .debug_info    0x0000000000018808      0x7d8 ./Drivers/STM32L0xx_HAL_Driver/Src/stm32l0xx_hal_tim_ex.o
 .debug_info    0x0000000000018fe0     0x3ca7 ./Drivers/STM32L0xx_HAL_Driver/Src/stm32l0xx_hal_uart.o

.debug_abbrev   0x0000000000000000     0x3575
 .debug_abbrev  0x0000000000000000      0x22f ./Core/Src/aes.o
 .debug_abbrev  0x000000000000022f      0x28d ./Core/Src/debug.o
 .debug_abbrev  0x00000000000004bc      0x355 ./Core/Src/hal.o
 .debug_abbrev  0x0000000000000811      0x16c ./Core/Src/i2c_hal.o
 .debug_abbrev  0x000000000000097d      0x4e8 ./Core/Src/lmic.o
 .debug_abbrev  0x0000000000000e65      0x394 ./Core/Src/main.o
 .debug_abbrev  0x00000000000011f9      0x27d ./Core/Src/oslmic.o
 .debug_abbrev  0x0000000000001476      0x308 ./Core/Src/radio.o
 .debug_abbrev  0x000000000000177e      0x192 ./Core/Src/sdp800.o
 .debug_abbrev  0x0000000000001910      0x22a ./Core/Src/stm32l0xx_hal_msp.o
 .debug_abbrev  0x0000000000001b3a      0x19a ./Core/Src/stm32l0xx_it.o
 .debug_abbrev  0x0000000000001cd4       0xc9 ./Core/Src/system.o
 .debug_abbrev  0x0000000000001d9d      0x145 ./Core/Src/system_stm32l0xx.o
 .debug_abbrev  0x0000000000001ee2       0x12 ./Core/Startup/startup_stm32l073rztx.o
 .debug_abbrev  0x0000000000001ef4      0x24b ./Drivers/STM32L0xx_HAL_Driver/Src/stm32l0xx_hal.o
 .debug_abbrev  0x000000000000213f      0x204 ./Drivers/STM32L0xx_HAL_Driver/Src/stm32l0xx_hal_adc.o
 .debug_abbrev  0x0000000000002343      0x2b4 ./Drivers/STM32L0xx_HAL_Driver/Src/stm32l0xx_hal_cortex.o
 .debug_abbrev  0x00000000000025f7      0x1e8 ./Drivers/STM32L0xx_HAL_Driver/Src/stm32l0xx_hal_gpio.o
 .debug_abbrev  0x00000000000027df      0x22a ./Drivers/STM32L0xx_HAL_Driver/Src/stm32l0xx_hal_rcc.o
 .debug_abbrev  0x0000000000002a09      0x20b ./Drivers/STM32L0xx_HAL_Driver/Src/stm32l0xx_hal_rcc_ex.o
 .debug_abbrev  0x0000000000002c14      0x26e ./Drivers/STM32L0xx_HAL_Driver/Src/stm32l0xx_hal_spi.o
 .debug_abbrev  0x0000000000002e82      0x26f ./Drivers/STM32L0xx_HAL_Driver/Src/stm32l0xx_hal_tim.o
 .debug_abbrev  0x00000000000030f1      0x1c2 ./Drivers/STM32L0xx_HAL_Driver/Src/stm32l0xx_hal_tim_ex.o
 .debug_abbrev  0x00000000000032b3      0x2c2 ./Drivers/STM32L0xx_HAL_Driver/Src/stm32l0xx_hal_uart.o

.debug_aranges  0x0000000000000000     0x14a8
 .debug_aranges
                0x0000000000000000       0x28 ./Core/Src/aes.o
 .debug_aranges
                0x0000000000000028       0x80 ./Core/Src/debug.o
 .debug_aranges
                0x00000000000000a8       0xa8 ./Core/Src/hal.o
 .debug_aranges
                0x0000000000000150       0x40 ./Core/Src/i2c_hal.o
 .debug_aranges
                0x0000000000000190      0x380 ./Core/Src/lmic.o
 .debug_aranges
                0x0000000000000510       0xa0 ./Core/Src/main.o
 .debug_aranges
                0x00000000000005b0       0x50 ./Core/Src/oslmic.o
 .debug_aranges
                0x0000000000000600       0xc0 ./Core/Src/radio.o
 .debug_aranges
                0x00000000000006c0       0x60 ./Core/Src/sdp800.o
 .debug_aranges
                0x0000000000000720       0x60 ./Core/Src/stm32l0xx_hal_msp.o
 .debug_aranges
                0x0000000000000780       0x58 ./Core/Src/stm32l0xx_it.o
 .debug_aranges
                0x00000000000007d8       0x20 ./Core/Src/system.o
 .debug_aranges
                0x00000000000007f8       0x28 ./Core/Src/system_stm32l0xx.o
 .debug_aranges
                0x0000000000000820       0x28 ./Core/Startup/startup_stm32l073rztx.o
 .debug_aranges
                0x0000000000000848      0x110 ./Drivers/STM32L0xx_HAL_Driver/Src/stm32l0xx_hal.o
 .debug_aranges
                0x0000000000000958      0x100 ./Drivers/STM32L0xx_HAL_Driver/Src/stm32l0xx_hal_adc.o
 .debug_aranges
                0x0000000000000a58       0xd8 ./Drivers/STM32L0xx_HAL_Driver/Src/stm32l0xx_hal_cortex.o
 .debug_aranges
                0x0000000000000b30       0x58 ./Drivers/STM32L0xx_HAL_Driver/Src/stm32l0xx_hal_gpio.o
 .debug_aranges
                0x0000000000000b88       0x80 ./Drivers/STM32L0xx_HAL_Driver/Src/stm32l0xx_hal_rcc.o
 .debug_aranges
                0x0000000000000c08       0xb0 ./Drivers/STM32L0xx_HAL_Driver/Src/stm32l0xx_hal_rcc_ex.o
 .debug_aranges
                0x0000000000000cb8      0x1d0 ./Drivers/STM32L0xx_HAL_Driver/Src/stm32l0xx_hal_spi.o
 .debug_aranges
                0x0000000000000e88      0x3d0 ./Drivers/STM32L0xx_HAL_Driver/Src/stm32l0xx_hal_tim.o
 .debug_aranges
                0x0000000000001258       0x28 ./Drivers/STM32L0xx_HAL_Driver/Src/stm32l0xx_hal_tim_ex.o
 .debug_aranges
                0x0000000000001280      0x228 ./Drivers/STM32L0xx_HAL_Driver/Src/stm32l0xx_hal_uart.o

.debug_ranges   0x0000000000000000     0x1390
 .debug_ranges  0x0000000000000000       0x18 ./Core/Src/aes.o
 .debug_ranges  0x0000000000000018       0x70 ./Core/Src/debug.o
 .debug_ranges  0x0000000000000088       0x98 ./Core/Src/hal.o
 .debug_ranges  0x0000000000000120       0x30 ./Core/Src/i2c_hal.o
 .debug_ranges  0x0000000000000150      0x3a0 ./Core/Src/lmic.o
 .debug_ranges  0x00000000000004f0       0x90 ./Core/Src/main.o
 .debug_ranges  0x0000000000000580       0x40 ./Core/Src/oslmic.o
 .debug_ranges  0x00000000000005c0       0xb0 ./Core/Src/radio.o
 .debug_ranges  0x0000000000000670       0x50 ./Core/Src/sdp800.o
 .debug_ranges  0x00000000000006c0       0x50 ./Core/Src/stm32l0xx_hal_msp.o
 .debug_ranges  0x0000000000000710       0x48 ./Core/Src/stm32l0xx_it.o
 .debug_ranges  0x0000000000000758       0x10 ./Core/Src/system.o
 .debug_ranges  0x0000000000000768       0x18 ./Core/Src/system_stm32l0xx.o
 .debug_ranges  0x0000000000000780       0x20 ./Core/Startup/startup_stm32l073rztx.o
 .debug_ranges  0x00000000000007a0      0x100 ./Drivers/STM32L0xx_HAL_Driver/Src/stm32l0xx_hal.o
 .debug_ranges  0x00000000000008a0       0xf0 ./Drivers/STM32L0xx_HAL_Driver/Src/stm32l0xx_hal_adc.o
 .debug_ranges  0x0000000000000990       0xc8 ./Drivers/STM32L0xx_HAL_Driver/Src/stm32l0xx_hal_cortex.o
 .debug_ranges  0x0000000000000a58       0x48 ./Drivers/STM32L0xx_HAL_Driver/Src/stm32l0xx_hal_gpio.o
 .debug_ranges  0x0000000000000aa0       0x70 ./Drivers/STM32L0xx_HAL_Driver/Src/stm32l0xx_hal_rcc.o
 .debug_ranges  0x0000000000000b10       0xa0 ./Drivers/STM32L0xx_HAL_Driver/Src/stm32l0xx_hal_rcc_ex.o
 .debug_ranges  0x0000000000000bb0      0x1c0 ./Drivers/STM32L0xx_HAL_Driver/Src/stm32l0xx_hal_spi.o
 .debug_ranges  0x0000000000000d70      0x3c0 ./Drivers/STM32L0xx_HAL_Driver/Src/stm32l0xx_hal_tim.o
 .debug_ranges  0x0000000000001130       0x18 ./Drivers/STM32L0xx_HAL_Driver/Src/stm32l0xx_hal_tim_ex.o
 .debug_ranges  0x0000000000001148      0x248 ./Drivers/STM32L0xx_HAL_Driver/Src/stm32l0xx_hal_uart.o

.debug_macro    0x0000000000000000    0x17acf
 .debug_macro   0x0000000000000000      0x159 ./Core/Src/aes.o
 .debug_macro   0x0000000000000159      0xa8a ./Core/Src/aes.o
 .debug_macro   0x0000000000000be3       0x22 ./Core/Src/aes.o
 .debug_macro   0x0000000000000c05       0x4c ./Core/Src/aes.o
 .debug_macro   0x0000000000000c51       0x18 ./Core/Src/aes.o
 .debug_macro   0x0000000000000c69       0x94 ./Core/Src/aes.o
 .debug_macro   0x0000000000000cfd       0x3c ./Core/Src/aes.o
 .debug_macro   0x0000000000000d39       0x34 ./Core/Src/aes.o
 .debug_macro   0x0000000000000d6d      0x174 ./Core/Src/aes.o
 .debug_macro   0x0000000000000ee1       0x16 ./Core/Src/aes.o
 .debug_macro   0x0000000000000ef7       0x43 ./Core/Src/aes.o
 .debug_macro   0x0000000000000f3a       0x57 ./Core/Src/aes.o
 .debug_macro   0x0000000000000f91       0x34 ./Core/Src/aes.o
 .debug_macro   0x0000000000000fc5       0x10 ./Core/Src/aes.o
 .debug_macro   0x0000000000000fd5       0x58 ./Core/Src/aes.o
 .debug_macro   0x000000000000102d       0x71 ./Core/Src/aes.o
 .debug_macro   0x000000000000109e       0x1c ./Core/Src/aes.o
 .debug_macro   0x00000000000010ba      0x12a ./Core/Src/aes.o
 .debug_macro   0x00000000000011e4      0x339 ./Core/Src/aes.o
 .debug_macro   0x000000000000151d       0x10 ./Core/Src/aes.o
 .debug_macro   0x000000000000152d       0x35 ./Core/Src/aes.o
 .debug_macro   0x0000000000001562       0x20 ./Core/Src/aes.o
 .debug_macro   0x0000000000001582       0xea ./Core/Src/aes.o
 .debug_macro   0x000000000000166c      0x3c9 ./Core/Src/debug.o
 .debug_macro   0x0000000000001a35      0x138 ./Core/Src/debug.o
 .debug_macro   0x0000000000001b6d       0x2e ./Core/Src/debug.o
 .debug_macro   0x0000000000001b9b       0x28 ./Core/Src/debug.o
 .debug_macro   0x0000000000001bc3       0x8e ./Core/Src/debug.o
 .debug_macro   0x0000000000001c51       0x51 ./Core/Src/debug.o
 .debug_macro   0x0000000000001ca2      0x103 ./Core/Src/debug.o
 .debug_macro   0x0000000000001da5       0x6a ./Core/Src/debug.o
 .debug_macro   0x0000000000001e0f      0x1df ./Core/Src/debug.o
 .debug_macro   0x0000000000001fee       0x1c ./Core/Src/debug.o
 .debug_macro   0x000000000000200a       0x22 ./Core/Src/debug.o
 .debug_macro   0x000000000000202c       0xb5 ./Core/Src/debug.o
 .debug_macro   0x00000000000020e1      0x4da ./Core/Src/debug.o
 .debug_macro   0x00000000000025bb      0x11f ./Core/Src/debug.o
 .debug_macro   0x00000000000026da     0xa44c ./Core/Src/debug.o
 .debug_macro   0x000000000000cb26       0x66 ./Core/Src/debug.o
 .debug_macro   0x000000000000cb8c     0x355c ./Core/Src/debug.o
 .debug_macro   0x00000000000100e8       0x5b ./Core/Src/debug.o
 .debug_macro   0x0000000000010143      0x8eb ./Core/Src/debug.o
 .debug_macro   0x0000000000010a2e      0xbb4 ./Core/Src/debug.o
 .debug_macro   0x00000000000115e2      0x197 ./Core/Src/debug.o
 .debug_macro   0x0000000000011779      0x13f ./Core/Src/debug.o
 .debug_macro   0x00000000000118b8      0x1d1 ./Core/Src/debug.o
 .debug_macro   0x0000000000011a89       0x82 ./Core/Src/debug.o
 .debug_macro   0x0000000000011b0b      0x28e ./Core/Src/debug.o
 .debug_macro   0x0000000000011d99      0x1e9 ./Core/Src/debug.o
 .debug_macro   0x0000000000011f82      0x4ef ./Core/Src/debug.o
 .debug_macro   0x0000000000012471       0x6b ./Core/Src/debug.o
 .debug_macro   0x00000000000124dc      0x13e ./Core/Src/debug.o
 .debug_macro   0x000000000001261a      0x4b5 ./Core/Src/debug.o
 .debug_macro   0x0000000000012acf      0x22c ./Core/Src/debug.o
 .debug_macro   0x0000000000012cfb       0x5b ./Core/Src/debug.o
 .debug_macro   0x0000000000012d56       0xa5 ./Core/Src/debug.o
 .debug_macro   0x0000000000012dfb      0x18d ./Core/Src/debug.o
 .debug_macro   0x0000000000012f88       0x16 ./Core/Src/debug.o
 .debug_macro   0x0000000000012f9e      0x22c ./Core/Src/debug.o
 .debug_macro   0x00000000000131ca      0x773 ./Core/Src/debug.o
 .debug_macro   0x000000000001393d       0xfc ./Core/Src/debug.o
 .debug_macro   0x0000000000013a39      0x5ba ./Core/Src/debug.o
 .debug_macro   0x0000000000013ff3       0x44 ./Core/Src/debug.o
 .debug_macro   0x0000000000014037      0x1a2 ./Core/Src/debug.o
 .debug_macro   0x00000000000141d9       0x8e ./Core/Src/debug.o
 .debug_macro   0x0000000000014267       0x52 ./Core/Src/debug.o
 .debug_macro   0x00000000000142b9      0x333 ./Core/Src/debug.o
 .debug_macro   0x00000000000145ec       0x11 ./Core/Src/debug.o
 .debug_macro   0x00000000000145fd       0x1d ./Core/Src/debug.o
 .debug_macro   0x000000000001461a       0x1c ./Core/Src/debug.o
 .debug_macro   0x0000000000014636       0x10 ./Core/Src/debug.o
 .debug_macro   0x0000000000014646       0x10 ./Core/Src/debug.o
 .debug_macro   0x0000000000014656       0x1c ./Core/Src/debug.o
 .debug_macro   0x0000000000014672       0x52 ./Core/Src/debug.o
 .debug_macro   0x00000000000146c4       0x22 ./Core/Src/debug.o
 .debug_macro   0x00000000000146e6       0x10 ./Core/Src/debug.o
 .debug_macro   0x00000000000146f6       0x40 ./Core/Src/debug.o
 .debug_macro   0x0000000000014736       0xd5 ./Core/Src/debug.o
 .debug_macro   0x000000000001480b       0x1c ./Core/Src/debug.o
 .debug_macro   0x0000000000014827       0x3d ./Core/Src/debug.o
 .debug_macro   0x0000000000014864       0x16 ./Core/Src/debug.o
 .debug_macro   0x000000000001487a      0x145 ./Core/Src/debug.o
 .debug_macro   0x00000000000149bf      0x304 ./Core/Src/hal.o
 .debug_macro   0x0000000000014cc3       0xaf ./Core/Src/hal.o
 .debug_macro   0x0000000000014d72       0x55 ./Core/Src/hal.o
 .debug_macro   0x0000000000014dc7      0x205 ./Core/Src/i2c_hal.o
 .debug_macro   0x0000000000014fcc       0x28 ./Core/Src/i2c_hal.o
 .debug_macro   0x0000000000014ff4      0x1c8 ./Core/Src/lmic.o
 .debug_macro   0x00000000000151bc      0x3d7 ./Core/Src/main.o
 .debug_macro   0x0000000000015593      0x13a ./Core/Src/oslmic.o
 .debug_macro   0x00000000000156cd      0x5db ./Core/Src/radio.o
 .debug_macro   0x0000000000015ca8      0x212 ./Core/Src/sdp800.o
 .debug_macro   0x0000000000015eba       0x22 ./Core/Src/sdp800.o
 .debug_macro   0x0000000000015edc       0x2e ./Core/Src/sdp800.o
 .debug_macro   0x0000000000015f0a      0x1fb ./Core/Src/stm32l0xx_hal_msp.o
 .debug_macro   0x0000000000016105      0x205 ./Core/Src/stm32l0xx_it.o
 .debug_macro   0x000000000001630a      0x1f6 ./Core/Src/system.o
 .debug_macro   0x0000000000016500      0x1ec ./Core/Src/system_stm32l0xx.o
 .debug_macro   0x00000000000166ec      0x210 ./Drivers/STM32L0xx_HAL_Driver/Src/stm32l0xx_hal.o
 .debug_macro   0x00000000000168fc      0x1fb ./Drivers/STM32L0xx_HAL_Driver/Src/stm32l0xx_hal_adc.o
 .debug_macro   0x0000000000016af7      0x1ec ./Drivers/STM32L0xx_HAL_Driver/Src/stm32l0xx_hal_cortex.o
 .debug_macro   0x0000000000016ce3      0x1f3 ./Drivers/STM32L0xx_HAL_Driver/Src/stm32l0xx_hal_gpio.o
 .debug_macro   0x0000000000016ed6      0x222 ./Drivers/STM32L0xx_HAL_Driver/Src/stm32l0xx_hal_rcc.o
 .debug_macro   0x00000000000170f8      0x1ec ./Drivers/STM32L0xx_HAL_Driver/Src/stm32l0xx_hal_rcc_ex.o
 .debug_macro   0x00000000000172e4      0x1fb ./Drivers/STM32L0xx_HAL_Driver/Src/stm32l0xx_hal_spi.o
 .debug_macro   0x00000000000174df      0x1ed ./Drivers/STM32L0xx_HAL_Driver/Src/stm32l0xx_hal_tim.o
 .debug_macro   0x00000000000176cc      0x1ec ./Drivers/STM32L0xx_HAL_Driver/Src/stm32l0xx_hal_tim_ex.o
 .debug_macro   0x00000000000178b8      0x217 ./Drivers/STM32L0xx_HAL_Driver/Src/stm32l0xx_hal_uart.o

.debug_line     0x0000000000000000    0x1886d
 .debug_line    0x0000000000000000      0x7cc ./Core/Src/aes.o
 .debug_line    0x00000000000007cc      0xc00 ./Core/Src/debug.o
 .debug_line    0x00000000000013cc      0xb6b ./Core/Src/hal.o
 .debug_line    0x0000000000001f37      0x86e ./Core/Src/i2c_hal.o
 .debug_line    0x00000000000027a5     0x2429 ./Core/Src/lmic.o
 .debug_line    0x0000000000004bce      0xd51 ./Core/Src/main.o
 .debug_line    0x000000000000591f      0x683 ./Core/Src/oslmic.o
 .debug_line    0x0000000000005fa2      0xa74 ./Core/Src/radio.o
 .debug_line    0x0000000000006a16      0x946 ./Core/Src/sdp800.o
 .debug_line    0x000000000000735c      0x873 ./Core/Src/stm32l0xx_hal_msp.o
 .debug_line    0x0000000000007bcf      0x7f2 ./Core/Src/stm32l0xx_it.o
 .debug_line    0x00000000000083c1      0x73a ./Core/Src/system.o
 .debug_line    0x0000000000008afb      0x7f5 ./Core/Src/system_stm32l0xx.o
 .debug_line    0x00000000000092f0       0x89 ./Core/Startup/startup_stm32l073rztx.o
 .debug_line    0x0000000000009379      0xae3 ./Drivers/STM32L0xx_HAL_Driver/Src/stm32l0xx_hal.o
 .debug_line    0x0000000000009e5c     0x158d ./Drivers/STM32L0xx_HAL_Driver/Src/stm32l0xx_hal_adc.o
 .debug_line    0x000000000000b3e9      0xca4 ./Drivers/STM32L0xx_HAL_Driver/Src/stm32l0xx_hal_cortex.o
 .debug_line    0x000000000000c08d      0xdc0 ./Drivers/STM32L0xx_HAL_Driver/Src/stm32l0xx_hal_gpio.o
 .debug_line    0x000000000000ce4d     0x119d ./Drivers/STM32L0xx_HAL_Driver/Src/stm32l0xx_hal_rcc.o
 .debug_line    0x000000000000dfea      0xfaa ./Drivers/STM32L0xx_HAL_Driver/Src/stm32l0xx_hal_rcc_ex.o
 .debug_line    0x000000000000ef94     0x1ea1 ./Drivers/STM32L0xx_HAL_Driver/Src/stm32l0xx_hal_spi.o
 .debug_line    0x0000000000010e35     0x41d2 ./Drivers/STM32L0xx_HAL_Driver/Src/stm32l0xx_hal_tim.o
 .debug_line    0x0000000000015007      0x88c ./Drivers/STM32L0xx_HAL_Driver/Src/stm32l0xx_hal_tim_ex.o
 .debug_line    0x0000000000015893     0x2fda ./Drivers/STM32L0xx_HAL_Driver/Src/stm32l0xx_hal_uart.o

.debug_str      0x0000000000000000    0x8e582
 .debug_str     0x0000000000000000     0x6db6 ./Core/Src/aes.o
                                       0x6f46 (size before relaxing)
 .debug_str     0x0000000000006db6    0x811c6 ./Core/Src/debug.o
                                      0x8818e (size before relaxing)
 .debug_str     0x0000000000087f7c      0x324 ./Core/Src/hal.o
                                      0x87408 (size before relaxing)
 .debug_str     0x00000000000882a0      0x18f ./Core/Src/i2c_hal.o
                                      0x82bc2 (size before relaxing)
 .debug_str     0x000000000008842f     0x13a9 ./Core/Src/lmic.o
                                       0x879f (size before relaxing)
 .debug_str     0x00000000000897d8      0x8e0 ./Core/Src/main.o
                                      0x88cf7 (size before relaxing)
 .debug_str     0x000000000008a0b8       0x92 ./Core/Src/oslmic.o
                                       0x72f0 (size before relaxing)
 .debug_str     0x000000000008a14a     0x1237 ./Core/Src/radio.o
                                       0x8541 (size before relaxing)
 .debug_str     0x000000000008b381      0x29a ./Core/Src/sdp800.o
                                      0x82e8d (size before relaxing)
 .debug_str     0x000000000008b61b       0xd5 ./Core/Src/stm32l0xx_hal_msp.o
                                      0x839e2 (size before relaxing)
 .debug_str     0x000000000008b6f0       0xae ./Core/Src/stm32l0xx_it.o
                                      0x834e4 (size before relaxing)
 .debug_str     0x000000000008b79e       0x2f ./Core/Src/system.o
                                      0x82a19 (size before relaxing)
 .debug_str     0x000000000008b7cd       0x61 ./Core/Src/system_stm32l0xx.o
                                      0x82ad9 (size before relaxing)
 .debug_str     0x000000000008b82e       0x36 ./Core/Startup/startup_stm32l073rztx.o
                                         0xd3 (size before relaxing)
 .debug_str     0x000000000008b864      0x40b ./Drivers/STM32L0xx_HAL_Driver/Src/stm32l0xx_hal.o
                                      0x83191 (size before relaxing)
 .debug_str     0x000000000008bc6f      0x33e ./Drivers/STM32L0xx_HAL_Driver/Src/stm32l0xx_hal_adc.o
                                      0x831c4 (size before relaxing)
 .debug_str     0x000000000008bfad      0x2bb ./Drivers/STM32L0xx_HAL_Driver/Src/stm32l0xx_hal_cortex.o
                                      0x82faa (size before relaxing)
 .debug_str     0x000000000008c268      0x120 ./Drivers/STM32L0xx_HAL_Driver/Src/stm32l0xx_hal_gpio.o
                                      0x82cc3 (size before relaxing)
 .debug_str     0x000000000008c388      0x2dd ./Drivers/STM32L0xx_HAL_Driver/Src/stm32l0xx_hal_rcc.o
                                      0x82ff4 (size before relaxing)
 .debug_str     0x000000000008c665      0x352 ./Drivers/STM32L0xx_HAL_Driver/Src/stm32l0xx_hal_rcc_ex.o
                                      0x82fba (size before relaxing)
 .debug_str     0x000000000008c9b7      0x56e ./Drivers/STM32L0xx_HAL_Driver/Src/stm32l0xx_hal_spi.o
                                      0x833c2 (size before relaxing)
 .debug_str     0x000000000008cf25      0xd3b ./Drivers/STM32L0xx_HAL_Driver/Src/stm32l0xx_hal_tim.o
                                      0x83dc9 (size before relaxing)
 .debug_str     0x000000000008dc60       0x7d ./Drivers/STM32L0xx_HAL_Driver/Src/stm32l0xx_hal_tim_ex.o
                                      0x82fa0 (size before relaxing)
 .debug_str     0x000000000008dcdd      0x8a5 ./Drivers/STM32L0xx_HAL_Driver/Src/stm32l0xx_hal_uart.o
                                      0x83800 (size before relaxing)

.comment        0x0000000000000000       0x53
 .comment       0x0000000000000000       0x53 ./Core/Src/aes.o
                                         0x54 (size before relaxing)
 .comment       0x0000000000000053       0x54 ./Core/Src/debug.o
 .comment       0x0000000000000053       0x54 ./Core/Src/hal.o
 .comment       0x0000000000000053       0x54 ./Core/Src/i2c_hal.o
 .comment       0x0000000000000053       0x54 ./Core/Src/lmic.o
 .comment       0x0000000000000053       0x54 ./Core/Src/main.o
 .comment       0x0000000000000053       0x54 ./Core/Src/oslmic.o
 .comment       0x0000000000000053       0x54 ./Core/Src/radio.o
 .comment       0x0000000000000053       0x54 ./Core/Src/sdp800.o
 .comment       0x0000000000000053       0x54 ./Core/Src/stm32l0xx_hal_msp.o
 .comment       0x0000000000000053       0x54 ./Core/Src/stm32l0xx_it.o
 .comment       0x0000000000000053       0x54 ./Core/Src/system.o
 .comment       0x0000000000000053       0x54 ./Core/Src/system_stm32l0xx.o
 .comment       0x0000000000000053       0x54 ./Drivers/STM32L0xx_HAL_Driver/Src/stm32l0xx_hal.o
 .comment       0x0000000000000053       0x54 ./Drivers/STM32L0xx_HAL_Driver/Src/stm32l0xx_hal_adc.o
 .comment       0x0000000000000053       0x54 ./Drivers/STM32L0xx_HAL_Driver/Src/stm32l0xx_hal_cortex.o
 .comment       0x0000000000000053       0x54 ./Drivers/STM32L0xx_HAL_Driver/Src/stm32l0xx_hal_gpio.o
 .comment       0x0000000000000053       0x54 ./Drivers/STM32L0xx_HAL_Driver/Src/stm32l0xx_hal_rcc.o
 .comment       0x0000000000000053       0x54 ./Drivers/STM32L0xx_HAL_Driver/Src/stm32l0xx_hal_rcc_ex.o
 .comment       0x0000000000000053       0x54 ./Drivers/STM32L0xx_HAL_Driver/Src/stm32l0xx_hal_spi.o
 .comment       0x0000000000000053       0x54 ./Drivers/STM32L0xx_HAL_Driver/Src/stm32l0xx_hal_tim.o
 .comment       0x0000000000000053       0x54 ./Drivers/STM32L0xx_HAL_Driver/Src/stm32l0xx_hal_tim_ex.o
 .comment       0x0000000000000053       0x54 ./Drivers/STM32L0xx_HAL_Driver/Src/stm32l0xx_hal_uart.o

.debug_frame    0x0000000000000000     0x4c04
 .debug_frame   0x0000000000000000       0x50 ./Core/Src/aes.o
 .debug_frame   0x0000000000000050      0x1ac ./Core/Src/debug.o
 .debug_frame   0x00000000000001fc      0x234 ./Core/Src/hal.o
 .debug_frame   0x0000000000000430       0xa4 ./Core/Src/i2c_hal.o