lorabase.h:359:14:getSf	16	static
lorabase.h:360:14:setSf	16	static
lorabase.h:361:14:getBw	16	static
lorabase.h:362:14:setBw	16	static
lorabase.h:363:14:getCr	16	static
lorabase.h:364:14:setCr	16	static
lorabase.h:365:14:getNocrc	16	static
lorabase.h:366:14:setNocrc	16	static
lorabase.h:367:14:getIh	16	static
lorabase.h:368:14:setIh	16	static
lorabase.h:369:14:makeRps	24	static
lorabase.h:374:12:sameSfBw	16	static
lorabase.h:377:14:updr2rps	16	static
lorabase.h:378:14:dndr2rps	16	static
lorabase.h:379:12:isFasterDR	16	static
lorabase.h:380:12:isSlowerDR	16	static
lorabase.h:381:14:incDR	16	static
lorabase.h:382:14:decDR	16	static
lorabase.h:383:14:assertDR	16	static
lorabase.h:384:14:validDR	16	static
lorabase.h:385:14:lowerDR	24	static
lmic.c:76:6:os_rlsbf2	16	static
lmic.c:82:6:os_rlsbf4	16	static
lmic.c:89:6:os_rmsbf4	16	static
lmic.c:96:6:os_wlsbf2	16	static
lmic.c:103:6:os_wlsbf4	16	static
lmic.c:112:6:os_wmsbf4	16	static
lmic.c:121:6:os_getBattLevel	8	static
lmic.c:128:6:os_crc16	32	static
lmic.c:152:13:micB0	24	static
lmic.c:162:12:aes_verifyMic	32	static
lmic.c:169:13:aes_appendMic	32	static
lmic.c:177:13:aes_appendMic0	24	static
lmic.c:183:12:aes_verifyMic0	24	static
lmic.c:189:13:aes_encrypt	16	static
lmic.c:195:13:aes_cipher	24	static
lmic.c:208:13:aes_sessKeys	32	static
lmic.c:292:5:getSensitivity	24	static
lmic.c:296:10:calcAirTime	40	static
lmic.c:406:17:calcRxWindow	40	static
lmic.c:426:13:calcBcnRxWindowFromMillis	32	static
lmic.c:440:13:rxschedInit	32	static
lmic.c:457:14:rxschedNext	32	static
lmic.c:475:17:rndDelay	32	static
lmic.c:486:13:txDelay	16	static
lmic.c:495:13:setDrJoin	16	static
lmic.c:507:13:setDrTxpow	24	static
lmic.c:525:6:LMIC_stopPingable	8	static
lmic.c:530:6:LMIC_setPingable	16	static
lmic.c:557:13:initDefaultChannels	32	static
lmic.c:588:7:LMIC_setupBand	32	static
lmic.c:599:7:LMIC_setupChannel	24	static
lmic.c:620:6:LMIC_disableChannel	16	static
lmic.c:626:13:convFreq	24	static
lmic.c:633:13:mapChannels	24	static
lmic.c:646:13:updateTx	32	static
lmic.c:659:17:nextTx	40	static
lmic.c:688:13:setBcnRxParams	8	static
lmic.c:696:13:initJoinLoop	16	static
lmic.c:710:17:nextJoinState	16	static
lmic.c:905:13:runEngineUpdate	16	static
lmic.c:910:13:reportEvent	16	static
lmic.c:919:13:runReset	16	static
lmic.c:926:13:stateJustJoined	8	static
lmic.c:947:12:decodeBeacon	24	static
lmic.c:983:14:decodeFrame	120	static
lmic.c:1275:13:setupRx2	8	static
lmic.c:1284:13:schedRx2	16	static
lmic.c:1290:13:setupRx1	16	static
lmic.c:1301:13:txDone	16	static
lmic.c:1329:13:onJoinFailed	16	static
lmic.c:1336:14:processJoinAccept	40	static
lmic.c:1439:13:processRx2Jacc	16	static
lmic.c:1446:13:setupRx2Jacc	16	static
lmic.c:1452:13:processRx1Jacc	16	static
lmic.c:1458:13:setupRx1Jacc	16	static
lmic.c:1463:13:jreqDone	16	static
lmic.c:1472:13:processRx2DnDataDelay	16	static
lmic.c:1476:13:processRx2DnData	24	static
lmic.c:1490:13:setupRx2DnData	16	static
lmic.c:1496:13:processRx1DnData	16	static
lmic.c:1502:13:setupRx1DnData	16	static
lmic.c:1507:13:updataDone	16	static
lmic.c:1514:13:buildDataFrame	40	static
lmic.c:1632:13:onBcnRx	16	static
lmic.c:1664:13:startScan	8	static
lmic.c:1678:7:LMIC_enableTracking	16	static
lmic.c:1689:6:LMIC_disableTracking	8	static
lmic.c:1727:13:buildJoinRequest	24	static
lmic.c:1750:13:startJoining	16	static
lmic.c:1755:7:LMIC_startJoining	8	static
lmic.c:1781:13:processPingRx	16	static
lmic.c:1794:14:processDnData	8	static
lmic.c:1858:13:processBeacon	40	static
lmic.c:1919:13:startRxBcn	16	static
lmic.c:1925:13:startRxPing	16	static
lmic.c:1932:13:engineUpdate	40	static
lmic.c:2078:6:LMIC_setAdrMode	16	static
lmic.c:2084:6:LMIC_setDrTxpow	16	static
lmic.c:2089:6:LMIC_shutdown	8	static
lmic.c:2096:6:LMIC_reset	16	static
lmic.c:2128:6:LMIC_init	8	static
lmic.c:2133:6:LMIC_clrTxData	8	static
lmic.c:2144:6:LMIC_setTxData	8	static
lmic.c:2153:5:LMIC_setTxData2	24	static
lmic.c:2167:6:LMIC_sendAlive	8	static
lmic.c:2174:6:LMIC_tryRejoin	8	static
lmic.c:2193:6:LMIC_setSession	24	static
lmic.c:2224:6:LMIC_setLinkCheckMode	16	static
