main.c:91:6:os_getArtEui	16	static
main.c:96:6:os_getDevEui	16	static
main.c:101:6:os_getDevKey	16	static
main.c:105:6:initsensor	8	static
main.c:117:6:initfunc	16	static
main.c:127:5:readsensor	8	static
main.c:135:13:reportfunc	24	static
main.c:167:6:onEvent	16	static
main.c:239:5:main	24	static
main.c:337:6:SystemClock_Config	136	static
main.c:386:13:MX_ADC_Init	16	static
main.c:440:13:MX_SPI1_Init	8	static
main.c:478:13:MX_TIM21_Init	48	static
main.c:536:13:MX_USART2_UART_Init	8	static
main.c:571:13:MX_GPIO_Init	48	static
main.c:637:6:Error_Handler	8	static
main.c:653:6:assert_failed	16	static
