main.c:73:6:os_getArtEui	16	static
main.c:78:6:os_getDevEui	16	static
main.c:83:6:os_getDevKey	16	static
main.c:87:6:initsensor	8	static
main.c:91:6:initfunc	16	static
main.c:101:6:readsensor	16	static
main.c:109:13:reportfunc	32	static
main.c:126:6:onEvent	16	static
main.c:199:5:main	24	static
main.c:263:6:SystemClock_Config	136	static
main.c:313:13:MX_I2C1_Init	8	static
main.c:359:13:MX_SPI1_Init	8	static
main.c:397:13:MX_TIM21_Init	48	static
main.c:455:13:MX_USART2_UART_Init	8	static
main.c:490:13:MX_GPIO_Init	48	static
main.c:542:6:Error_Handler	8	static,ignoring_inline_asm
main.c:561:6:assert_failed	16	static
