radio.c:279:13:writeReg	16	static
radio.c:286:13:readReg	32	static
radio.c:294:13:writeBuf	32	static
radio.c:303:13:readBuf	32	static
radio.c:312:13:opmode	16	static
radio.c:316:13:opmodeLora	16	static
radio.c:324:13:opmodeFSK	16	static
radio.c:333:13:configLoraModem	24	static
radio.c:412:13:configChannel	40	static
radio.c:422:13:configPower	16	static
radio.c:449:13:txfsk	8	static
radio.c:492:13:txlora	8	static
radio.c:533:13:starttx	8	static
radio.c:553:13:rxlora	16	static
radio.c:606:13:rxfsk	16	static
radio.c:657:13:startrx	16	static
radio.c:669:6:radio_init	32	static
radio.c:731:6:radio_rand1	16	static
radio.c:743:6:radio_rssi	24	static
radio.c:762:6:radio_irq_handler	32	static
radio.c:833:6:os_radio	16	static
