stm32l0xx_hal_msp.c:64:6:HAL_MspInit	8	static
stm32l0xx_hal_msp.c:86:6:HAL_ADC_MspInit	48	static
stm32l0xx_hal_msp.c:119:6:HAL_ADC_MspDeInit	16	static
stm32l0xx_hal_msp.c:147:6:HAL_I2C_MspInit	48	static
stm32l0xx_hal_msp.c:183:6:HAL_I2C_MspDeInit	16	static
stm32l0xx_hal_msp.c:214:6:HAL_SPI_MspInit	56	static
stm32l0xx_hal_msp.c:259:6:HAL_SPI_MspDeInit	16	static
stm32l0xx_hal_msp.c:291:6:HAL_TIM_Base_MspInit	16	static
stm32l0xx_hal_msp.c:316:6:HAL_TIM_Base_MspDeInit	16	static
stm32l0xx_hal_msp.c:341:6:HAL_UART_MspInit	48	static
stm32l0xx_hal_msp.c:377:6:HAL_UART_MspDeInit	16	static
